Archive member included to satisfy reference by file (symbol)

/home/osboxes/.local/xPacks/@xpack-dev-tools/arm-none-eabi-gcc/10.2.1-1.1.2/.content/bin/../lib/gcc/arm-none-eabi/10.2.1/thumb/v7e-m+fp/softfp/libgcc.a(_arm_muldf3.o)
                              ./src/main.o (__aeabi_dmul)
/home/osboxes/.local/xPacks/@xpack-dev-tools/arm-none-eabi-gcc/10.2.1-1.1.2/.content/bin/../lib/gcc/arm-none-eabi/10.2.1/thumb/v7e-m+fp/softfp/libgcc.a(_arm_addsubdf3.o)
                              ./src/main.o (__aeabi_i2d)
/home/osboxes/.local/xPacks/@xpack-dev-tools/arm-none-eabi-gcc/10.2.1-1.1.2/.content/bin/../lib/gcc/arm-none-eabi/10.2.1/thumb/v7e-m+fp/softfp/libgcc.a(_arm_muldivdf3.o)
                              ./src/main.o (__aeabi_ddiv)
/home/osboxes/.local/xPacks/@xpack-dev-tools/arm-none-eabi-gcc/10.2.1-1.1.2/.content/bin/../lib/gcc/arm-none-eabi/10.2.1/thumb/v7e-m+fp/softfp/libgcc.a(_arm_cmpdf2.o)
                              ./src/main.o (__aeabi_dcmple)
/home/osboxes/.local/xPacks/@xpack-dev-tools/arm-none-eabi-gcc/10.2.1-1.1.2/.content/bin/../lib/gcc/arm-none-eabi/10.2.1/thumb/v7e-m+fp/softfp/libgcc.a(_arm_fixunsdfsi.o)
                              ./src/main.o (__aeabi_d2uiz)
/home/osboxes/.local/xPacks/@xpack-dev-tools/arm-none-eabi-gcc/10.2.1-1.1.2/.content/bin/../lib/gcc/arm-none-eabi/10.2.1/thumb/v7e-m+fp/softfp/libgcc.a(_aeabi_uldivmod.o)
                              ./system/src/stm32f4-hal/stm32f4xx_hal_rcc.o (__aeabi_uldivmod)
/home/osboxes/.local/xPacks/@xpack-dev-tools/arm-none-eabi-gcc/10.2.1-1.1.2/.content/bin/../lib/gcc/arm-none-eabi/10.2.1/thumb/v7e-m+fp/softfp/libgcc.a(_udivmoddi4.o)
                              /home/osboxes/.local/xPacks/@xpack-dev-tools/arm-none-eabi-gcc/10.2.1-1.1.2/.content/bin/../lib/gcc/arm-none-eabi/10.2.1/thumb/v7e-m+fp/softfp/libgcc.a(_aeabi_uldivmod.o) (__udivmoddi4)
/home/osboxes/.local/xPacks/@xpack-dev-tools/arm-none-eabi-gcc/10.2.1-1.1.2/.content/bin/../lib/gcc/arm-none-eabi/10.2.1/thumb/v7e-m+fp/softfp/libgcc.a(_dvmd_tls.o)
                              /home/osboxes/.local/xPacks/@xpack-dev-tools/arm-none-eabi-gcc/10.2.1-1.1.2/.content/bin/../lib/gcc/arm-none-eabi/10.2.1/thumb/v7e-m+fp/softfp/libgcc.a(_aeabi_uldivmod.o) (__aeabi_ldiv0)
/home/osboxes/.local/xPacks/@xpack-dev-tools/arm-none-eabi-gcc/10.2.1-1.1.2/.content/bin/../lib/gcc/arm-none-eabi/10.2.1/../../../../arm-none-eabi/lib/thumb/v7e-m+fp/softfp/libg_nano.a(lib_a-ctype_.o)
                              ./system/src/newlib/syscalls.o (_ctype_)
/home/osboxes/.local/xPacks/@xpack-dev-tools/arm-none-eabi-gcc/10.2.1-1.1.2/.content/bin/../lib/gcc/arm-none-eabi/10.2.1/../../../../arm-none-eabi/lib/thumb/v7e-m+fp/softfp/libg_nano.a(lib_a-errno.o)
                              ./system/src/newlib/sbrk.o (__errno)
/home/osboxes/.local/xPacks/@xpack-dev-tools/arm-none-eabi-gcc/10.2.1-1.1.2/.content/bin/../lib/gcc/arm-none-eabi/10.2.1/../../../../arm-none-eabi/lib/thumb/v7e-m+fp/softfp/libg_nano.a(lib_a-findfp.o)
                              ./system/src/newlib/syscalls.o (__sinit)
/home/osboxes/.local/xPacks/@xpack-dev-tools/arm-none-eabi-gcc/10.2.1-1.1.2/.content/bin/../lib/gcc/arm-none-eabi/10.2.1/../../../../arm-none-eabi/lib/thumb/v7e-m+fp/softfp/libg_nano.a(lib_a-fwalk.o)
                              /home/osboxes/.local/xPacks/@xpack-dev-tools/arm-none-eabi-gcc/10.2.1-1.1.2/.content/bin/../lib/gcc/arm-none-eabi/10.2.1/../../../../arm-none-eabi/lib/thumb/v7e-m+fp/softfp/libg_nano.a(lib_a-findfp.o) (_fwalk)
/home/osboxes/.local/xPacks/@xpack-dev-tools/arm-none-eabi-gcc/10.2.1-1.1.2/.content/bin/../lib/gcc/arm-none-eabi/10.2.1/../../../../arm-none-eabi/lib/thumb/v7e-m+fp/softfp/libg_nano.a(lib_a-impure.o)
                              /home/osboxes/.local/xPacks/@xpack-dev-tools/arm-none-eabi-gcc/10.2.1-1.1.2/.content/bin/../lib/gcc/arm-none-eabi/10.2.1/../../../../arm-none-eabi/lib/thumb/v7e-m+fp/softfp/libg_nano.a(lib_a-findfp.o) (_global_impure_ptr)
/home/osboxes/.local/xPacks/@xpack-dev-tools/arm-none-eabi-gcc/10.2.1-1.1.2/.content/bin/../lib/gcc/arm-none-eabi/10.2.1/../../../../arm-none-eabi/lib/thumb/v7e-m+fp/softfp/libg_nano.a(lib_a-lock.o)
                              /home/osboxes/.local/xPacks/@xpack-dev-tools/arm-none-eabi-gcc/10.2.1-1.1.2/.content/bin/../lib/gcc/arm-none-eabi/10.2.1/../../../../arm-none-eabi/lib/thumb/v7e-m+fp/softfp/libg_nano.a(lib_a-findfp.o) (__retarget_lock_init_recursive)
/home/osboxes/.local/xPacks/@xpack-dev-tools/arm-none-eabi-gcc/10.2.1-1.1.2/.content/bin/../lib/gcc/arm-none-eabi/10.2.1/../../../../arm-none-eabi/lib/thumb/v7e-m+fp/softfp/libg_nano.a(lib_a-memcpy-stub.o)
                              ./src/main.o (memcpy)
/home/osboxes/.local/xPacks/@xpack-dev-tools/arm-none-eabi-gcc/10.2.1-1.1.2/.content/bin/../lib/gcc/arm-none-eabi/10.2.1/../../../../arm-none-eabi/lib/thumb/v7e-m+fp/softfp/libg_nano.a(lib_a-memset.o)
                              ./system/src/newlib/syscalls.o (memset)
[...]
Memory Configuration

Name             Origin             Length             Attributes
RAM              0x0000000020000000 0x0000000000020000 xrw
CCMRAM           0x0000000010000000 0x0000000000010000 xrw
FLASH            0x0000000008000000 0x0000000000100000 xr
FLASHB1          0x0000000000000000 0x0000000000000000 xr
EXTMEMB0         0x0000000000000000 0x0000000000000000 xr
EXTMEMB1         0x0000000000000000 0x0000000000000000 xr
EXTMEMB2         0x0000000000000000 0x0000000000000000 xr
EXTMEMB3         0x0000000000000000 0x0000000000000000 xr
MEMORY_ARRAY     0x0000000020002000 0x0000000000000020 xrw
*default*        0x0000000000000000 0xffffffffffffffff

Linker script and memory map

LOAD ./system/src/stm32f4-hal/stm32f4xx_hal.o
LOAD ./system/src/stm32f4-hal/stm32f4xx_hal_cortex.o
LOAD ./system/src/stm32f4-hal/stm32f4xx_hal_flash.o
LOAD ./system/src/stm32f4-hal/stm32f4xx_hal_flash_ex.o
LOAD ./system/src/stm32f4-hal/stm32f4xx_hal_flash_ramfunc.o
LOAD ./system/src/stm32f4-hal/stm32f4xx_hal_gpio.o
LOAD ./system/src/stm32f4-hal/stm32f4xx_hal_iwdg.o
LOAD ./system/src/stm32f4-hal/stm32f4xx_hal_pwr.o
LOAD ./system/src/stm32f4-hal/stm32f4xx_hal_rcc.o
LOAD ./system/src/newlib/assert.o
LOAD ./system/src/newlib/cxx.o
LOAD ./system/src/newlib/exit.o
LOAD ./system/src/newlib/sbrk.o
LOAD ./system/src/newlib/startup.o
LOAD ./system/src/newlib/syscalls.o
LOAD ./system/src/diag/trace-impl.o
LOAD ./system/src/diag/trace.o
LOAD ./system/src/cortexm/exception-handlers.o
LOAD ./system/src/cortexm/initialize-hardware.o
LOAD ./system/src/cortexm/reset-hardware.o
LOAD ./system/src/cmsis/system_stm32f4xx.o
LOAD ./system/src/cmsis/vectors_stm32f407xx.o
LOAD ./src/initialize-hardware.o
LOAD ./src/led.o
LOAD ./src/main.o
LOAD ./src/stm32f4xx_hal_msp.o
LOAD ./src/write.o
LOAD ./FreeRTOS Source/portable/MemMang/heap_4.o
LOAD ./FreeRTOS Source/portable/GCC/ARM_CM4F/port.o
LOAD ./FreeRTOS Source/croutine.o
LOAD ./FreeRTOS Source/event_groups.o
LOAD ./FreeRTOS Source/list.o
LOAD ./FreeRTOS Source/queue.o
LOAD ./FreeRTOS Source/tasks.o
LOAD ./FreeRTOS Source/timers.o
LOAD /home/osboxes/.local/xPacks/@xpack-dev-tools/arm-none-eabi-gcc/10.2.1-1.1.2/.content/bin/../lib/gcc/arm-none-eabi/10.2.1/../../../../arm-none-eabi/lib/thumb/v7e-m+fp/softfp/libstdc++_nano.a
LOAD /home/osboxes/.local/xPacks/@xpack-dev-tools/arm-none-eabi-gcc/10.2.1-1.1.2/.content/bin/../lib/gcc/arm-none-eabi/10.2.1/../../../../arm-none-eabi/lib/thumb/v7e-m+fp/softfp/libm.a
START GROUP
LOAD /home/osboxes/.local/xPacks/@xpack-dev-tools/arm-none-eabi-gcc/10.2.1-1.1.2/.content/bin/../lib/gcc/arm-none-eabi/10.2.1/thumb/v7e-m+fp/softfp/libgcc.a
LOAD /home/osboxes/.local/xPacks/@xpack-dev-tools/arm-none-eabi-gcc/10.2.1-1.1.2/.content/bin/../lib/gcc/arm-none-eabi/10.2.1/../../../../arm-none-eabi/lib/thumb/v7e-m+fp/softfp/libg_nano.a
LOAD /home/osboxes/.local/xPacks/@xpack-dev-tools/arm-none-eabi-gcc/10.2.1-1.1.2/.content/bin/../lib/gcc/arm-none-eabi/10.2.1/../../../../arm-none-eabi/lib/thumb/v7e-m+fp/softfp/libc_nano.a
END GROUP
START GROUP
LOAD /home/osboxes/.local/xPacks/@xpack-dev-tools/arm-none-eabi-gcc/10.2.1-1.1.2/.content/bin/../lib/gcc/arm-none-eabi/10.2.1/thumb/v7e-m+fp/softfp/libgcc.a
LOAD /home/osboxes/.local/xPacks/@xpack-dev-tools/arm-none-eabi-gcc/10.2.1-1.1.2/.content/bin/../lib/gcc/arm-none-eabi/10.2.1/../../../../arm-none-eabi/lib/thumb/v7e-m+fp/softfp/libc_nano.a
END GROUP
                0x0000000020020000                __stack = (ORIGIN (RAM) + LENGTH (RAM))
                0x0000000020020000                _estack = __stack
                0x0000000000000400                __Main_Stack_Size = 0x400
                [!provide]                        PROVIDE (_Main_Stack_Size = __Main_Stack_Size)
                0x000000002001fc00                __Main_Stack_Limit = (__stack - __Main_Stack_Size)
                [!provide]                        PROVIDE (_Main_Stack_Limit = __Main_Stack_Limit)
                0x0000000000000100                _Minimum_Stack_Size = 0x100
                0x0000000020013044                PROVIDE (_Heap_Begin = _end_noinit)
                0x000000002001fc00                PROVIDE (_Heap_Limit = (__stack - __Main_Stack_Size))

.isr_vector     0x0000000008000000      0x3e8
 FILL mask 0xff
                0x0000000008000000                __vectors_start = ABSOLUTE (.)
                0x0000000008000000                __vectors_start__ = ABSOLUTE (.)
 *(.isr_vector)
 .isr_vector    0x0000000008000000      0x188 ./system/src/cmsis/vectors_stm32f407xx.o
                0x0000000008000000                __isr_vectors
 *(.cfmconfig)
 *(.after_vectors .after_vectors.*)
 .after_vectors
                0x0000000008000188      0x130 ./system/src/newlib/startup.o
                0x0000000008000188                _start
 .after_vectors
                0x00000000080002b8      0x12c ./system/src/cortexm/exception-handlers.o
                0x00000000080002b8                Reset_Handler
                0x00000000080002be                NMI_Handler
                0x00000000080002c2                HardFault_Handler
                0x00000000080002d6                HardFault_Handler_C
                0x0000000008000334                MemManage_Handler
                0x0000000008000338                BusFault_Handler
                0x000000000800034c                BusFault_Handler_C
                0x0000000008000380                UsageFault_Handler
                0x0000000008000394                UsageFault_Handler_C
                0x00000000080003cc                DebugMon_Handler
 .after_vectors
                0x00000000080003e4        0x4 ./system/src/cmsis/vectors_stm32f407xx.o
                0x00000000080003e4                RTC_Alarm_IRQHandler
                0x00000000080003e4                HASH_RNG_IRQHandler
                0x00000000080003e4                EXTI2_IRQHandler
                0x00000000080003e4                TIM8_CC_IRQHandler
                0x00000000080003e4                TIM1_CC_IRQHandler
                0x00000000080003e4                DMA2_Stream5_IRQHandler
                0x00000000080003e4                DMA1_Stream5_IRQHandler
                0x00000000080003e4                PVD_IRQHandler
                0x00000000080003e4                SDIO_IRQHandler
                0x00000000080003e4                TAMP_STAMP_IRQHandler
                0x00000000080003e4                CAN2_RX1_IRQHandler
                0x00000000080003e4                EXTI3_IRQHandler
                0x00000000080003e4                TIM8_TRG_COM_TIM14_IRQHandler
                0x00000000080003e4                TIM1_UP_TIM10_IRQHandler
                0x00000000080003e4                TIM8_UP_TIM13_IRQHandler
                0x00000000080003e4                I2C3_ER_IRQHandler
                0x00000000080003e4                EXTI0_IRQHandler
                0x00000000080003e4                I2C2_EV_IRQHandler
                0x00000000080003e4                DMA1_Stream2_IRQHandler
                0x00000000080003e4                CAN1_RX0_IRQHandler
                0x00000000080003e4                FPU_IRQHandler
                0x00000000080003e4                OTG_HS_WKUP_IRQHandler
                0x00000000080003e4                CAN2_SCE_IRQHandler
                0x00000000080003e4                DMA2_Stream2_IRQHandler
                0x00000000080003e4                SPI1_IRQHandler
                0x00000000080003e4                TIM6_DAC_IRQHandler
                0x00000000080003e4                TIM1_BRK_TIM9_IRQHandler
                0x00000000080003e4                DCMI_IRQHandler
                0x00000000080003e4                CAN2_RX0_IRQHandler
                0x00000000080003e4                DMA2_Stream3_IRQHandler
                0x00000000080003e4                USART6_IRQHandler
                0x00000000080003e4                USART3_IRQHandler
                0x00000000080003e4                CAN1_RX1_IRQHandler
                0x00000000080003e4                UART5_IRQHandler
                0x00000000080003e4                DMA2_Stream0_IRQHandler
                0x00000000080003e4                TIM4_IRQHandler
                0x00000000080003e4                I2C1_EV_IRQHandler
                0x00000000080003e4                DMA1_Stream6_IRQHandler
                0x00000000080003e4                DMA1_Stream1_IRQHandler
                0x00000000080003e4                UART4_IRQHandler
                0x00000000080003e4                TIM3_IRQHandler
                0x00000000080003e4                RCC_IRQHandler
                0x00000000080003e4                TIM8_BRK_TIM12_IRQHandler
                0x00000000080003e4                Default_Handler
                0x00000000080003e4                EXTI15_10_IRQHandler
                0x00000000080003e4                ADC_IRQHandler
                0x00000000080003e4                DMA1_Stream7_IRQHandler
                0x00000000080003e4                TIM7_IRQHandler
                0x00000000080003e4                CAN2_TX_IRQHandler
                0x00000000080003e4                TIM5_IRQHandler
                0x00000000080003e4                DMA2_Stream7_IRQHandler
                0x00000000080003e4                I2C3_EV_IRQHandler
                0x00000000080003e4                EXTI9_5_IRQHandler
                0x00000000080003e4                RTC_WKUP_IRQHandler
                0x00000000080003e4                ETH_WKUP_IRQHandler
                0x00000000080003e4                SPI2_IRQHandler
                0x00000000080003e4                OTG_HS_EP1_IN_IRQHandler
                0x00000000080003e4                DMA1_Stream0_IRQHandler
                0x00000000080003e4                CAN1_TX_IRQHandler
                0x00000000080003e4                EXTI4_IRQHandler
                0x00000000080003e4                ETH_IRQHandler
                0x00000000080003e4                OTG_HS_EP1_OUT_IRQHandler
                0x00000000080003e4                WWDG_IRQHandler
                0x00000000080003e4                TIM2_IRQHandler
                0x00000000080003e4                OTG_FS_WKUP_IRQHandler
                0x00000000080003e4                TIM1_TRG_COM_TIM11_IRQHandler
                0x00000000080003e4                OTG_HS_IRQHandler
                0x00000000080003e4                EXTI1_IRQHandler
                0x00000000080003e4                USART2_IRQHandler
                0x00000000080003e4                I2C2_ER_IRQHandler
                0x00000000080003e4                DMA2_Stream1_IRQHandler
                0x00000000080003e4                CAN1_SCE_IRQHandler
                0x00000000080003e4                FLASH_IRQHandler
                0x00000000080003e4                DMA2_Stream4_IRQHandler
                0x00000000080003e4                USART1_IRQHandler
                0x00000000080003e4                OTG_FS_IRQHandler
                0x00000000080003e4                SPI3_IRQHandler
                0x00000000080003e4                DMA1_Stream4_IRQHandler
                0x00000000080003e4                I2C1_ER_IRQHandler
                0x00000000080003e4                FMC_IRQHandler
                0x00000000080003e4                DMA2_Stream6_IRQHandler
                0x00000000080003e4                DMA1_Stream3_IRQHandler

.inits          0x00000000080003e8       0x28
                0x00000000080003e8                __data_regions_array_start = .
                0x00000000080003e8        0x4 LONG 0x8006d94 LOADADDR (.data)
                0x00000000080003ec        0x4 LONG 0x20000000 ADDR (.data)
                0x00000000080003f0        0x4 LONG 0x2000007c (ADDR (.data) + SIZEOF (.data))
                0x00000000080003f4        0x4 LONG 0x8006d94 LOADADDR (.data_CCMRAM)
                0x00000000080003f8        0x4 LONG 0x10000000 ADDR (.data_CCMRAM)
                0x00000000080003fc        0x4 LONG 0x10000000 (ADDR (.data_CCMRAM) + SIZEOF (.data_CCMRAM))
                0x0000000008000400                __data_regions_array_end = .
                0x0000000008000400                __bss_regions_array_start = .
                0x0000000008000400        0x4 LONG 0x2000007c ADDR (.bss)
                0x0000000008000404        0x4 LONG 0x20013044 (ADDR (.bss) + SIZEOF (.bss))
                0x0000000008000408        0x4 LONG 0x10000000 ADDR (.bss_CCMRAM)
                0x000000000800040c        0x4 LONG 0x10000000 (ADDR (.bss_CCMRAM) + SIZEOF (.bss_CCMRAM))
                0x0000000008000410                __bss_regions_array_end = .
 *(.init)
 *(.fini)
                0x0000000008000410                . = ALIGN (0x4)
                0x0000000008000410                PROVIDE (__preinit_array_start = .)
 *(.preinit_array_sysinit .preinit_array_sysinit.*)
 *(.preinit_array_platform .preinit_array_platform.*)
 *(.preinit_array .preinit_array.*)
                0x0000000008000410                PROVIDE (__preinit_array_end = .)
                0x0000000008000410                . = ALIGN (0x4)
                0x0000000008000410                PROVIDE (__init_array_start = .)
 *(SORT_BY_NAME(.init_array.*))
 *(.init_array)
                0x0000000008000410                PROVIDE (__init_array_end = .)
                0x0000000008000410                . = ALIGN (0x4)
                0x0000000008000410                PROVIDE (__fini_array_start = .)
 *(SORT_BY_NAME(.fini_array.*))
 *(.fini_array)
                0x0000000008000410                PROVIDE (__fini_array_end = .)

.flashtext
 *(.flashtext .flashtext.*)

.text           0x0000000008000410     0x697c
 *(.text .text.*)
 .text.HAL_InitTick
                0x0000000008000410       0x4c ./system/src/stm32f4-hal/stm32f4xx_hal.o
                0x0000000008000410                HAL_InitTick
 .text.HAL_Init
                0x000000000800045c       0x34 ./system/src/stm32f4-hal/stm32f4xx_hal.o
                0x000000000800045c                HAL_Init
 .text.HAL_GetTick
                0x0000000008000490        0xc ./system/src/stm32f4-hal/stm32f4xx_hal.o
                0x0000000008000490                HAL_GetTick
 .text.HAL_NVIC_SetPriorityGrouping
                0x000000000800049c       0x3c ./system/src/stm32f4-hal/stm32f4xx_hal_cortex.o
                0x000000000800049c                HAL_NVIC_SetPriorityGrouping
 .text.HAL_NVIC_SetPriority
                0x00000000080004d8       0x8c ./system/src/stm32f4-hal/stm32f4xx_hal_cortex.o
                0x00000000080004d8                HAL_NVIC_SetPriority
 .text.HAL_SYSTICK_Config
                0x0000000008000564       0x28 ./system/src/stm32f4-hal/stm32f4xx_hal_cortex.o
                0x0000000008000564                HAL_SYSTICK_Config
 .text.HAL_SYSTICK_CLKSourceConfig
                0x000000000800058c       0x3c ./system/src/stm32f4-hal/stm32f4xx_hal_cortex.o
                0x000000000800058c                HAL_SYSTICK_CLKSourceConfig
 .text.HAL_RCC_OscConfig
                0x00000000080005c8      0x4f0 ./system/src/stm32f4-hal/stm32f4xx_hal_rcc.o
                0x00000000080005c8                HAL_RCC_OscConfig
 .text.HAL_RCC_GetSysClockFreq
                0x0000000008000ab8       0xd4 ./system/src/stm32f4-hal/stm32f4xx_hal_rcc.o
                0x0000000008000ab8                HAL_RCC_GetSysClockFreq
 .text.HAL_RCC_ClockConfig
                0x0000000008000b8c      0x21c ./system/src/stm32f4-hal/stm32f4xx_hal_rcc.o
                0x0000000008000b8c                HAL_RCC_ClockConfig
 .text.HAL_RCC_GetHCLKFreq
                0x0000000008000da8        0xc ./system/src/stm32f4-hal/stm32f4xx_hal_rcc.o
                0x0000000008000da8                HAL_RCC_GetHCLKFreq
 .text.__assert_func
                0x0000000008000db4       0x38 ./system/src/newlib/assert.o
                0x0000000008000db4                __assert_func
 .text.abort    0x0000000008000dec       0x14 ./system/src/newlib/exit.o
                0x0000000008000dec                abort
 .text._sbrk    0x0000000008000e00       0x44 ./system/src/newlib/sbrk.o
                0x0000000008000e00                _sbrk
 .text.get_errno
                0x0000000008000e44       0x12 ./system/src/newlib/syscalls.o
 .text.error    0x0000000008000e56       0x14 ./system/src/newlib/syscalls.o
 .text.checkerror
                0x0000000008000e6a       0x10 ./system/src/newlib/syscalls.o
 *fill*         0x0000000008000e7a        0x2 
 .text.findslot
                0x0000000008000e7c       0x3c ./system/src/newlib/syscalls.o
 .text._exit    0x0000000008000eb8       0x20 ./system/src/newlib/syscalls.o
                0x0000000008000eb8                _exit
 .text.initialise_monitor_handles
                0x0000000008000ed8       0xa8 ./system/src/newlib/syscalls.o
                0x0000000008000ed8                initialise_monitor_handles
 .text.__initialize_args
                0x0000000008000f80       0xc0 ./system/src/newlib/syscalls.o
                0x0000000008000f80                __initialize_args
 .text._swiread
                0x0000000008001040       0x20 ./system/src/newlib/syscalls.o
                0x0000000008001040                _swiread
 .text._read    0x0000000008001060       0x36 ./system/src/newlib/syscalls.o
                0x0000000008001060                _read
 .text._swilseek
                0x0000000008001096       0x96 ./system/src/newlib/syscalls.o
                0x0000000008001096                _swilseek
 .text._lseek   0x000000000800112c        0x8 ./system/src/newlib/syscalls.o
                0x000000000800112c                _lseek
 .text._swiwrite
                0x0000000008001134       0x20 ./system/src/newlib/syscalls.o
                0x0000000008001134                _swiwrite
 .text._write   0x0000000008001154       0x46 ./system/src/newlib/syscalls.o
                0x0000000008001154                _write
 .text._swiclose
                0x000000000800119a       0x1c ./system/src/newlib/syscalls.o
                0x000000000800119a                _swiclose
 *fill*         0x00000000080011b6        0x2 
 .text._close   0x00000000080011b8       0x48 ./system/src/newlib/syscalls.o
                0x00000000080011b8                _close
 .text._swistat
                0x0000000008001200       0x44 ./system/src/newlib/syscalls.o
                0x0000000008001200                _swistat
 .text._fstat   0x0000000008001244       0x1a ./system/src/newlib/syscalls.o
                0x0000000008001244                _fstat
 .text._gettimeofday
                0x000000000800125e       0x28 ./system/src/newlib/syscalls.o
                0x000000000800125e                _gettimeofday
 .text._isatty  0x0000000008001286       0x36 ./system/src/newlib/syscalls.o
                0x0000000008001286                _isatty
 .text._trace_write_semihosting_debug
                0x00000000080012bc       0x60 ./system/src/diag/trace-impl.o
 .text.trace_write
                0x000000000800131c        0x8 ./system/src/diag/trace-impl.o
                0x000000000800131c                trace_write
 .text.trace_printf
                0x0000000008001324       0x34 ./system/src/diag/trace.o
                0x0000000008001324                trace_printf
 .text.trace_puts
                0x0000000008001358       0x20 ./system/src/diag/trace.o
                0x0000000008001358                trace_puts
 .text.dumpExceptionStack
                0x0000000008001378       0xf4 ./system/src/cortexm/exception-handlers.o
                0x0000000008001378                dumpExceptionStack
 .text.isSemihosting
                0x000000000800146c      0x100 ./system/src/cortexm/exception-handlers.o
                0x000000000800146c                isSemihosting
 .text.__initialize_hardware_early
                0x000000000800156c       0x18 ./system/src/cortexm/initialize-hardware.o
                0x000000000800156c                __initialize_hardware_early
 .text.SystemInit
                0x0000000008001584       0x10 ./system/src/cmsis/system_stm32f4xx.o
                0x0000000008001584                SystemInit
 .text.SystemCoreClockUpdate
                0x0000000008001594       0xa0 ./system/src/cmsis/system_stm32f4xx.o
                0x0000000008001594                SystemCoreClockUpdate
 .text.SystemClock_Config
                0x0000000008001634       0xa0 ./src/initialize-hardware.o
                0x0000000008001634                SystemClock_Config
 .text.__initialize_hardware
                0x00000000080016d4       0x10 ./src/initialize-hardware.o
                0x00000000080016d4                __initialize_hardware
 .text.assert_failed
                0x00000000080016e4       0x14 ./src/initialize-hardware.o
                0x00000000080016e4                assert_failed
 .text.vRouterDelayCallBack
                0x00000000080016f8       0x14 ./src/main.o
 .text.vACKToutCallBack
                0x000000000800170c       0x54 ./src/main.o
                0x000000000800170c                vACKToutCallBack
 .text.RandomNum
                0x0000000008001760       0x1a ./src/main.o
                0x0000000008001760                RandomNum
 *fill*         0x000000000800177a        0x2 
 .text.vSenderTimerCallBack
                0x000000000800177c       0x6c ./src/main.o
 .text.QueueHandleToNum
                0x00000000080017e8       0x54 ./src/main.o
                0x00000000080017e8                QueueHandleToNum
 .text.vSenderTask
                0x000000000800183c      0x4f4 ./src/main.o
                0x000000000800183c                vSenderTask
 .text.vRecieverTask
                0x0000000008001d30      0x180 ./src/main.o
                0x0000000008001d30                vRecieverTask
 .text.checkProb
                0x0000000008001eb0       0x5c ./src/main.o
                0x0000000008001eb0                checkProb
 *fill*         0x0000000008001f0c        0x4 
 .text.vRouterTask
                0x0000000008001f10      0x324 ./src/main.o
                0x0000000008001f10                vRouterTask
 .text.main     0x0000000008002234      0x368 ./src/main.o
                0x0000000008002234                main
 .text.vApplicationMallocFailedHook
                0x000000000800259c        0x2 ./src/main.o
                0x000000000800259c                vApplicationMallocFailedHook
 .text.vApplicationStackOverflowHook
                0x000000000800259e        0x2 ./src/main.o
                0x000000000800259e                vApplicationStackOverflowHook
 .text.vApplicationIdleHook
                0x00000000080025a0       0x12 ./src/main.o
                0x00000000080025a0                vApplicationIdleHook
 .text.vApplicationTickHook
                0x00000000080025b2        0x2 ./src/main.o
                0x00000000080025b2                vApplicationTickHook
 .text.HAL_MspInit
                0x00000000080025b4        0x2 ./src/stm32f4xx_hal_msp.o
                0x00000000080025b4                HAL_MspInit
 *fill*         0x00000000080025b6        0x2 
 .text.prvHeapInit
                0x00000000080025b8       0x64 ./FreeRTOS Source/portable/MemMang/heap_4.o
 .text.prvInsertBlockIntoFreeList
                0x000000000800261c       0x64 ./FreeRTOS Source/portable/MemMang/heap_4.o
 .text.pvPortMalloc
                0x0000000008002680      0x104 ./FreeRTOS Source/portable/MemMang/heap_4.o
                0x0000000008002680                pvPortMalloc
 .text.vPortFree
                0x0000000008002784       0x70 ./FreeRTOS Source/portable/MemMang/heap_4.o
                0x0000000008002784                vPortFree
 .text.xPortGetFreeHeapSize
                0x00000000080027f4        0xc ./FreeRTOS Source/portable/MemMang/heap_4.o
                0x00000000080027f4                xPortGetFreeHeapSize
 .text.prvTaskExitError
                0x0000000008002800       0x34 ./FreeRTOS Source/portable/GCC/ARM_CM4F/port.o
 .text.prvPortStartFirstTask
                0x0000000008002834       0x20 ./FreeRTOS Source/portable/GCC/ARM_CM4F/port.o
 .text.pxPortInitialiseStack
                0x0000000008002854       0x2c ./FreeRTOS Source/portable/GCC/ARM_CM4F/port.o
                0x0000000008002854                pxPortInitialiseStack
 .text.SVC_Handler
                0x0000000008002880       0x24 ./FreeRTOS Source/portable/GCC/ARM_CM4F/port.o
                0x0000000008002880                SVC_Handler
 .text.vPortEnterCritical
                0x00000000080028a4       0x44 ./FreeRTOS Source/portable/GCC/ARM_CM4F/port.o
                0x00000000080028a4                vPortEnterCritical
 .text.vPortExitCritical
                0x00000000080028e8       0x2c ./FreeRTOS Source/portable/GCC/ARM_CM4F/port.o
                0x00000000080028e8                vPortExitCritical
 *fill*         0x0000000008002914        0xc 
 .text.PendSV_Handler
                0x0000000008002920       0x64 ./FreeRTOS Source/portable/GCC/ARM_CM4F/port.o
                0x0000000008002920                PendSV_Handler
 .text.SysTick_Handler
                0x0000000008002984       0x2c ./FreeRTOS Source/portable/GCC/ARM_CM4F/port.o
                0x0000000008002984                SysTick_Handler
 .text.vPortSetupTimerInterrupt
                0x00000000080029b0       0x24 ./FreeRTOS Source/portable/GCC/ARM_CM4F/port.o
                0x00000000080029b0                vPortSetupTimerInterrupt
 .text.xPortStartScheduler
                0x00000000080029d4       0xf4 ./FreeRTOS Source/portable/GCC/ARM_CM4F/port.o
                0x00000000080029d4                xPortStartScheduler
 .text.vPortValidateInterruptPriority
                0x0000000008002ac8       0x5c ./FreeRTOS Source/portable/GCC/ARM_CM4F/port.o
                0x0000000008002ac8                vPortValidateInterruptPriority
 .text.vListInitialise
                0x0000000008002b24       0x16 ./FreeRTOS Source/list.o
                0x0000000008002b24                vListInitialise
 .text.vListInitialiseItem
                0x0000000008002b3a        0x6 ./FreeRTOS Source/list.o
                0x0000000008002b3a                vListInitialiseItem
 .text.vListInsertEnd
                0x0000000008002b40       0x16 ./FreeRTOS Source/list.o
                0x0000000008002b40                vListInsertEnd
 .text.vListInsert
                0x0000000008002b56       0x32 ./FreeRTOS Source/list.o
                0x0000000008002b56                vListInsert
 .text.uxListRemove
                0x0000000008002b88       0x24 ./FreeRTOS Source/list.o
                0x0000000008002b88                uxListRemove
 .text.prvIsQueueFull
                0x0000000008002bac       0x1e ./FreeRTOS Source/queue.o
 .text.prvIsQueueEmpty
                0x0000000008002bca       0x1a ./FreeRTOS Source/queue.o
 .text.prvCopyDataToQueue
                0x0000000008002be4       0x76 ./FreeRTOS Source/queue.o
 .text.prvCopyDataFromQueue
                0x0000000008002c5a       0x24 ./FreeRTOS Source/queue.o
 .text.prvUnlockQueue
                0x0000000008002c7e       0x6e ./FreeRTOS Source/queue.o
 .text.xQueueGenericReset
                0x0000000008002cec       0x84 ./FreeRTOS Source/queue.o
                0x0000000008002cec                xQueueGenericReset
 .text.prvInitialiseNewQueue
                0x0000000008002d70       0x22 ./FreeRTOS Source/queue.o
 .text.xQueueGenericCreate
                0x0000000008002d92       0x48 ./FreeRTOS Source/queue.o
                0x0000000008002d92                xQueueGenericCreate
 .text.xQueueGenericSend
                0x0000000008002dda      0x188 ./FreeRTOS Source/queue.o
                0x0000000008002dda                xQueueGenericSend
 .text.prvInitialiseMutex
                0x0000000008002f62       0x18 ./FreeRTOS Source/queue.o
 .text.xQueueCreateMutex
                0x0000000008002f7a       0x16 ./FreeRTOS Source/queue.o
                0x0000000008002f7a                xQueueCreateMutex
 .text.xQueueGenericSendFromISR
                0x0000000008002f90       0xcc ./FreeRTOS Source/queue.o
                0x0000000008002f90                xQueueGenericSendFromISR
 .text.xQueueGiveFromISR
                0x000000000800305c       0xb2 ./FreeRTOS Source/queue.o
                0x000000000800305c                xQueueGiveFromISR
 .text.xQueueGenericReceive
                0x000000000800310e      0x1ba ./FreeRTOS Source/queue.o
                0x000000000800310e                xQueueGenericReceive
 .text.vQueueAddToRegistry
                0x00000000080032c8       0x28 ./FreeRTOS Source/queue.o
                0x00000000080032c8                vQueueAddToRegistry
 .text.vQueueWaitForMessageRestricted
                0x00000000080032f0       0x52 ./FreeRTOS Source/queue.o
                0x00000000080032f0                vQueueWaitForMessageRestricted
 *fill*         0x0000000008003342        0x2 
 .text.prvResetNextTaskUnblockTime
                0x0000000008003344       0x2c ./FreeRTOS Source/tasks.o
 .text.prvDeleteTCB
                0x0000000008003370       0x12 ./FreeRTOS Source/tasks.o
 .text.prvInitialiseNewTask
                0x0000000008003382       0x9c ./FreeRTOS Source/tasks.o
 *fill*         0x000000000800341e        0x2 
 .text.prvInitialiseTaskLists
                0x0000000008003420       0x68 ./FreeRTOS Source/tasks.o
 .text.prvAddNewTaskToReadyList
                0x0000000008003488       0xac ./FreeRTOS Source/tasks.o
 .text.prvAddCurrentTaskToDelayedList
                0x0000000008003534       0x98 ./FreeRTOS Source/tasks.o
 .text.xTaskCreate
                0x00000000080035cc       0x64 ./FreeRTOS Source/tasks.o
                0x00000000080035cc                xTaskCreate
 .text.vTaskStartScheduler
                0x0000000008003630       0x84 ./FreeRTOS Source/tasks.o
                0x0000000008003630                vTaskStartScheduler
 .text.vTaskSuspendAll
                0x00000000080036b4       0x10 ./FreeRTOS Source/tasks.o
                0x00000000080036b4                vTaskSuspendAll
 .text.xTaskGetTickCount
                0x00000000080036c4        0xc ./FreeRTOS Source/tasks.o
                0x00000000080036c4                xTaskGetTickCount
 .text.xTaskIncrementTick
                0x00000000080036d0      0x128 ./FreeRTOS Source/tasks.o
                0x00000000080036d0                xTaskIncrementTick
 .text.xTaskResumeAll
                0x00000000080037f8       0xf8 ./FreeRTOS Source/tasks.o
                0x00000000080037f8                xTaskResumeAll
 .text.vTaskDelay
                0x00000000080038f0       0x4c ./FreeRTOS Source/tasks.o
                0x00000000080038f0                vTaskDelay
 .text.prvCheckTasksWaitingTermination
                0x000000000800393c       0x5c ./FreeRTOS Source/tasks.o
 .text.prvIdleTask
                0x0000000008003998       0x30 ./FreeRTOS Source/tasks.o
 .text.vTaskSwitchContext
                0x00000000080039c8       0xcc ./FreeRTOS Source/tasks.o
                0x00000000080039c8                vTaskSwitchContext
 .text.vTaskPlaceOnEventList
                0x0000000008003a94       0x30 ./FreeRTOS Source/tasks.o
                0x0000000008003a94                vTaskPlaceOnEventList
 .text.vTaskPlaceOnEventListRestricted
                0x0000000008003ac4       0x38 ./FreeRTOS Source/tasks.o
                0x0000000008003ac4                vTaskPlaceOnEventListRestricted
 .text.xTaskRemoveFromEventList
                0x0000000008003afc       0x8c ./FreeRTOS Source/tasks.o
                0x0000000008003afc                xTaskRemoveFromEventList
 .text.vTaskSetTimeOutState
                0x0000000008003b88       0x2c ./FreeRTOS Source/tasks.o
                0x0000000008003b88                vTaskSetTimeOutState
 .text.xTaskCheckForTimeOut
                0x0000000008003bb4       0x80 ./FreeRTOS Source/tasks.o
                0x0000000008003bb4                xTaskCheckForTimeOut
 .text.vTaskMissedYield
                0x0000000008003c34        0xc ./FreeRTOS Source/tasks.o
                0x0000000008003c34                vTaskMissedYield
 .text.xTaskGetSchedulerState
                0x0000000008003c40       0x20 ./FreeRTOS Source/tasks.o
                0x0000000008003c40                xTaskGetSchedulerState
 .text.vTaskPriorityInherit
                0x0000000008003c60       0xa0 ./FreeRTOS Source/tasks.o
                0x0000000008003c60                vTaskPriorityInherit
 .text.xTaskPriorityDisinherit
                0x0000000008003d00       0xb4 ./FreeRTOS Source/tasks.o
                0x0000000008003d00                xTaskPriorityDisinherit
 .text.pvTaskIncrementMutexHeldCount
                0x0000000008003db4       0x1c ./FreeRTOS Source/tasks.o
                0x0000000008003db4                pvTaskIncrementMutexHeldCount
 .text.prvGetNextExpireTime
                0x0000000008003dd0       0x20 ./FreeRTOS Source/timers.o
 .text.prvInsertTimerInActiveList
                0x0000000008003df0       0x48 ./FreeRTOS Source/timers.o
 .text.prvCheckForValidListAndQueue
                0x0000000008003e38       0x5c ./FreeRTOS Source/timers.o
 .text.prvInitialiseNewTimer
                0x0000000008003e94       0x40 ./FreeRTOS Source/timers.o
 .text.xTimerCreateTimerTask
                0x0000000008003ed4       0x50 ./FreeRTOS Source/timers.o
                0x0000000008003ed4                xTimerCreateTimerTask
 .text.xTimerCreate
                0x0000000008003f24       0x32 ./FreeRTOS Source/timers.o
                0x0000000008003f24                xTimerCreate
 *fill*         0x0000000008003f56        0x2 
 .text.xTimerGenericCommand
                0x0000000008003f58       0x6c ./FreeRTOS Source/timers.o
                0x0000000008003f58                xTimerGenericCommand
 .text.prvSwitchTimerLists
                0x0000000008003fc4       0x78 ./FreeRTOS Source/timers.o
 .text.prvSampleTimeNow
                0x000000000800403c       0x2c ./FreeRTOS Source/timers.o
 .text.prvProcessExpiredTimer
                0x0000000008004068       0x60 ./FreeRTOS Source/timers.o
 .text.prvProcessTimerOrBlockTask
                0x00000000080040c8       0x74 ./FreeRTOS Source/timers.o
 .text.prvProcessReceivedCommands
                0x000000000800413c       0xe0 ./FreeRTOS Source/timers.o
 .text.prvTimerTask
                0x000000000800421c       0x16 ./FreeRTOS Source/timers.o
 .text.pvTimerGetTimerID
                0x0000000008004232       0x26 ./FreeRTOS Source/timers.o
                0x0000000008004232                pvTimerGetTimerID
 .text          0x0000000008004258      0x378 /home/osboxes/.local/xPacks/@xpack-dev-tools/arm-none-eabi-gcc/10.2.1-1.1.2/.content/bin/../lib/gcc/arm-none-eabi/10.2.1/thumb/v7e-m+fp/softfp/libgcc.a(_arm_addsubdf3.o)
                0x0000000008004258                __aeabi_drsub
                0x0000000008004260                __aeabi_dsub
                0x0000000008004260                __subdf3
                0x0000000008004264                __adddf3
                0x0000000008004264                __aeabi_dadd
                0x00000000080044dc                __aeabi_ui2d
                0x00000000080044dc                __floatunsidf
                0x00000000080044fc                __floatsidf
                0x00000000080044fc                __aeabi_i2d
                0x0000000008004520                __extendsfdf2
                0x0000000008004520                __aeabi_f2d
                0x0000000008004564                __aeabi_ul2d
                0x0000000008004564                __floatundidf
                0x0000000008004574                __floatdidf
                0x0000000008004574                __aeabi_l2d
 .text          0x00000000080045d0      0x424 /home/osboxes/.local/xPacks/@xpack-dev-tools/arm-none-eabi-gcc/10.2.1-1.1.2/.content/bin/../lib/gcc/arm-none-eabi/10.2.1/thumb/v7e-m+fp/softfp/libgcc.a(_arm_muldivdf3.o)
                0x00000000080045d0                __aeabi_dmul
                0x00000000080045d0                __muldf3
                0x0000000008004824                __aeabi_ddiv
                0x0000000008004824                __divdf3
 .text          0x00000000080049f4      0x110 /home/osboxes/.local/xPacks/@xpack-dev-tools/arm-none-eabi-gcc/10.2.1-1.1.2/.content/bin/../lib/gcc/arm-none-eabi/10.2.1/thumb/v7e-m+fp/softfp/libgcc.a(_arm_cmpdf2.o)
                0x00000000080049f4                __gtdf2
                0x00000000080049f4                __gedf2
                0x00000000080049fc                __ltdf2
                0x00000000080049fc                __ledf2
                0x0000000008004a04                __cmpdf2
                0x0000000008004a04                __eqdf2
                0x0000000008004a04                __nedf2
                0x0000000008004a80                __aeabi_cdrcmple
                0x0000000008004a90                __aeabi_cdcmple
                0x0000000008004a90                __aeabi_cdcmpeq
                0x0000000008004aa0                __aeabi_dcmpeq
                0x0000000008004ab4                __aeabi_dcmplt
                0x0000000008004ac8                __aeabi_dcmple
                0x0000000008004adc                __aeabi_dcmpge
                0x0000000008004af0                __aeabi_dcmpgt
 .text          0x0000000008004b04       0x40 /home/osboxes/.local/xPacks/@xpack-dev-tools/arm-none-eabi-gcc/10.2.1-1.1.2/.content/bin/../lib/gcc/arm-none-eabi/10.2.1/thumb/v7e-m+fp/softfp/libgcc.a(_arm_fixunsdfsi.o)
                0x0000000008004b04                __fixunsdfsi
                0x0000000008004b04                __aeabi_d2uiz
 .text          0x0000000008004b44       0x30 /home/osboxes/.local/xPacks/@xpack-dev-tools/arm-none-eabi-gcc/10.2.1-1.1.2/.content/bin/../lib/gcc/arm-none-eabi/10.2.1/thumb/v7e-m+fp/softfp/libgcc.a(_aeabi_uldivmod.o)
                0x0000000008004b44                __aeabi_uldivmod
 .text.__udivmoddi4
                0x0000000008004b74      0x2d0 /home/osboxes/.local/xPacks/@xpack-dev-tools/arm-none-eabi-gcc/10.2.1-1.1.2/.content/bin/../lib/gcc/arm-none-eabi/10.2.1/thumb/v7e-m+fp/softfp/libgcc.a(_udivmoddi4.o)
                0x0000000008004b74                __udivmoddi4
 .text          0x0000000008004e44        0x4 /home/osboxes/.local/xPacks/@xpack-dev-tools/arm-none-eabi-gcc/10.2.1-1.1.2/.content/bin/../lib/gcc/arm-none-eabi/10.2.1/thumb/v7e-m+fp/softfp/libgcc.a(_dvmd_tls.o)
                0x0000000008004e44                __aeabi_ldiv0
                0x0000000008004e44                __aeabi_idiv0
 .text.__errno  0x0000000008004e48        0xc /home/osboxes/.local/xPacks/@xpack-dev-tools/arm-none-eabi-gcc/10.2.1-1.1.2/.content/bin/../lib/gcc/arm-none-eabi/10.2.1/../../../../arm-none-eabi/lib/thumb/v7e-m+fp/softfp/libg_nano.a(lib_a-errno.o)
                0x0000000008004e48                __errno
 .text.std      0x0000000008004e54       0x48 /home/osboxes/.local/xPacks/@xpack-dev-tools/arm-none-eabi-gcc/10.2.1-1.1.2/.content/bin/../lib/gcc/arm-none-eabi/10.2.1/../../../../arm-none-eabi/lib/thumb/v7e-m+fp/softfp/libg_nano.a(lib_a-findfp.o)
 .text._cleanup_r
                0x0000000008004e9c        0xc /home/osboxes/.local/xPacks/@xpack-dev-tools/arm-none-eabi-gcc/10.2.1-1.1.2/.content/bin/../lib/gcc/arm-none-eabi/10.2.1/../../../../arm-none-eabi/lib/thumb/v7e-m+fp/softfp/libg_nano.a(lib_a-findfp.o)
                0x0000000008004e9c                _cleanup_r
 .text.__sfmoreglue
                0x0000000008004ea8       0x2c /home/osboxes/.local/xPacks/@xpack-dev-tools/arm-none-eabi-gcc/10.2.1-1.1.2/.content/bin/../lib/gcc/arm-none-eabi/10.2.1/../../../../arm-none-eabi/lib/thumb/v7e-m+fp/softfp/libg_nano.a(lib_a-findfp.o)
                0x0000000008004ea8                __sfmoreglue
 .text.__sfp_lock_acquire
                0x0000000008004ed4        0xc /home/osboxes/.local/xPacks/@xpack-dev-tools/arm-none-eabi-gcc/10.2.1-1.1.2/.content/bin/../lib/gcc/arm-none-eabi/10.2.1/../../../../arm-none-eabi/lib/thumb/v7e-m+fp/softfp/libg_nano.a(lib_a-findfp.o)
                0x0000000008004ed4                __sfp_lock_acquire
 .text.__sfp_lock_release
                0x0000000008004ee0        0xc /home/osboxes/.local/xPacks/@xpack-dev-tools/arm-none-eabi-gcc/10.2.1-1.1.2/.content/bin/../lib/gcc/arm-none-eabi/10.2.1/../../../../arm-none-eabi/lib/thumb/v7e-m+fp/softfp/libg_nano.a(lib_a-findfp.o)
                0x0000000008004ee0                __sfp_lock_release
 .text.__sinit_lock_acquire
                0x0000000008004eec        0xc /home/osboxes/.local/xPacks/@xpack-dev-tools/arm-none-eabi-gcc/10.2.1-1.1.2/.content/bin/../lib/gcc/arm-none-eabi/10.2.1/../../../../arm-none-eabi/lib/thumb/v7e-m+fp/softfp/libg_nano.a(lib_a-findfp.o)
                0x0000000008004eec                __sinit_lock_acquire
 .text.__sinit_lock_release
                0x0000000008004ef8        0xc /home/osboxes/.local/xPacks/@xpack-dev-tools/arm-none-eabi-gcc/10.2.1-1.1.2/.content/bin/../lib/gcc/arm-none-eabi/10.2.1/../../../../arm-none-eabi/lib/thumb/v7e-m+fp/softfp/libg_nano.a(lib_a-findfp.o)
                0x0000000008004ef8                __sinit_lock_release
 .text.__sinit  0x0000000008004f04       0x70 /home/osboxes/.local/xPacks/@xpack-dev-tools/arm-none-eabi-gcc/10.2.1-1.1.2/.content/bin/../lib/gcc/arm-none-eabi/10.2.1/../../../../arm-none-eabi/lib/thumb/v7e-m+fp/softfp/libg_nano.a(lib_a-findfp.o)
                0x0000000008004f04                __sinit
 .text.__sfp    0x0000000008004f74       0x8c /home/osboxes/.local/xPacks/@xpack-dev-tools/arm-none-eabi-gcc/10.2.1-1.1.2/.content/bin/../lib/gcc/arm-none-eabi/10.2.1/../../../../arm-none-eabi/lib/thumb/v7e-m+fp/softfp/libg_nano.a(lib_a-findfp.o)
                0x0000000008004f74                __sfp
 .text._fwalk_reent
                0x0000000008005000       0x3e /home/osboxes/.local/xPacks/@xpack-dev-tools/arm-none-eabi-gcc/10.2.1-1.1.2/.content/bin/../lib/gcc/arm-none-eabi/10.2.1/../../../../arm-none-eabi/lib/thumb/v7e-m+fp/softfp/libg_nano.a(lib_a-fwalk.o)
                0x0000000008005000                _fwalk_reent
 .text.__retarget_lock_init_recursive
                0x000000000800503e        0x2 /home/osboxes/.local/xPacks/@xpack-dev-tools/arm-none-eabi-gcc/10.2.1-1.1.2/.content/bin/../lib/gcc/arm-none-eabi/10.2.1/../../../../arm-none-eabi/lib/thumb/v7e-m+fp/softfp/libg_nano.a(lib_a-lock.o)
                0x000000000800503e                __retarget_lock_init_recursive
 .text.__retarget_lock_acquire_recursive
                0x0000000008005040        0x2 /home/osboxes/.local/xPacks/@xpack-dev-tools/arm-none-eabi-gcc/10.2.1-1.1.2/.content/bin/../lib/gcc/arm-none-eabi/10.2.1/../../../../arm-none-eabi/lib/thumb/v7e-m+fp/softfp/libg_nano.a(lib_a-lock.o)
                0x0000000008005040                __retarget_lock_acquire_recursive
 .text.__retarget_lock_release_recursive
                0x0000000008005042        0x2 /home/osboxes/.local/xPacks/@xpack-dev-tools/arm-none-eabi-gcc/10.2.1-1.1.2/.content/bin/../lib/gcc/arm-none-eabi/10.2.1/../../../../arm-none-eabi/lib/thumb/v7e-m+fp/softfp/libg_nano.a(lib_a-lock.o)
                0x0000000008005042                __retarget_lock_release_recursive
 .text.memcpy   0x0000000008005044       0x1c /home/osboxes/.local/xPacks/@xpack-dev-tools/arm-none-eabi-gcc/10.2.1-1.1.2/.content/bin/../lib/gcc/arm-none-eabi/10.2.1/../../../../arm-none-eabi/lib/thumb/v7e-m+fp/softfp/libg_nano.a(lib_a-memcpy-stub.o)
                0x0000000008005044                memcpy
 .text.memset   0x0000000008005060       0x10 /home/osboxes/.local/xPacks/@xpack-dev-tools/arm-none-eabi-gcc/10.2.1-1.1.2/.content/bin/../lib/gcc/arm-none-eabi/10.2.1/../../../../arm-none-eabi/lib/thumb/v7e-m+fp/softfp/libg_nano.a(lib_a-memset.o)
                0x0000000008005060                memset
 .text._malloc_r
                0x0000000008005070       0xb4 /home/osboxes/.local/xPacks/@xpack-dev-tools/arm-none-eabi-gcc/10.2.1-1.1.2/.content/bin/../lib/gcc/arm-none-eabi/10.2.1/../../../../arm-none-eabi/lib/thumb/v7e-m+fp/softfp/libg_nano.a(lib_a-nano-mallocr.o)
                0x0000000008005070                _malloc_r
 .text.printf   0x0000000008005124       0x30 /home/osboxes/.local/xPacks/@xpack-dev-tools/arm-none-eabi-gcc/10.2.1-1.1.2/.content/bin/../lib/gcc/arm-none-eabi/10.2.1/../../../../arm-none-eabi/lib/thumb/v7e-m+fp/softfp/libg_nano.a(lib_a-printf.o)
                0x0000000008005124                printf
                0x0000000008005124                iprintf
 .text._puts_r  0x0000000008005154       0xdc /home/osboxes/.local/xPacks/@xpack-dev-tools/arm-none-eabi-gcc/10.2.1-1.1.2/.content/bin/../lib/gcc/arm-none-eabi/10.2.1/../../../../arm-none-eabi/lib/thumb/v7e-m+fp/softfp/libg_nano.a(lib_a-puts.o)
                0x0000000008005154                _puts_r
 .text.puts     0x0000000008005230       0x10 /home/osboxes/.local/xPacks/@xpack-dev-tools/arm-none-eabi-gcc/10.2.1-1.1.2/.content/bin/../lib/gcc/arm-none-eabi/10.2.1/../../../../arm-none-eabi/lib/thumb/v7e-m+fp/softfp/libg_nano.a(lib_a-puts.o)
                0x0000000008005230                puts
 .text.srand    0x0000000008005240       0x5c /home/osboxes/.local/xPacks/@xpack-dev-tools/arm-none-eabi-gcc/10.2.1-1.1.2/.content/bin/../lib/gcc/arm-none-eabi/10.2.1/../../../../arm-none-eabi/lib/thumb/v7e-m+fp/softfp/libg_nano.a(lib_a-rand.o)
                0x0000000008005240                srand
 .text.rand     0x000000000800529c       0x7c /home/osboxes/.local/xPacks/@xpack-dev-tools/arm-none-eabi-gcc/10.2.1-1.1.2/.content/bin/../lib/gcc/arm-none-eabi/10.2.1/../../../../arm-none-eabi/lib/thumb/v7e-m+fp/softfp/libg_nano.a(lib_a-rand.o)
                0x000000000800529c                rand
 .text._sbrk_r  0x0000000008005318       0x20 /home/osboxes/.local/xPacks/@xpack-dev-tools/arm-none-eabi-gcc/10.2.1-1.1.2/.content/bin/../lib/gcc/arm-none-eabi/10.2.1/../../../../arm-none-eabi/lib/thumb/v7e-m+fp/softfp/libg_nano.a(lib_a-sbrkr.o)
                0x0000000008005318                _sbrk_r
 .text.__sread  0x0000000008005338       0x22 /home/osboxes/.local/xPacks/@xpack-dev-tools/arm-none-eabi-gcc/10.2.1-1.1.2/.content/bin/../lib/gcc/arm-none-eabi/10.2.1/../../../../arm-none-eabi/lib/thumb/v7e-m+fp/softfp/libg_nano.a(lib_a-stdio.o)
                0x0000000008005338                __sread
 .text.__swrite
                0x000000000800535a       0x38 /home/osboxes/.local/xPacks/@xpack-dev-tools/arm-none-eabi-gcc/10.2.1-1.1.2/.content/bin/../lib/gcc/arm-none-eabi/10.2.1/../../../../arm-none-eabi/lib/thumb/v7e-m+fp/softfp/libg_nano.a(lib_a-stdio.o)
                0x000000000800535a                __swrite
 .text.__sseek  0x0000000008005392       0x24 /home/osboxes/.local/xPacks/@xpack-dev-tools/arm-none-eabi-gcc/10.2.1-1.1.2/.content/bin/../lib/gcc/arm-none-eabi/10.2.1/../../../../arm-none-eabi/lib/thumb/v7e-m+fp/softfp/libg_nano.a(lib_a-stdio.o)
                0x0000000008005392                __sseek
 .text.__sclose
                0x00000000080053b6        0x8 /home/osboxes/.local/xPacks/@xpack-dev-tools/arm-none-eabi-gcc/10.2.1-1.1.2/.content/bin/../lib/gcc/arm-none-eabi/10.2.1/../../../../arm-none-eabi/lib/thumb/v7e-m+fp/softfp/libg_nano.a(lib_a-stdio.o)
                0x00000000080053b6                __sclose
 .text          0x00000000080053be       0x14 /home/osboxes/.local/xPacks/@xpack-dev-tools/arm-none-eabi-gcc/10.2.1-1.1.2/.content/bin/../lib/gcc/arm-none-eabi/10.2.1/../../../../arm-none-eabi/lib/thumb/v7e-m+fp/softfp/libg_nano.a(lib_a-strcmp.o)
                0x00000000080053be                strcmp
 .text          0x00000000080053d2       0x10 /home/osboxes/.local/xPacks/@xpack-dev-tools/arm-none-eabi-gcc/10.2.1-1.1.2/.content/bin/../lib/gcc/arm-none-eabi/10.2.1/../../../../arm-none-eabi/lib/thumb/v7e-m+fp/softfp/libg_nano.a(lib_a-strlen.o)
                0x00000000080053d2                strlen
 *fill*         0x00000000080053e2        0x2 
 .text.time     0x00000000080053e4       0x34 /home/osboxes/.local/xPacks/@xpack-dev-tools/arm-none-eabi-gcc/10.2.1-1.1.2/.content/bin/../lib/gcc/arm-none-eabi/10.2.1/../../../../arm-none-eabi/lib/thumb/v7e-m+fp/softfp/libg_nano.a(lib_a-time.o)
                0x00000000080053e4                time
 .text._vsnprintf_r
                0x0000000008005418       0x56 /home/osboxes/.local/xPacks/@xpack-dev-tools/arm-none-eabi-gcc/10.2.1-1.1.2/.content/bin/../lib/gcc/arm-none-eabi/10.2.1/../../../../arm-none-eabi/lib/thumb/v7e-m+fp/softfp/libg_nano.a(lib_a-vsnprintf.o)
                0x0000000008005418                _vsnprintf_r
                0x0000000008005418                _vsniprintf_r
 *fill*         0x000000000800546e        0x2 
 .text.vsnprintf
                0x0000000008005470       0x1c /home/osboxes/.local/xPacks/@xpack-dev-tools/arm-none-eabi-gcc/10.2.1-1.1.2/.content/bin/../lib/gcc/arm-none-eabi/10.2.1/../../../../arm-none-eabi/lib/thumb/v7e-m+fp/softfp/libg_nano.a(lib_a-vsnprintf.o)
                0x0000000008005470                vsnprintf
                0x0000000008005470                vsniprintf
 .text.__swbuf_r
                0x000000000800548c       0xa4 /home/osboxes/.local/xPacks/@xpack-dev-tools/arm-none-eabi-gcc/10.2.1-1.1.2/.content/bin/../lib/gcc/arm-none-eabi/10.2.1/../../../../arm-none-eabi/lib/thumb/v7e-m+fp/softfp/libg_nano.a(lib_a-wbuf.o)
                0x000000000800548c                __swbuf_r
 .text._write_r
                0x0000000008005530       0x24 /home/osboxes/.local/xPacks/@xpack-dev-tools/arm-none-eabi-gcc/10.2.1-1.1.2/.content/bin/../lib/gcc/arm-none-eabi/10.2.1/../../../../arm-none-eabi/lib/thumb/v7e-m+fp/softfp/libg_nano.a(lib_a-writer.o)
                0x0000000008005530                _write_r
 .text.__swsetup_r
                0x0000000008005554       0xdc /home/osboxes/.local/xPacks/@xpack-dev-tools/arm-none-eabi-gcc/10.2.1-1.1.2/.content/bin/../lib/gcc/arm-none-eabi/10.2.1/../../../../arm-none-eabi/lib/thumb/v7e-m+fp/softfp/libg_nano.a(lib_a-wsetup.o)
                0x0000000008005554                __swsetup_r
 .text._close_r
                0x0000000008005630       0x20 /home/osboxes/.local/xPacks/@xpack-dev-tools/arm-none-eabi-gcc/10.2.1-1.1.2/.content/bin/../lib/gcc/arm-none-eabi/10.2.1/../../../../arm-none-eabi/lib/thumb/v7e-m+fp/softfp/libg_nano.a(lib_a-closer.o)
                0x0000000008005630                _close_r
 .text.__sflush_r
                0x0000000008005650      0x10c /home/osboxes/.local/xPacks/@xpack-dev-tools/arm-none-eabi-gcc/10.2.1-1.1.2/.content/bin/../lib/gcc/arm-none-eabi/10.2.1/../../../../arm-none-eabi/lib/thumb/v7e-m+fp/softfp/libg_nano.a(lib_a-fflush.o)
                0x0000000008005650                __sflush_r
 .text._fflush_r
                0x000000000800575c       0x78 /home/osboxes/.local/xPacks/@xpack-dev-tools/arm-none-eabi-gcc/10.2.1-1.1.2/.content/bin/../lib/gcc/arm-none-eabi/10.2.1/../../../../arm-none-eabi/lib/thumb/v7e-m+fp/softfp/libg_nano.a(lib_a-fflush.o)
                0x000000000800575c                _fflush_r
 .text._gettimeofday_r
                0x00000000080057d4       0x24 /home/osboxes/.local/xPacks/@xpack-dev-tools/arm-none-eabi-gcc/10.2.1-1.1.2/.content/bin/../lib/gcc/arm-none-eabi/10.2.1/../../../../arm-none-eabi/lib/thumb/v7e-m+fp/softfp/libg_nano.a(lib_a-gettimeofdayr.o)
                0x00000000080057d4                _gettimeofday_r
 .text._lseek_r
                0x00000000080057f8       0x24 /home/osboxes/.local/xPacks/@xpack-dev-tools/arm-none-eabi-gcc/10.2.1-1.1.2/.content/bin/../lib/gcc/arm-none-eabi/10.2.1/../../../../arm-none-eabi/lib/thumb/v7e-m+fp/softfp/libg_nano.a(lib_a-lseekr.o)
                0x00000000080057f8                _lseek_r
 .text.__swhatbuf_r
                0x000000000800581c       0x4a /home/osboxes/.local/xPacks/@xpack-dev-tools/arm-none-eabi-gcc/10.2.1-1.1.2/.content/bin/../lib/gcc/arm-none-eabi/10.2.1/../../../../arm-none-eabi/lib/thumb/v7e-m+fp/softfp/libg_nano.a(lib_a-makebuf.o)
                0x000000000800581c                __swhatbuf_r
 *fill*         0x0000000008005866        0x2 
 .text.__smakebuf_r
                0x0000000008005868       0x80 /home/osboxes/.local/xPacks/@xpack-dev-tools/arm-none-eabi-gcc/10.2.1-1.1.2/.content/bin/../lib/gcc/arm-none-eabi/10.2.1/../../../../arm-none-eabi/lib/thumb/v7e-m+fp/softfp/libg_nano.a(lib_a-makebuf.o)
                0x0000000008005868                __smakebuf_r
 .text.malloc   0x00000000080058e8       0x10 /home/osboxes/.local/xPacks/@xpack-dev-tools/arm-none-eabi-gcc/10.2.1-1.1.2/.content/bin/../lib/gcc/arm-none-eabi/10.2.1/../../../../arm-none-eabi/lib/thumb/v7e-m+fp/softfp/libg_nano.a(lib_a-malloc.o)
                0x00000000080058e8                malloc
 .text.__malloc_lock
                0x00000000080058f8        0xc /home/osboxes/.local/xPacks/@xpack-dev-tools/arm-none-eabi-gcc/10.2.1-1.1.2/.content/bin/../lib/gcc/arm-none-eabi/10.2.1/../../../../arm-none-eabi/lib/thumb/v7e-m+fp/softfp/libg_nano.a(lib_a-mlock.o)
                0x00000000080058f8                __malloc_lock
 .text.__malloc_unlock
                0x0000000008005904        0xc /home/osboxes/.local/xPacks/@xpack-dev-tools/arm-none-eabi-gcc/10.2.1-1.1.2/.content/bin/../lib/gcc/arm-none-eabi/10.2.1/../../../../arm-none-eabi/lib/thumb/v7e-m+fp/softfp/libg_nano.a(lib_a-mlock.o)
                0x0000000008005904                __malloc_unlock
 .text._free_r  0x0000000008005910       0x98 /home/osboxes/.local/xPacks/@xpack-dev-tools/arm-none-eabi-gcc/10.2.1-1.1.2/.content/bin/../lib/gcc/arm-none-eabi/10.2.1/../../../../arm-none-eabi/lib/thumb/v7e-m+fp/softfp/libg_nano.a(lib_a-nano-freer.o)
                0x0000000008005910                _free_r
 .text.__ssputs_r
                0x00000000080059a8       0xb6 /home/osboxes/.local/xPacks/@xpack-dev-tools/arm-none-eabi-gcc/10.2.1-1.1.2/.content/bin/../lib/gcc/arm-none-eabi/10.2.1/../../../../arm-none-eabi/lib/thumb/v7e-m+fp/softfp/libg_nano.a(lib_a-nano-svfprintf.o)
                0x00000000080059a8                __ssputs_r
 *fill*         0x0000000008005a5e        0x2 
 .text._svfprintf_r
                0x0000000008005a60      0x200 /home/osboxes/.local/xPacks/@xpack-dev-tools/arm-none-eabi-gcc/10.2.1-1.1.2/.content/bin/../lib/gcc/arm-none-eabi/10.2.1/../../../../arm-none-eabi/lib/thumb/v7e-m+fp/softfp/libg_nano.a(lib_a-nano-svfprintf.o)
                0x0000000008005a60                _svfprintf_r
                0x0000000008005a60                _svfiprintf_r
 .text._printf_common
                0x0000000008005c60       0xda /home/osboxes/.local/xPacks/@xpack-dev-tools/arm-none-eabi-gcc/10.2.1-1.1.2/.content/bin/../lib/gcc/arm-none-eabi/10.2.1/../../../../arm-none-eabi/lib/thumb/v7e-m+fp/softfp/libg_nano.a(lib_a-nano-vfprintf_i.o)
                0x0000000008005c60                _printf_common
 *fill*         0x0000000008005d3a        0x2 
 .text._printf_i
                0x0000000008005d3c      0x24c /home/osboxes/.local/xPacks/@xpack-dev-tools/arm-none-eabi-gcc/10.2.1-1.1.2/.content/bin/../lib/gcc/arm-none-eabi/10.2.1/../../../../arm-none-eabi/lib/thumb/v7e-m+fp/softfp/libg_nano.a(lib_a-nano-vfprintf_i.o)
                0x0000000008005d3c                _printf_i
 .text.__sfputc_r
                0x0000000008005f88       0x2e /home/osboxes/.local/xPacks/@xpack-dev-tools/arm-none-eabi-gcc/10.2.1-1.1.2/.content/bin/../lib/gcc/arm-none-eabi/10.2.1/../../../../arm-none-eabi/lib/thumb/v7e-m+fp/softfp/libg_nano.a(lib_a-nano-vfprintf.o)
 .text.__sfputs_r
                0x0000000008005fb6       0x24 /home/osboxes/.local/xPacks/@xpack-dev-tools/arm-none-eabi-gcc/10.2.1-1.1.2/.content/bin/../lib/gcc/arm-none-eabi/10.2.1/../../../../arm-none-eabi/lib/thumb/v7e-m+fp/softfp/libg_nano.a(lib_a-nano-vfprintf.o)
                0x0000000008005fb6                __sfputs_r
 *fill*         0x0000000008005fda        0x2 
 .text._vfprintf_r
                0x0000000008005fdc      0x260 /home/osboxes/.local/xPacks/@xpack-dev-tools/arm-none-eabi-gcc/10.2.1-1.1.2/.content/bin/../lib/gcc/arm-none-eabi/10.2.1/../../../../arm-none-eabi/lib/thumb/v7e-m+fp/softfp/libg_nano.a(lib_a-nano-vfprintf.o)
                0x0000000008005fdc                _vfiprintf_r
                0x0000000008005fdc                _vfprintf_r
 .text._read_r  0x000000000800623c       0x24 /home/osboxes/.local/xPacks/@xpack-dev-tools/arm-none-eabi-gcc/10.2.1-1.1.2/.content/bin/../lib/gcc/arm-none-eabi/10.2.1/../../../../arm-none-eabi/lib/thumb/v7e-m+fp/softfp/libg_nano.a(lib_a-readr.o)
                0x000000000800623c                _read_r
 .text._fstat_r
                0x0000000008006260       0x24 /home/osboxes/.local/xPacks/@xpack-dev-tools/arm-none-eabi-gcc/10.2.1-1.1.2/.content/bin/../lib/gcc/arm-none-eabi/10.2.1/../../../../arm-none-eabi/lib/thumb/v7e-m+fp/softfp/libg_nano.a(lib_a-fstatr.o)
                0x0000000008006260                _fstat_r
 .text._isatty_r
                0x0000000008006284       0x20 /home/osboxes/.local/xPacks/@xpack-dev-tools/arm-none-eabi-gcc/10.2.1-1.1.2/.content/bin/../lib/gcc/arm-none-eabi/10.2.1/../../../../arm-none-eabi/lib/thumb/v7e-m+fp/softfp/libg_nano.a(lib_a-isattyr.o)
                0x0000000008006284                _isatty_r
 *fill*         0x00000000080062a4        0xc 
 .text          0x00000000080062b0       0xa0 /home/osboxes/.local/xPacks/@xpack-dev-tools/arm-none-eabi-gcc/10.2.1-1.1.2/.content/bin/../lib/gcc/arm-none-eabi/10.2.1/../../../../arm-none-eabi/lib/thumb/v7e-m+fp/softfp/libg_nano.a(lib_a-memchr.o)
                0x00000000080062b0                memchr
 .text.memmove  0x0000000008006350       0x34 /home/osboxes/.local/xPacks/@xpack-dev-tools/arm-none-eabi-gcc/10.2.1-1.1.2/.content/bin/../lib/gcc/arm-none-eabi/10.2.1/../../../../arm-none-eabi/lib/thumb/v7e-m+fp/softfp/libg_nano.a(lib_a-memmove.o)
                0x0000000008006350                memmove
 .text._realloc_r
                0x0000000008006384       0x4c /home/osboxes/.local/xPacks/@xpack-dev-tools/arm-none-eabi-gcc/10.2.1-1.1.2/.content/bin/../lib/gcc/arm-none-eabi/10.2.1/../../../../arm-none-eabi/lib/thumb/v7e-m+fp/softfp/libg_nano.a(lib_a-nano-reallocr.o)
                0x0000000008006384                _realloc_r
 .text._malloc_usable_size_r
                0x00000000080063d0       0x10 /home/osboxes/.local/xPacks/@xpack-dev-tools/arm-none-eabi-gcc/10.2.1-1.1.2/.content/bin/../lib/gcc/arm-none-eabi/10.2.1/../../../../arm-none-eabi/lib/thumb/v7e-m+fp/softfp/libg_nano.a(lib_a-nano-msizer.o)
                0x00000000080063d0                _malloc_usable_size_r
 *(.rodata .rodata.* .constdata .constdata.*)
 .rodata.HAL_NVIC_SetPriorityGrouping.str1.4
                0x00000000080063e0       0x31 ./system/src/stm32f4-hal/stm32f4xx_hal_cortex.o
 *fill*         0x0000000008006411        0x3 
 .rodata.HAL_RCC_OscConfig.str1.4
                0x0000000008006414       0x2e ./system/src/stm32f4-hal/stm32f4xx_hal_rcc.o
 *fill*         0x0000000008006442        0x2 
 .rodata.__assert_func.str1.4
                0x0000000008006444       0x3f ./system/src/newlib/assert.o
                                         0x43 (size before relaxing)
 *fill*         0x0000000008006483        0x1 
 .rodata.abort.str1.4
                0x0000000008006484       0x14 ./system/src/newlib/exit.o
 .rodata.initialise_monitor_handles.str1.4
                0x0000000008006498        0x4 ./system/src/newlib/syscalls.o
 .rodata.trace_puts.str1.4
                0x000000000800649c        0x4 ./system/src/diag/trace.o
                                          0x2 (size before relaxing)
 .rodata.dumpExceptionStack.str1.4
                0x000000000800649c      0x11a ./system/src/cortexm/exception-handlers.o
 .rodata.isSemihosting.str1.4
                0x00000000080065b6        0x4 ./system/src/cortexm/exception-handlers.o
 *fill*         0x00000000080065b6        0x2 
 .rodata.str1.4
                0x00000000080065b8       0x2a ./system/src/cortexm/exception-handlers.o
 *fill*         0x00000000080065e2        0x2 
 .rodata.AHBPrescTable
                0x00000000080065e4       0x10 ./system/src/cmsis/system_stm32f4xx.o
                0x00000000080065e4                AHBPrescTable
 .rodata.assert_failed.str1.4
                0x00000000080065f4       0x2d ./src/initialize-hardware.o
 *fill*         0x0000000008006621        0x3 
 .rodata.vSenderTask.str1.4
                0x0000000008006624      0x2d9 ./src/main.o
 *fill*         0x00000000080068fd        0x3 
 .rodata.vRecieverTask.str1.4
                0x0000000008006900       0x94 ./src/main.o
 .rodata.vRouterTask.str1.4
                0x0000000008006994      0x119 ./src/main.o
 *fill*         0x0000000008006aad        0x3 
 .rodata.main.str1.4
                0x0000000008006ab0       0xb6 ./src/main.o
 *fill*         0x0000000008006b66        0x2 
 .rodata.vTaskStartScheduler.str1.4
                0x0000000008006b68        0x5 ./FreeRTOS Source/tasks.o
 *fill*         0x0000000008006b6d        0x3 
 .rodata.prvCheckForValidListAndQueue.str1.4
                0x0000000008006b70        0x5 ./FreeRTOS Source/timers.o
 *fill*         0x0000000008006b75        0x3 
 .rodata.xTimerCreateTimerTask.str1.4
                0x0000000008006b78        0x8 ./FreeRTOS Source/timers.o
 .rodata._ctype_
                0x0000000008006b80      0x101 /home/osboxes/.local/xPacks/@xpack-dev-tools/arm-none-eabi-gcc/10.2.1-1.1.2/.content/bin/../lib/gcc/arm-none-eabi/10.2.1/../../../../arm-none-eabi/lib/thumb/v7e-m+fp/softfp/libg_nano.a(lib_a-ctype_.o)
                0x0000000008006b80                _ctype_
 *fill*         0x0000000008006c81        0x3 
 .rodata.__sf_fake_stderr
                0x0000000008006c84       0x20 /home/osboxes/.local/xPacks/@xpack-dev-tools/arm-none-eabi-gcc/10.2.1-1.1.2/.content/bin/../lib/gcc/arm-none-eabi/10.2.1/../../../../arm-none-eabi/lib/thumb/v7e-m+fp/softfp/libg_nano.a(lib_a-findfp.o)
                0x0000000008006c84                __sf_fake_stderr
 .rodata.__sf_fake_stdin
                0x0000000008006ca4       0x20 /home/osboxes/.local/xPacks/@xpack-dev-tools/arm-none-eabi-gcc/10.2.1-1.1.2/.content/bin/../lib/gcc/arm-none-eabi/10.2.1/../../../../arm-none-eabi/lib/thumb/v7e-m+fp/softfp/libg_nano.a(lib_a-findfp.o)
                0x0000000008006ca4                __sf_fake_stdin
 .rodata.__sf_fake_stdout
                0x0000000008006cc4       0x20 /home/osboxes/.local/xPacks/@xpack-dev-tools/arm-none-eabi-gcc/10.2.1-1.1.2/.content/bin/../lib/gcc/arm-none-eabi/10.2.1/../../../../arm-none-eabi/lib/thumb/v7e-m+fp/softfp/libg_nano.a(lib_a-findfp.o)
                0x0000000008006cc4                __sf_fake_stdout
 .rodata._global_impure_ptr
                0x0000000008006ce4        0x4 /home/osboxes/.local/xPacks/@xpack-dev-tools/arm-none-eabi-gcc/10.2.1-1.1.2/.content/bin/../lib/gcc/arm-none-eabi/10.2.1/../../../../arm-none-eabi/lib/thumb/v7e-m+fp/softfp/libg_nano.a(lib_a-impure.o)
                0x0000000008006ce4                _global_impure_ptr
 .rodata.srand.str1.1
                0x0000000008006ce8       0x71 /home/osboxes/.local/xPacks/@xpack-dev-tools/arm-none-eabi-gcc/10.2.1-1.1.2/.content/bin/../lib/gcc/arm-none-eabi/10.2.1/../../../../arm-none-eabi/lib/thumb/v7e-m+fp/softfp/libg_nano.a(lib_a-rand.o)
 .rodata._svfprintf_r.str1.1
                0x0000000008006d59       0x11 /home/osboxes/.local/xPacks/@xpack-dev-tools/arm-none-eabi-gcc/10.2.1-1.1.2/.content/bin/../lib/gcc/arm-none-eabi/10.2.1/../../../../arm-none-eabi/lib/thumb/v7e-m+fp/softfp/libg_nano.a(lib_a-nano-svfprintf.o)
 .rodata._printf_i.str1.1
                0x0000000008006d6a       0x22 /home/osboxes/.local/xPacks/@xpack-dev-tools/arm-none-eabi-gcc/10.2.1-1.1.2/.content/bin/../lib/gcc/arm-none-eabi/10.2.1/../../../../arm-none-eabi/lib/thumb/v7e-m+fp/softfp/libg_nano.a(lib_a-nano-vfprintf_i.o)
 .rodata._vfprintf_r.str1.1
                0x0000000008006d8c       0x11 /home/osboxes/.local/xPacks/@xpack-dev-tools/arm-none-eabi-gcc/10.2.1-1.1.2/.content/bin/../lib/gcc/arm-none-eabi/10.2.1/../../../../arm-none-eabi/lib/thumb/v7e-m+fp/softfp/libg_nano.a(lib_a-nano-vfprintf.o)
 *(vtable)
 *(.eh_frame*)
 *(.glue_7)
 .glue_7        0x0000000008006d8c        0x0 linker stubs
 *(.glue_7t)
 .glue_7t       0x0000000008006d8c        0x0 linker stubs

.vfp11_veneer   0x0000000008006d8c        0x0
 .vfp11_veneer  0x0000000008006d8c        0x0 linker stubs

.v4_bx          0x0000000008006d8c        0x0
 .v4_bx         0x0000000008006d8c        0x0 linker stubs

.iplt           0x0000000008006d8c        0x0
 .iplt          0x0000000008006d8c        0x0 ./system/src/stm32f4-hal/stm32f4xx_hal.o

.ARM.extab
 *(.ARM.extab* .gnu.linkonce.armextab.*)
                0x0000000008006d8c                . = ALIGN (0x4)
                0x0000000008006d8c                __exidx_start = .

.ARM.exidx      0x0000000008006d8c        0x8
 *(.ARM.exidx* .gnu.linkonce.armexidx.*)
 .ARM.exidx.text.__udivmoddi4
                0x0000000008006d8c        0x8 /home/osboxes/.local/xPacks/@xpack-dev-tools/arm-none-eabi-gcc/10.2.1-1.1.2/.content/bin/../lib/gcc/arm-none-eabi/10.2.1/thumb/v7e-m+fp/softfp/libgcc.a(_udivmoddi4.o)
                0x0000000008006d94                __exidx_end = .

.rel.dyn        0x0000000008006d94        0x0
 .rel.iplt      0x0000000008006d94        0x0 ./system/src/stm32f4-hal/stm32f4xx_hal.o
                0x0000000008006d94                . = ALIGN (0x4)
                0x0000000008006d94                _etext = .
                0x0000000008006d94                __etext = .

.data_CCMRAM    0x0000000010000000        0x0 load address 0x0000000008006d94
 FILL mask 0xff
 *(.data.CCMRAM .data.CCMRAM.*)
                0x0000000010000000                . = ALIGN (0x4)
                0x0000000008006d94                _sidata = LOADADDR (.data)

.data           0x0000000020000000       0x7c load address 0x0000000008006d94
 FILL mask 0xff
                0x0000000020000000                _sdata = .
                0x0000000020000000                __data_start__ = .
 *(.data_begin .data_begin.*)
 .data_begin    0x0000000020000000        0x4 ./system/src/newlib/startup.o
 *(.data .data.*)
 .data.uwTickFreq
                0x0000000020000004        0x1 ./system/src/stm32f4-hal/stm32f4xx_hal.o
                0x0000000020000004                uwTickFreq
 *fill*         0x0000000020000005        0x3 ff
 .data.uwTickPrio
                0x0000000020000008        0x4 ./system/src/stm32f4-hal/stm32f4xx_hal.o
                0x0000000020000008                uwTickPrio
 .data.SystemCoreClock
                0x000000002000000c        0x4 ./system/src/cmsis/system_stm32f4xx.o
                0x000000002000000c                SystemCoreClock
 .data.uxCriticalNesting
                0x0000000020000010        0x4 ./FreeRTOS Source/portable/GCC/ARM_CM4F/port.o
 .data._impure_ptr
                0x0000000020000014        0x4 /home/osboxes/.local/xPacks/@xpack-dev-tools/arm-none-eabi-gcc/10.2.1-1.1.2/.content/bin/../lib/gcc/arm-none-eabi/10.2.1/../../../../arm-none-eabi/lib/thumb/v7e-m+fp/softfp/libg_nano.a(lib_a-impure.o)
                0x0000000020000014                _impure_ptr
 .data.impure_data
                0x0000000020000018       0x60 /home/osboxes/.local/xPacks/@xpack-dev-tools/arm-none-eabi-gcc/10.2.1-1.1.2/.content/bin/../lib/gcc/arm-none-eabi/10.2.1/../../../../arm-none-eabi/lib/thumb/v7e-m+fp/softfp/libg_nano.a(lib_a-impure.o)
 *(.data_end .data_end.*)
 .data_end      0x0000000020000078        0x4 ./system/src/newlib/startup.o
                0x000000002000007c                . = ALIGN (0x4)
                0x000000002000007c                _edata = .
                0x000000002000007c                __data_end__ = .

.igot.plt       0x000000002000007c        0x0 load address 0x0000000008006e10
 .igot.plt      0x000000002000007c        0x0 ./system/src/stm32f4-hal/stm32f4xx_hal.o

.bss_CCMRAM     0x0000000010000000        0x0
 *(.bss.CCMRAM .bss.CCMRAM.*)

.bss            0x000000002000007c    0x12fc8
                0x000000002000007c                __bss_start__ = .
                0x000000002000007c                _sbss = .
 *(.bss_begin .bss_begin.*)
 .bss_begin     0x000000002000007c        0x4 ./system/src/newlib/startup.o
 *(.bss .bss.*)
 .bss.uwTick    0x0000000020000080        0x4 ./system/src/stm32f4-hal/stm32f4xx_hal.o
                0x0000000020000080                uwTick
 .bss.current_heap_end.0
                0x0000000020000084        0x4 ./system/src/newlib/sbrk.o
 .bss.args_buf.1
                0x0000000020000088       0x50 ./system/src/newlib/syscalls.o
 .bss.argv_buf.0
                0x00000000200000d8       0x28 ./system/src/newlib/syscalls.o
 .bss.errno     0x0000000020000100        0x4 ./system/src/newlib/syscalls.o
                0x0000000020000100                errno
 .bss.monitor_stderr
                0x0000000020000104        0x4 ./system/src/newlib/syscalls.o
 .bss.monitor_stdin
                0x0000000020000108        0x4 ./system/src/newlib/syscalls.o
 .bss.monitor_stdout
                0x000000002000010c        0x4 ./system/src/newlib/syscalls.o
 .bss.openfiles
                0x0000000020000110       0xa0 ./system/src/newlib/syscalls.o
 .bss.buf.0     0x00000000200001b0       0x80 ./system/src/diag/trace.o
 .bss.GeneratePacket
                0x0000000020000230        0x4 ./src/main.o
                0x0000000020000230                GeneratePacket
 .bss.HandleToNum
                0x0000000020000234        0x4 ./src/main.o
                0x0000000020000234                HandleToNum
 .bss.Node1ACKReceive
                0x0000000020000238        0x4 ./src/main.o
                0x0000000020000238                Node1ACKReceive
 .bss.Node1Queue
                0x000000002000023c        0x4 ./src/main.o
                0x000000002000023c                Node1Queue
 .bss.Node1SendData
                0x0000000020000240        0x4 ./src/main.o
                0x0000000020000240                Node1SendData
 .bss.Node1Task
                0x0000000020000244        0x4 ./src/main.o
                0x0000000020000244                Node1Task
 .bss.Node2ACKReceive
                0x0000000020000248        0x4 ./src/main.o
                0x0000000020000248                Node2ACKReceive
 .bss.Node2Queue
                0x000000002000024c        0x4 ./src/main.o
                0x000000002000024c                Node2Queue
 .bss.Node2SendData
                0x0000000020000250        0x4 ./src/main.o
                0x0000000020000250                Node2SendData
 .bss.Node2Task
                0x0000000020000254        0x4 ./src/main.o
                0x0000000020000254                Node2Task
 .bss.Node3Queue
                0x0000000020000258        0x4 ./src/main.o
                0x0000000020000258                Node3Queue
 .bss.Node3Task
                0x000000002000025c        0x4 ./src/main.o
                0x000000002000025c                Node3Task
 .bss.Node4Queue
                0x0000000020000260        0x4 ./src/main.o
                0x0000000020000260                Node4Queue
 .bss.Node4Task
                0x0000000020000264        0x4 ./src/main.o
                0x0000000020000264                Node4Task
 .bss.RouterQueue
                0x0000000020000268        0x4 ./src/main.o
                0x0000000020000268                RouterQueue
 .bss.RouterTask
                0x000000002000026c        0x4 ./src/main.o
                0x000000002000026c                RouterTask
 .bss.RouterTransmit
                0x0000000020000270        0x4 ./src/main.o
                0x0000000020000270                RouterTransmit
 .bss.StopTransmission
                0x0000000020000274        0x4 ./src/main.o
                0x0000000020000274                StopTransmission
 .bss.endTime   0x0000000020000278        0x4 ./src/main.o
                0x0000000020000278                endTime
 .bss.startTime
                0x000000002000027c        0x4 ./src/main.o
                0x000000002000027c                startTime
 .bss.tNode1_ACKTout
                0x0000000020000280        0x4 ./src/main.o
                0x0000000020000280                tNode1_ACKTout
 .bss.tNode1_Sender
                0x0000000020000284        0x4 ./src/main.o
                0x0000000020000284                tNode1_Sender
 .bss.tNode2_ACKTout
                0x0000000020000288        0x4 ./src/main.o
                0x0000000020000288                tNode2_ACKTout
 .bss.tNode2_Sender
                0x000000002000028c        0x4 ./src/main.o
                0x000000002000028c                tNode2_Sender
 .bss.tRouterDelay
                0x0000000020000290        0x4 ./src/main.o
                0x0000000020000290                tRouterDelay
 .bss.pxEnd     0x0000000020000294        0x4 ./FreeRTOS Source/portable/MemMang/heap_4.o
 .bss.ucHeap    0x0000000020000298    0x12c00 ./FreeRTOS Source/portable/MemMang/heap_4.o
 .bss.xBlockAllocatedBit
                0x0000000020012e98        0x4 ./FreeRTOS Source/portable/MemMang/heap_4.o
 .bss.xFreeBytesRemaining
                0x0000000020012e9c        0x4 ./FreeRTOS Source/portable/MemMang/heap_4.o
 .bss.xMinimumEverFreeBytesRemaining
                0x0000000020012ea0        0x4 ./FreeRTOS Source/portable/MemMang/heap_4.o
 .bss.xStart    0x0000000020012ea4        0x8 ./FreeRTOS Source/portable/MemMang/heap_4.o
 .bss.ucMaxSysCallPriority
                0x0000000020012eac        0x1 ./FreeRTOS Source/portable/GCC/ARM_CM4F/port.o
 *fill*         0x0000000020012ead        0x3 
 .bss.ulMaxPRIGROUPValue
                0x0000000020012eb0        0x4 ./FreeRTOS Source/portable/GCC/ARM_CM4F/port.o
 .bss.xQueueRegistry
                0x0000000020012eb4       0x40 ./FreeRTOS Source/queue.o
                0x0000000020012eb4                xQueueRegistry
 .bss.pxCurrentTCB
                0x0000000020012ef4        0x4 ./FreeRTOS Source/tasks.o
                0x0000000020012ef4                pxCurrentTCB
 .bss.pxDelayedTaskList
                0x0000000020012ef8        0x4 ./FreeRTOS Source/tasks.o
 .bss.pxOverflowDelayedTaskList
                0x0000000020012efc        0x4 ./FreeRTOS Source/tasks.o
 .bss.pxReadyTasksLists
                0x0000000020012f00       0x64 ./FreeRTOS Source/tasks.o
 .bss.uxCurrentNumberOfTasks
                0x0000000020012f64        0x4 ./FreeRTOS Source/tasks.o
 .bss.uxDeletedTasksWaitingCleanUp
                0x0000000020012f68        0x4 ./FreeRTOS Source/tasks.o
 .bss.uxPendedTicks
                0x0000000020012f6c        0x4 ./FreeRTOS Source/tasks.o
 .bss.uxSchedulerSuspended
                0x0000000020012f70        0x4 ./FreeRTOS Source/tasks.o
 .bss.uxTaskNumber
                0x0000000020012f74        0x4 ./FreeRTOS Source/tasks.o
 .bss.uxTopReadyPriority
                0x0000000020012f78        0x4 ./FreeRTOS Source/tasks.o
 .bss.xDelayedTaskList1
                0x0000000020012f7c       0x14 ./FreeRTOS Source/tasks.o
 .bss.xDelayedTaskList2
                0x0000000020012f90       0x14 ./FreeRTOS Source/tasks.o
 .bss.xIdleTaskHandle
                0x0000000020012fa4        0x4 ./FreeRTOS Source/tasks.o
 .bss.xNextTaskUnblockTime
                0x0000000020012fa8        0x4 ./FreeRTOS Source/tasks.o
 .bss.xNumOfOverflows
                0x0000000020012fac        0x4 ./FreeRTOS Source/tasks.o
 .bss.xPendingReadyList
                0x0000000020012fb0       0x14 ./FreeRTOS Source/tasks.o
 .bss.xSchedulerRunning
                0x0000000020012fc4        0x4 ./FreeRTOS Source/tasks.o
 .bss.xSuspendedTaskList
                0x0000000020012fc8       0x14 ./FreeRTOS Source/tasks.o
 .bss.xTasksWaitingTermination
                0x0000000020012fdc       0x14 ./FreeRTOS Source/tasks.o
 .bss.xTickCount
                0x0000000020012ff0        0x4 ./FreeRTOS Source/tasks.o
 .bss.xYieldPending
                0x0000000020012ff4        0x4 ./FreeRTOS Source/tasks.o
 .bss.pxCurrentTimerList
                0x0000000020012ff8        0x4 ./FreeRTOS Source/timers.o
 .bss.pxOverflowTimerList
                0x0000000020012ffc        0x4 ./FreeRTOS Source/timers.o
 .bss.xActiveTimerList1
                0x0000000020013000       0x14 ./FreeRTOS Source/timers.o
 .bss.xActiveTimerList2
                0x0000000020013014       0x14 ./FreeRTOS Source/timers.o
 .bss.xLastTime.0
                0x0000000020013028        0x4 ./FreeRTOS Source/timers.o
 .bss.xTimerQueue
                0x000000002001302c        0x4 ./FreeRTOS Source/timers.o
 .bss.xTimerTaskHandle
                0x0000000020013030        0x4 ./FreeRTOS Source/timers.o
 .bss.__lock___malloc_recursive_mutex
                0x0000000020013034        0x1 /home/osboxes/.local/xPacks/@xpack-dev-tools/arm-none-eabi-gcc/10.2.1-1.1.2/.content/bin/../lib/gcc/arm-none-eabi/10.2.1/../../../../arm-none-eabi/lib/thumb/v7e-m+fp/softfp/libg_nano.a(lib_a-lock.o)
                0x0000000020013034                __lock___malloc_recursive_mutex
 .bss.__lock___sfp_recursive_mutex
                0x0000000020013035        0x1 /home/osboxes/.local/xPacks/@xpack-dev-tools/arm-none-eabi-gcc/10.2.1-1.1.2/.content/bin/../lib/gcc/arm-none-eabi/10.2.1/../../../../arm-none-eabi/lib/thumb/v7e-m+fp/softfp/libg_nano.a(lib_a-lock.o)
                0x0000000020013035                __lock___sfp_recursive_mutex
 .bss.__lock___sinit_recursive_mutex
                0x0000000020013036        0x1 /home/osboxes/.local/xPacks/@xpack-dev-tools/arm-none-eabi-gcc/10.2.1-1.1.2/.content/bin/../lib/gcc/arm-none-eabi/10.2.1/../../../../arm-none-eabi/lib/thumb/v7e-m+fp/softfp/libg_nano.a(lib_a-lock.o)
                0x0000000020013036                __lock___sinit_recursive_mutex
 *fill*         0x0000000020013037        0x1 
 .bss.__malloc_free_list
                0x0000000020013038        0x4 /home/osboxes/.local/xPacks/@xpack-dev-tools/arm-none-eabi-gcc/10.2.1-1.1.2/.content/bin/../lib/gcc/arm-none-eabi/10.2.1/../../../../arm-none-eabi/lib/thumb/v7e-m+fp/softfp/libg_nano.a(lib_a-nano-mallocr.o)
                0x0000000020013038                __malloc_free_list
 .bss.__malloc_sbrk_start
                0x000000002001303c        0x4 /home/osboxes/.local/xPacks/@xpack-dev-tools/arm-none-eabi-gcc/10.2.1-1.1.2/.content/bin/../lib/gcc/arm-none-eabi/10.2.1/../../../../arm-none-eabi/lib/thumb/v7e-m+fp/softfp/libg_nano.a(lib_a-nano-mallocr.o)
                0x000000002001303c                __malloc_sbrk_start
 *(COMMON)
 *(.bss_end .bss_end.*)
 .bss_end       0x0000000020013040        0x4 ./system/src/newlib/startup.o
                0x0000000020013044                . = ALIGN (0x4)
                0x0000000020013044                __bss_end__ = .
                0x0000000020013044                _ebss = .

.noinit_CCMRAM
 *(.noinit.CCMRAM .noinit.CCMRAM.*)

.noinit         0x0000000020013044        0x0
                0x0000000020013044                _noinit = .
 *(.noinit .noinit.*)
                0x0000000020013044                . = ALIGN (0x4)
                0x0000000020013044                _end_noinit = .
                [!provide]                        PROVIDE (end = _end_noinit)
                [!provide]                        PROVIDE (_end = _end_noinit)
                [!provide]                        PROVIDE (__end = _end_noinit)
                [!provide]                        PROVIDE (__end__ = _end_noinit)

._check_stack   0x0000000020013044      0x100
                0x0000000020013144                . = (. + _Minimum_Stack_Size)
 *fill*         0x0000000020013044      0x100 

.b1text
 *(.b1text)
 *(.b1rodata)
 *(.b1rodata.*)

.eb0text
 *(.eb0text)
 *(.eb0rodata)
 *(.eb0rodata.*)

.eb1text
 *(.eb1text)
 *(.eb1rodata)
 *(.eb1rodata.*)

.eb2text
 *(.eb2text)
 *(.eb2rodata)
 *(.eb2rodata.*)

.eb3text
 *(.eb3text)
 *(.eb3rodata)
 *(.eb3rodata.*)

.stab
 *(.stab)

.stabstr
 *(.stabstr)

.stab.excl
 *(.stab.excl)

.stab.exclstr
 *(.stab.exclstr)

.stab.index
 *(.stab.index)

.stab.indexstr
 *(.stab.indexstr)

.comment        0x0000000000000000       0x44
 *(.comment)
 .comment       0x0000000000000000       0x44 ./system/src/stm32f4-hal/stm32f4xx_hal.o
                                         0x45 (size before relaxing)
 .comment       0x0000000000000044       0x45 ./system/src/stm32f4-hal/stm32f4xx_hal_cortex.o
 .comment       0x0000000000000044       0x45 ./system/src/stm32f4-hal/stm32f4xx_hal_rcc.o
 .comment       0x0000000000000044       0x45 ./system/src/newlib/assert.o
 .comment       0x0000000000000044       0x45 ./system/src/newlib/exit.o
 .comment       0x0000000000000044       0x45 ./system/src/newlib/sbrk.o
 .comment       0x0000000000000044       0x45 ./system/src/newlib/startup.o
 .comment       0x0000000000000044       0x45 ./system/src/newlib/syscalls.o
 .comment       0x0000000000000044       0x45 ./system/src/diag/trace-impl.o
 .comment       0x0000000000000044       0x45 ./system/src/diag/trace.o
 .comment       0x0000000000000044       0x45 ./system/src/cortexm/exception-handlers.o
 .comment       0x0000000000000044       0x45 ./system/src/cortexm/initialize-hardware.o
 .comment       0x0000000000000044       0x45 ./system/src/cmsis/system_stm32f4xx.o
 .comment       0x0000000000000044       0x45 ./system/src/cmsis/vectors_stm32f407xx.o
 .comment       0x0000000000000044       0x45 ./src/initialize-hardware.o
 .comment       0x0000000000000044       0x45 ./src/main.o
 .comment       0x0000000000000044       0x45 ./src/stm32f4xx_hal_msp.o
 .comment       0x0000000000000044       0x45 ./FreeRTOS Source/portable/MemMang/heap_4.o
 .comment       0x0000000000000044       0x45 ./FreeRTOS Source/portable/GCC/ARM_CM4F/port.o
 .comment       0x0000000000000044       0x45 ./FreeRTOS Source/list.o
 .comment       0x0000000000000044       0x45 ./FreeRTOS Source/queue.o
 .comment       0x0000000000000044       0x45 ./FreeRTOS Source/tasks.o
 .comment       0x0000000000000044       0x45 ./FreeRTOS Source/timers.o

.ARM.attributes
                0x0000000000000000       0x30
 .ARM.attributes
                0x0000000000000000       0x32 ./system/src/stm32f4-hal/stm32f4xx_hal.o
 .ARM.attributes
                0x0000000000000032       0x32 ./system/src/stm32f4-hal/stm32f4xx_hal_cortex.o
 .ARM.attributes
                0x0000000000000064       0x32 ./system/src/stm32f4-hal/stm32f4xx_hal_rcc.o
 .ARM.attributes
                0x0000000000000096       0x32 ./system/src/newlib/assert.o
 .ARM.attributes
                0x00000000000000c8       0x32 ./system/src/newlib/exit.o
 .ARM.attributes
                0x00000000000000fa       0x32 ./system/src/newlib/sbrk.o
 .ARM.attributes
                0x000000000000012c       0x32 ./system/src/newlib/startup.o
 .ARM.attributes
                0x000000000000015e       0x32 ./system/src/newlib/syscalls.o
 .ARM.attributes
                0x0000000000000190       0x32 ./system/src/diag/trace-impl.o
 .ARM.attributes
                0x00000000000001c2       0x32 ./system/src/diag/trace.o
 .ARM.attributes
                0x00000000000001f4       0x32 ./system/src/cortexm/exception-handlers.o
 .ARM.attributes
                0x0000000000000226       0x32 ./system/src/cortexm/initialize-hardware.o
 .ARM.attributes
                0x0000000000000258       0x32 ./system/src/cmsis/system_stm32f4xx.o
 .ARM.attributes
                0x000000000000028a       0x32 ./system/src/cmsis/vectors_stm32f407xx.o
 .ARM.attributes
                0x00000000000002bc       0x32 ./src/initialize-hardware.o
 .ARM.attributes
                0x00000000000002ee       0x32 ./src/main.o
 .ARM.attributes
                0x0000000000000320       0x32 ./src/stm32f4xx_hal_msp.o
 .ARM.attributes
                0x0000000000000352       0x32 ./FreeRTOS Source/portable/MemMang/heap_4.o
 .ARM.attributes
                0x0000000000000384       0x32 ./FreeRTOS Source/portable/GCC/ARM_CM4F/port.o
 .ARM.attributes
                0x00000000000003b6       0x32 ./FreeRTOS Source/list.o
 .ARM.attributes
                0x00000000000003e8       0x32 ./FreeRTOS Source/queue.o
 .ARM.attributes
                0x000000000000041a       0x32 ./FreeRTOS Source/tasks.o
 .ARM.attributes
                0x000000000000044c       0x32 ./FreeRTOS Source/timers.o
 .ARM.attributes
                0x000000000000047e       0x1e /home/osboxes/.local/xPacks/@xpack-dev-tools/arm-none-eabi-gcc/10.2.1-1.1.2/.content/bin/../lib/gcc/arm-none-eabi/10.2.1/thumb/v7e-m+fp/softfp/libgcc.a(_arm_addsubdf3.o)
 .ARM.attributes
                0x000000000000049c       0x1e /home/osboxes/.local/xPacks/@xpack-dev-tools/arm-none-eabi-gcc/10.2.1-1.1.2/.content/bin/../lib/gcc/arm-none-eabi/10.2.1/thumb/v7e-m+fp/softfp/libgcc.a(_arm_muldivdf3.o)
 .ARM.attributes
                0x00000000000004ba       0x1e /home/osboxes/.local/xPacks/@xpack-dev-tools/arm-none-eabi-gcc/10.2.1-1.1.2/.content/bin/../lib/gcc/arm-none-eabi/10.2.1/thumb/v7e-m+fp/softfp/libgcc.a(_arm_cmpdf2.o)
 .ARM.attributes
                0x00000000000004d8       0x1e /home/osboxes/.local/xPacks/@xpack-dev-tools/arm-none-eabi-gcc/10.2.1-1.1.2/.content/bin/../lib/gcc/arm-none-eabi/10.2.1/thumb/v7e-m+fp/softfp/libgcc.a(_arm_fixunsdfsi.o)
 .ARM.attributes
                0x00000000000004f6       0x1e /home/osboxes/.local/xPacks/@xpack-dev-tools/arm-none-eabi-gcc/10.2.1-1.1.2/.content/bin/../lib/gcc/arm-none-eabi/10.2.1/thumb/v7e-m+fp/softfp/libgcc.a(_aeabi_uldivmod.o)
 .ARM.attributes
                0x0000000000000514       0x32 /home/osboxes/.local/xPacks/@xpack-dev-tools/arm-none-eabi-gcc/10.2.1-1.1.2/.content/bin/../lib/gcc/arm-none-eabi/10.2.1/thumb/v7e-m+fp/softfp/libgcc.a(_udivmoddi4.o)
 .ARM.attributes
                0x0000000000000546       0x1e /home/osboxes/.local/xPacks/@xpack-dev-tools/arm-none-eabi-gcc/10.2.1-1.1.2/.content/bin/../lib/gcc/arm-none-eabi/10.2.1/thumb/v7e-m+fp/softfp/libgcc.a(_dvmd_tls.o)
 .ARM.attributes
                0x0000000000000564       0x30 /home/osboxes/.local/xPacks/@xpack-dev-tools/arm-none-eabi-gcc/10.2.1-1.1.2/.content/bin/../lib/gcc/arm-none-eabi/10.2.1/../../../../arm-none-eabi/lib/thumb/v7e-m+fp/softfp/libg_nano.a(lib_a-ctype_.o)
 .ARM.attributes
                0x0000000000000594       0x32 /home/osboxes/.local/xPacks/@xpack-dev-tools/arm-none-eabi-gcc/10.2.1-1.1.2/.content/bin/../lib/gcc/arm-none-eabi/10.2.1/../../../../arm-none-eabi/lib/thumb/v7e-m+fp/softfp/libg_nano.a(lib_a-errno.o)
 .ARM.attributes
                0x00000000000005c6       0x32 /home/osboxes/.local/xPacks/@xpack-dev-tools/arm-none-eabi-gcc/10.2.1-1.1.2/.content/bin/../lib/gcc/arm-none-eabi/10.2.1/../../../../arm-none-eabi/lib/thumb/v7e-m+fp/softfp/libg_nano.a(lib_a-findfp.o)
 .ARM.attributes
                0x00000000000005f8       0x32 /home/osboxes/.local/xPacks/@xpack-dev-tools/arm-none-eabi-gcc/10.2.1-1.1.2/.content/bin/../lib/gcc/arm-none-eabi/10.2.1/../../../../arm-none-eabi/lib/thumb/v7e-m+fp/softfp/libg_nano.a(lib_a-fwalk.o)
 .ARM.attributes
                0x000000000000062a       0x30 /home/osboxes/.local/xPacks/@xpack-dev-tools/arm-none-eabi-gcc/10.2.1-1.1.2/.content/bin/../lib/gcc/arm-none-eabi/10.2.1/../../../../arm-none-eabi/lib/thumb/v7e-m+fp/softfp/libg_nano.a(lib_a-impure.o)
 .ARM.attributes
                0x000000000000065a       0x32 /home/osboxes/.local/xPacks/@xpack-dev-tools/arm-none-eabi-gcc/10.2.1-1.1.2/.content/bin/../lib/gcc/arm-none-eabi/10.2.1/../../../../arm-none-eabi/lib/thumb/v7e-m+fp/softfp/libg_nano.a(lib_a-lock.o)
 .ARM.attributes
                0x000000000000068c       0x32 /home/osboxes/.local/xPacks/@xpack-dev-tools/arm-none-eabi-gcc/10.2.1-1.1.2/.content/bin/../lib/gcc/arm-none-eabi/10.2.1/../../../../arm-none-eabi/lib/thumb/v7e-m+fp/softfp/libg_nano.a(lib_a-memcpy-stub.o)
 .ARM.attributes
                0x00000000000006be       0x32 /home/osboxes/.local/xPacks/@xpack-dev-tools/arm-none-eabi-gcc/10.2.1-1.1.2/.content/bin/../lib/gcc/arm-none-eabi/10.2.1/../../../../arm-none-eabi/lib/thumb/v7e-m+fp/softfp/libg_nano.a(lib_a-memset.o)
 .ARM.attributes
                0x00000000000006f0       0x32 /home/osboxes/.local/xPacks/@xpack-dev-tools/arm-none-eabi-gcc/10.2.1-1.1.2/.content/bin/../lib/gcc/arm-none-eabi/10.2.1/../../../../arm-none-eabi/lib/thumb/v7e-m+fp/softfp/libg_nano.a(lib_a-nano-mallocr.o)
 .ARM.attributes
                0x0000000000000722       0x32 /home/osboxes/.local/xPacks/@xpack-dev-tools/arm-none-eabi-gcc/10.2.1-1.1.2/.content/bin/../lib/gcc/arm-none-eabi/10.2.1/../../../../arm-none-eabi/lib/thumb/v7e-m+fp/softfp/libg_nano.a(lib_a-printf.o)
 .ARM.attributes
                0x0000000000000754       0x32 /home/osboxes/.local/xPacks/@xpack-dev-tools/arm-none-eabi-gcc/10.2.1-1.1.2/.content/bin/../lib/gcc/arm-none-eabi/10.2.1/../../../../arm-none-eabi/lib/thumb/v7e-m+fp/softfp/libg_nano.a(lib_a-puts.o)
 .ARM.attributes
                0x0000000000000786       0x32 /home/osboxes/.local/xPacks/@xpack-dev-tools/arm-none-eabi-gcc/10.2.1-1.1.2/.content/bin/../lib/gcc/arm-none-eabi/10.2.1/../../../../arm-none-eabi/lib/thumb/v7e-m+fp/softfp/libg_nano.a(lib_a-rand.o)
 .ARM.attributes
                0x00000000000007b8       0x32 /home/osboxes/.local/xPacks/@xpack-dev-tools/arm-none-eabi-gcc/10.2.1-1.1.2/.content/bin/../lib/gcc/arm-none-eabi/10.2.1/../../../../arm-none-eabi/lib/thumb/v7e-m+fp/softfp/libg_nano.a(lib_a-sbrkr.o)
 .ARM.attributes
                0x00000000000007ea       0x32 /home/osboxes/.local/xPacks/@xpack-dev-tools/arm-none-eabi-gcc/10.2.1-1.1.2/.content/bin/../lib/gcc/arm-none-eabi/10.2.1/../../../../arm-none-eabi/lib/thumb/v7e-m+fp/softfp/libg_nano.a(lib_a-stdio.o)
 .ARM.attributes
                0x000000000000081c       0x1c /home/osboxes/.local/xPacks/@xpack-dev-tools/arm-none-eabi-gcc/10.2.1-1.1.2/.content/bin/../lib/gcc/arm-none-eabi/10.2.1/../../../../arm-none-eabi/lib/thumb/v7e-m+fp/softfp/libg_nano.a(lib_a-strcmp.o)
 .ARM.attributes
                0x0000000000000838       0x17 /home/osboxes/.local/xPacks/@xpack-dev-tools/arm-none-eabi-gcc/10.2.1-1.1.2/.content/bin/../lib/gcc/arm-none-eabi/10.2.1/../../../../arm-none-eabi/lib/thumb/v7e-m+fp/softfp/libg_nano.a(lib_a-strlen.o)
 .ARM.attributes
                0x000000000000084f       0x32 /home/osboxes/.local/xPacks/@xpack-dev-tools/arm-none-eabi-gcc/10.2.1-1.1.2/.content/bin/../lib/gcc/arm-none-eabi/10.2.1/../../../../arm-none-eabi/lib/thumb/v7e-m+fp/softfp/libg_nano.a(lib_a-time.o)
 .ARM.attributes
                0x0000000000000881       0x32 /home/osboxes/.local/xPacks/@xpack-dev-tools/arm-none-eabi-gcc/10.2.1-1.1.2/.content/bin/../lib/gcc/arm-none-eabi/10.2.1/../../../../arm-none-eabi/lib/thumb/v7e-m+fp/softfp/libg_nano.a(lib_a-vsnprintf.o)
 .ARM.attributes
                0x00000000000008b3       0x32 /home/osboxes/.local/xPacks/@xpack-dev-tools/arm-none-eabi-gcc/10.2.1-1.1.2/.content/bin/../lib/gcc/arm-none-eabi/10.2.1/../../../../arm-none-eabi/lib/thumb/v7e-m+fp/softfp/libg_nano.a(lib_a-wbuf.o)
 .ARM.attributes
                0x00000000000008e5       0x32 /home/osboxes/.local/xPacks/@xpack-dev-tools/arm-none-eabi-gcc/10.2.1-1.1.2/.content/bin/../lib/gcc/arm-none-eabi/10.2.1/../../../../arm-none-eabi/lib/thumb/v7e-m+fp/softfp/libg_nano.a(lib_a-writer.o)
 .ARM.attributes
                0x0000000000000917       0x32 /home/osboxes/.local/xPacks/@xpack-dev-tools/arm-none-eabi-gcc/10.2.1-1.1.2/.content/bin/../lib/gcc/arm-none-eabi/10.2.1/../../../../arm-none-eabi/lib/thumb/v7e-m+fp/softfp/libg_nano.a(lib_a-wsetup.o)
 .ARM.attributes
                0x0000000000000949       0x32 /home/osboxes/.local/xPacks/@xpack-dev-tools/arm-none-eabi-gcc/10.2.1-1.1.2/.content/bin/../lib/gcc/arm-none-eabi/10.2.1/../../../../arm-none-eabi/lib/thumb/v7e-m+fp/softfp/libg_nano.a(lib_a-closer.o)
 .ARM.attributes
                0x000000000000097b       0x32 /home/osboxes/.local/xPacks/@xpack-dev-tools/arm-none-eabi-gcc/10.2.1-1.1.2/.content/bin/../lib/gcc/arm-none-eabi/10.2.1/../../../../arm-none-eabi/lib/thumb/v7e-m+fp/softfp/libg_nano.a(lib_a-fflush.o)
 .ARM.attributes
                0x00000000000009ad       0x32 /home/osboxes/.local/xPacks/@xpack-dev-tools/arm-none-eabi-gcc/10.2.1-1.1.2/.content/bin/../lib/gcc/arm-none-eabi/10.2.1/../../../../arm-none-eabi/lib/thumb/v7e-m+fp/softfp/libg_nano.a(lib_a-gettimeofdayr.o)
 .ARM.attributes
                0x00000000000009df       0x32 /home/osboxes/.local/xPacks/@xpack-dev-tools/arm-none-eabi-gcc/10.2.1-1.1.2/.content/bin/../lib/gcc/arm-none-eabi/10.2.1/../../../../arm-none-eabi/lib/thumb/v7e-m+fp/softfp/libg_nano.a(lib_a-lseekr.o)
 .ARM.attributes
                0x0000000000000a11       0x32 /home/osboxes/.local/xPacks/@xpack-dev-tools/arm-none-eabi-gcc/10.2.1-1.1.2/.content/bin/../lib/gcc/arm-none-eabi/10.2.1/../../../../arm-none-eabi/lib/thumb/v7e-m+fp/softfp/libg_nano.a(lib_a-makebuf.o)
 .ARM.attributes
                0x0000000000000a43       0x32 /home/osboxes/.local/xPacks/@xpack-dev-tools/arm-none-eabi-gcc/10.2.1-1.1.2/.content/bin/../lib/gcc/arm-none-eabi/10.2.1/../../../../arm-none-eabi/lib/thumb/v7e-m+fp/softfp/libg_nano.a(lib_a-malloc.o)
 .ARM.attributes
                0x0000000000000a75       0x32 /home/osboxes/.local/xPacks/@xpack-dev-tools/arm-none-eabi-gcc/10.2.1-1.1.2/.content/bin/../lib/gcc/arm-none-eabi/10.2.1/../../../../arm-none-eabi/lib/thumb/v7e-m+fp/softfp/libg_nano.a(lib_a-mlock.o)
 .ARM.attributes
                0x0000000000000aa7       0x32 /home/osboxes/.local/xPacks/@xpack-dev-tools/arm-none-eabi-gcc/10.2.1-1.1.2/.content/bin/../lib/gcc/arm-none-eabi/10.2.1/../../../../arm-none-eabi/lib/thumb/v7e-m+fp/softfp/libg_nano.a(lib_a-nano-freer.o)
 .ARM.attributes
                0x0000000000000ad9       0x32 /home/osboxes/.local/xPacks/@xpack-dev-tools/arm-none-eabi-gcc/10.2.1-1.1.2/.content/bin/../lib/gcc/arm-none-eabi/10.2.1/../../../../arm-none-eabi/lib/thumb/v7e-m+fp/softfp/libg_nano.a(lib_a-nano-svfprintf.o)
 .ARM.attributes
                0x0000000000000b0b       0x32 /home/osboxes/.local/xPacks/@xpack-dev-tools/arm-none-eabi-gcc/10.2.1-1.1.2/.content/bin/../lib/gcc/arm-none-eabi/10.2.1/../../../../arm-none-eabi/lib/thumb/v7e-m+fp/softfp/libg_nano.a(lib_a-nano-vfprintf_i.o)
 .ARM.attributes
                0x0000000000000b3d       0x32 /home/osboxes/.local/xPacks/@xpack-dev-tools/arm-none-eabi-gcc/10.2.1-1.1.2/.content/bin/../lib/gcc/arm-none-eabi/10.2.1/../../../../arm-none-eabi/lib/thumb/v7e-m+fp/softfp/libg_nano.a(lib_a-nano-vfprintf.o)
 .ARM.attributes
                0x0000000000000b6f       0x32 /home/osboxes/.local/xPacks/@xpack-dev-tools/arm-none-eabi-gcc/10.2.1-1.1.2/.content/bin/../lib/gcc/arm-none-eabi/10.2.1/../../../../arm-none-eabi/lib/thumb/v7e-m+fp/softfp/libg_nano.a(lib_a-readr.o)
 .ARM.attributes
                0x0000000000000ba1       0x32 /home/osboxes/.local/xPacks/@xpack-dev-tools/arm-none-eabi-gcc/10.2.1-1.1.2/.content/bin/../lib/gcc/arm-none-eabi/10.2.1/../../../../arm-none-eabi/lib/thumb/v7e-m+fp/softfp/libg_nano.a(lib_a-fstatr.o)
 .ARM.attributes
                0x0000000000000bd3       0x32 /home/osboxes/.local/xPacks/@xpack-dev-tools/arm-none-eabi-gcc/10.2.1-1.1.2/.content/bin/../lib/gcc/arm-none-eabi/10.2.1/../../../../arm-none-eabi/lib/thumb/v7e-m+fp/softfp/libg_nano.a(lib_a-isattyr.o)