Archive member included to satisfy reference by file (symbol)

/home/osboxes/.local/xPacks/@xpack-dev-tools/arm-none-eabi-gcc/10.2.1-1.1.2/.content/bin/../lib/gcc/arm-none-eabi/10.2.1/thumb/v7e-m+fp/softfp/libgcc.a(_arm_addsubdf3.o)
                              ./src/main.o (__aeabi_i2d)
/home/osboxes/.local/xPacks/@xpack-dev-tools/arm-none-eabi-gcc/10.2.1-1.1.2/.content/bin/../lib/gcc/arm-none-eabi/10.2.1/thumb/v7e-m+fp/softfp/libgcc.a(_arm_muldivdf3.o)
                              ./src/main.o (__aeabi_ddiv)
/home/osboxes/.local/xPacks/@xpack-dev-tools/arm-none-eabi-gcc/10.2.1-1.1.2/.content/bin/../lib/gcc/arm-none-eabi/10.2.1/thumb/v7e-m+fp/softfp/libgcc.a(_arm_cmpdf2.o)
                              ./src/main.o (__aeabi_dcmple)
/home/osboxes/.local/xPacks/@xpack-dev-tools/arm-none-eabi-gcc/10.2.1-1.1.2/.content/bin/../lib/gcc/arm-none-eabi/10.2.1/thumb/v7e-m+fp/softfp/libgcc.a(_aeabi_uldivmod.o)
                              ./system/src/stm32f4-hal/stm32f4xx_hal_rcc.o (__aeabi_uldivmod)
/home/osboxes/.local/xPacks/@xpack-dev-tools/arm-none-eabi-gcc/10.2.1-1.1.2/.content/bin/../lib/gcc/arm-none-eabi/10.2.1/thumb/v7e-m+fp/softfp/libgcc.a(_udivmoddi4.o)
                              /home/osboxes/.local/xPacks/@xpack-dev-tools/arm-none-eabi-gcc/10.2.1-1.1.2/.content/bin/../lib/gcc/arm-none-eabi/10.2.1/thumb/v7e-m+fp/softfp/libgcc.a(_aeabi_uldivmod.o) (__udivmoddi4)
/home/osboxes/.local/xPacks/@xpack-dev-tools/arm-none-eabi-gcc/10.2.1-1.1.2/.content/bin/../lib/gcc/arm-none-eabi/10.2.1/thumb/v7e-m+fp/softfp/libgcc.a(_dvmd_tls.o)
                              /home/osboxes/.local/xPacks/@xpack-dev-tools/arm-none-eabi-gcc/10.2.1-1.1.2/.content/bin/../lib/gcc/arm-none-eabi/10.2.1/thumb/v7e-m+fp/softfp/libgcc.a(_aeabi_uldivmod.o) (__aeabi_ldiv0)
/home/osboxes/.local/xPacks/@xpack-dev-tools/arm-none-eabi-gcc/10.2.1-1.1.2/.content/bin/../lib/gcc/arm-none-eabi/10.2.1/../../../../arm-none-eabi/lib/thumb/v7e-m+fp/softfp/libg_nano.a(lib_a-ctype_.o)
                              ./system/src/newlib/syscalls.o (_ctype_)
/home/osboxes/.local/xPacks/@xpack-dev-tools/arm-none-eabi-gcc/10.2.1-1.1.2/.content/bin/../lib/gcc/arm-none-eabi/10.2.1/../../../../arm-none-eabi/lib/thumb/v7e-m+fp/softfp/libg_nano.a(lib_a-errno.o)
                              ./system/src/newlib/sbrk.o (__errno)
/home/osboxes/.local/xPacks/@xpack-dev-tools/arm-none-eabi-gcc/10.2.1-1.1.2/.content/bin/../lib/gcc/arm-none-eabi/10.2.1/../../../../arm-none-eabi/lib/thumb/v7e-m+fp/softfp/libg_nano.a(lib_a-findfp.o)
                              ./system/src/newlib/syscalls.o (__sinit)
/home/osboxes/.local/xPacks/@xpack-dev-tools/arm-none-eabi-gcc/10.2.1-1.1.2/.content/bin/../lib/gcc/arm-none-eabi/10.2.1/../../../../arm-none-eabi/lib/thumb/v7e-m+fp/softfp/libg_nano.a(lib_a-fwalk.o)
                              /home/osboxes/.local/xPacks/@xpack-dev-tools/arm-none-eabi-gcc/10.2.1-1.1.2/.content/bin/../lib/gcc/arm-none-eabi/10.2.1/../../../../arm-none-eabi/lib/thumb/v7e-m+fp/softfp/libg_nano.a(lib_a-findfp.o) (_fwalk)
/home/osboxes/.local/xPacks/@xpack-dev-tools/arm-none-eabi-gcc/10.2.1-1.1.2/.content/bin/../lib/gcc/arm-none-eabi/10.2.1/../../../../arm-none-eabi/lib/thumb/v7e-m+fp/softfp/libg_nano.a(lib_a-impure.o)
                              /home/osboxes/.local/xPacks/@xpack-dev-tools/arm-none-eabi-gcc/10.2.1-1.1.2/.content/bin/../lib/gcc/arm-none-eabi/10.2.1/../../../../arm-none-eabi/lib/thumb/v7e-m+fp/softfp/libg_nano.a(lib_a-findfp.o) (_global_impure_ptr)
/home/osboxes/.local/xPacks/@xpack-dev-tools/arm-none-eabi-gcc/10.2.1-1.1.2/.content/bin/../lib/gcc/arm-none-eabi/10.2.1/../../../../arm-none-eabi/lib/thumb/v7e-m+fp/softfp/libg_nano.a(lib_a-lock.o)
                              /home/osboxes/.local/xPacks/@xpack-dev-tools/arm-none-eabi-gcc/10.2.1-1.1.2/.content/bin/../lib/gcc/arm-none-eabi/10.2.1/../../../../arm-none-eabi/lib/thumb/v7e-m+fp/softfp/libg_nano.a(lib_a-findfp.o) (__retarget_lock_init_recursive)
/home/osboxes/.local/xPacks/@xpack-dev-tools/arm-none-eabi-gcc/10.2.1-1.1.2/.content/bin/../lib/gcc/arm-none-eabi/10.2.1/../../../../arm-none-eabi/lib/thumb/v7e-m+fp/softfp/libg_nano.a(lib_a-malloc.o)
                              ./src/main.o (malloc)
/home/osboxes/.local/xPacks/@xpack-dev-tools/arm-none-eabi-gcc/10.2.1-1.1.2/.content/bin/../lib/gcc/arm-none-eabi/10.2.1/../../../../arm-none-eabi/lib/thumb/v7e-m+fp/softfp/libg_nano.a(lib_a-memcpy-stub.o)
                              ./FreeRTOS Source/queue.o (memcpy)
/home/osboxes/.local/xPacks/@xpack-dev-tools/arm-none-eabi-gcc/10.2.1-1.1.2/.content/bin/../lib/gcc/arm-none-eabi/10.2.1/../../../../arm-none-eabi/lib/thumb/v7e-m+fp/softfp/libg_nano.a(lib_a-memset.o)
                              ./system/src/newlib/syscalls.o (memset)
/home/osboxes/.local/xPacks/@xpack-dev-tools/arm-none-eabi-gcc/10.2.1-1.1.2/.content/bin/../lib/gcc/arm-none-eabi/10.2.1/../../../../arm-none-eabi/lib/thumb/v7e-m+fp/softfp/libg_nano.a(lib_a-nano-freer.o)
[...]
Memory Configuration

Name             Origin             Length             Attributes
RAM              0x0000000020000000 0x0000000000020000 xrw
CCMRAM           0x0000000010000000 0x0000000000010000 xrw
FLASH            0x0000000008000000 0x0000000000100000 xr
FLASHB1          0x0000000000000000 0x0000000000000000 xr
EXTMEMB0         0x0000000000000000 0x0000000000000000 xr
EXTMEMB1         0x0000000000000000 0x0000000000000000 xr
EXTMEMB2         0x0000000000000000 0x0000000000000000 xr
EXTMEMB3         0x0000000000000000 0x0000000000000000 xr
MEMORY_ARRAY     0x0000000020002000 0x0000000000000020 xrw
*default*        0x0000000000000000 0xffffffffffffffff

Linker script and memory map

LOAD ./system/src/stm32f4-hal/stm32f4xx_hal.o
LOAD ./system/src/stm32f4-hal/stm32f4xx_hal_cortex.o
LOAD ./system/src/stm32f4-hal/stm32f4xx_hal_flash.o
LOAD ./system/src/stm32f4-hal/stm32f4xx_hal_flash_ex.o
LOAD ./system/src/stm32f4-hal/stm32f4xx_hal_flash_ramfunc.o
LOAD ./system/src/stm32f4-hal/stm32f4xx_hal_gpio.o
LOAD ./system/src/stm32f4-hal/stm32f4xx_hal_iwdg.o
LOAD ./system/src/stm32f4-hal/stm32f4xx_hal_pwr.o
LOAD ./system/src/stm32f4-hal/stm32f4xx_hal_rcc.o
LOAD ./system/src/newlib/assert.o
LOAD ./system/src/newlib/cxx.o
LOAD ./system/src/newlib/exit.o
LOAD ./system/src/newlib/sbrk.o
LOAD ./system/src/newlib/startup.o
LOAD ./system/src/newlib/syscalls.o
LOAD ./system/src/diag/trace-impl.o
LOAD ./system/src/diag/trace.o
LOAD ./system/src/cortexm/exception-handlers.o
LOAD ./system/src/cortexm/initialize-hardware.o
LOAD ./system/src/cortexm/reset-hardware.o
LOAD ./system/src/cmsis/system_stm32f4xx.o
LOAD ./system/src/cmsis/vectors_stm32f407xx.o
LOAD ./src/initialize-hardware.o
LOAD ./src/led.o
LOAD ./src/main.o
LOAD ./src/stm32f4xx_hal_msp.o
LOAD ./src/write.o
LOAD ./FreeRTOS Source/portable/MemMang/heap_4.o
LOAD ./FreeRTOS Source/portable/GCC/ARM_CM4F/port.o
LOAD ./FreeRTOS Source/croutine.o
LOAD ./FreeRTOS Source/event_groups.o
LOAD ./FreeRTOS Source/list.o
LOAD ./FreeRTOS Source/queue.o
LOAD ./FreeRTOS Source/tasks.o
LOAD ./FreeRTOS Source/timers.o
LOAD /home/osboxes/.local/xPacks/@xpack-dev-tools/arm-none-eabi-gcc/10.2.1-1.1.2/.content/bin/../lib/gcc/arm-none-eabi/10.2.1/../../../../arm-none-eabi/lib/thumb/v7e-m+fp/softfp/libstdc++_nano.a
LOAD /home/osboxes/.local/xPacks/@xpack-dev-tools/arm-none-eabi-gcc/10.2.1-1.1.2/.content/bin/../lib/gcc/arm-none-eabi/10.2.1/../../../../arm-none-eabi/lib/thumb/v7e-m+fp/softfp/libm.a
START GROUP
LOAD /home/osboxes/.local/xPacks/@xpack-dev-tools/arm-none-eabi-gcc/10.2.1-1.1.2/.content/bin/../lib/gcc/arm-none-eabi/10.2.1/thumb/v7e-m+fp/softfp/libgcc.a
LOAD /home/osboxes/.local/xPacks/@xpack-dev-tools/arm-none-eabi-gcc/10.2.1-1.1.2/.content/bin/../lib/gcc/arm-none-eabi/10.2.1/../../../../arm-none-eabi/lib/thumb/v7e-m+fp/softfp/libg_nano.a
LOAD /home/osboxes/.local/xPacks/@xpack-dev-tools/arm-none-eabi-gcc/10.2.1-1.1.2/.content/bin/../lib/gcc/arm-none-eabi/10.2.1/../../../../arm-none-eabi/lib/thumb/v7e-m+fp/softfp/libc_nano.a
END GROUP
START GROUP
LOAD /home/osboxes/.local/xPacks/@xpack-dev-tools/arm-none-eabi-gcc/10.2.1-1.1.2/.content/bin/../lib/gcc/arm-none-eabi/10.2.1/thumb/v7e-m+fp/softfp/libgcc.a
LOAD /home/osboxes/.local/xPacks/@xpack-dev-tools/arm-none-eabi-gcc/10.2.1-1.1.2/.content/bin/../lib/gcc/arm-none-eabi/10.2.1/../../../../arm-none-eabi/lib/thumb/v7e-m+fp/softfp/libc_nano.a
END GROUP
                0x0000000020020000                __stack = (ORIGIN (RAM) + LENGTH (RAM))
                0x0000000020020000                _estack = __stack
                0x0000000000000400                __Main_Stack_Size = 0x400
                [!provide]                        PROVIDE (_Main_Stack_Size = __Main_Stack_Size)
                0x000000002001fc00                __Main_Stack_Limit = (__stack - __Main_Stack_Size)
                [!provide]                        PROVIDE (_Main_Stack_Limit = __Main_Stack_Limit)
                0x0000000000000100                _Minimum_Stack_Size = 0x100
                0x0000000020013034                PROVIDE (_Heap_Begin = _end_noinit)
                0x000000002001fc00                PROVIDE (_Heap_Limit = (__stack - __Main_Stack_Size))

.isr_vector     0x0000000008000000      0x3e8
 FILL mask 0xff
                0x0000000008000000                __vectors_start = ABSOLUTE (.)
                0x0000000008000000                __vectors_start__ = ABSOLUTE (.)
 *(.isr_vector)
 .isr_vector    0x0000000008000000      0x188 ./system/src/cmsis/vectors_stm32f407xx.o
                0x0000000008000000                __isr_vectors
 *(.cfmconfig)
 *(.after_vectors .after_vectors.*)
 .after_vectors
                0x0000000008000188      0x130 ./system/src/newlib/startup.o
                0x0000000008000188                _start
 .after_vectors
                0x00000000080002b8      0x12c ./system/src/cortexm/exception-handlers.o
                0x00000000080002b8                Reset_Handler
                0x00000000080002be                NMI_Handler
                0x00000000080002c2                HardFault_Handler
                0x00000000080002d6                HardFault_Handler_C
                0x0000000008000334                MemManage_Handler
                0x0000000008000338                BusFault_Handler
                0x000000000800034c                BusFault_Handler_C
                0x0000000008000380                UsageFault_Handler
                0x0000000008000394                UsageFault_Handler_C
                0x00000000080003cc                DebugMon_Handler
 .after_vectors
                0x00000000080003e4        0x4 ./system/src/cmsis/vectors_stm32f407xx.o
                0x00000000080003e4                RTC_Alarm_IRQHandler
                0x00000000080003e4                HASH_RNG_IRQHandler
                0x00000000080003e4                EXTI2_IRQHandler
                0x00000000080003e4                TIM8_CC_IRQHandler
                0x00000000080003e4                TIM1_CC_IRQHandler
                0x00000000080003e4                DMA2_Stream5_IRQHandler
                0x00000000080003e4                DMA1_Stream5_IRQHandler
                0x00000000080003e4                PVD_IRQHandler
                0x00000000080003e4                SDIO_IRQHandler
                0x00000000080003e4                TAMP_STAMP_IRQHandler
                0x00000000080003e4                CAN2_RX1_IRQHandler
                0x00000000080003e4                EXTI3_IRQHandler
                0x00000000080003e4                TIM8_TRG_COM_TIM14_IRQHandler
                0x00000000080003e4                TIM1_UP_TIM10_IRQHandler
                0x00000000080003e4                TIM8_UP_TIM13_IRQHandler
                0x00000000080003e4                I2C3_ER_IRQHandler
                0x00000000080003e4                EXTI0_IRQHandler
                0x00000000080003e4                I2C2_EV_IRQHandler
                0x00000000080003e4                DMA1_Stream2_IRQHandler
                0x00000000080003e4                CAN1_RX0_IRQHandler
                0x00000000080003e4                FPU_IRQHandler
                0x00000000080003e4                OTG_HS_WKUP_IRQHandler
                0x00000000080003e4                CAN2_SCE_IRQHandler
                0x00000000080003e4                DMA2_Stream2_IRQHandler
                0x00000000080003e4                SPI1_IRQHandler
                0x00000000080003e4                TIM6_DAC_IRQHandler
                0x00000000080003e4                TIM1_BRK_TIM9_IRQHandler
                0x00000000080003e4                DCMI_IRQHandler
                0x00000000080003e4                CAN2_RX0_IRQHandler
                0x00000000080003e4                DMA2_Stream3_IRQHandler
                0x00000000080003e4                USART6_IRQHandler
                0x00000000080003e4                USART3_IRQHandler
                0x00000000080003e4                CAN1_RX1_IRQHandler
                0x00000000080003e4                UART5_IRQHandler
                0x00000000080003e4                DMA2_Stream0_IRQHandler
                0x00000000080003e4                TIM4_IRQHandler
                0x00000000080003e4                I2C1_EV_IRQHandler
                0x00000000080003e4                DMA1_Stream6_IRQHandler
                0x00000000080003e4                DMA1_Stream1_IRQHandler
                0x00000000080003e4                UART4_IRQHandler
                0x00000000080003e4                TIM3_IRQHandler
                0x00000000080003e4                RCC_IRQHandler
                0x00000000080003e4                TIM8_BRK_TIM12_IRQHandler
                0x00000000080003e4                Default_Handler
                0x00000000080003e4                EXTI15_10_IRQHandler
                0x00000000080003e4                ADC_IRQHandler
                0x00000000080003e4                DMA1_Stream7_IRQHandler
                0x00000000080003e4                TIM7_IRQHandler
                0x00000000080003e4                CAN2_TX_IRQHandler
                0x00000000080003e4                TIM5_IRQHandler
                0x00000000080003e4                DMA2_Stream7_IRQHandler
                0x00000000080003e4                I2C3_EV_IRQHandler
                0x00000000080003e4                EXTI9_5_IRQHandler
                0x00000000080003e4                RTC_WKUP_IRQHandler
                0x00000000080003e4                ETH_WKUP_IRQHandler
                0x00000000080003e4                SPI2_IRQHandler
                0x00000000080003e4                OTG_HS_EP1_IN_IRQHandler
                0x00000000080003e4                DMA1_Stream0_IRQHandler
                0x00000000080003e4                CAN1_TX_IRQHandler
                0x00000000080003e4                EXTI4_IRQHandler
                0x00000000080003e4                ETH_IRQHandler
                0x00000000080003e4                OTG_HS_EP1_OUT_IRQHandler
                0x00000000080003e4                WWDG_IRQHandler
                0x00000000080003e4                TIM2_IRQHandler
                0x00000000080003e4                OTG_FS_WKUP_IRQHandler
                0x00000000080003e4                TIM1_TRG_COM_TIM11_IRQHandler
                0x00000000080003e4                OTG_HS_IRQHandler
                0x00000000080003e4                EXTI1_IRQHandler
                0x00000000080003e4                USART2_IRQHandler
                0x00000000080003e4                I2C2_ER_IRQHandler
                0x00000000080003e4                DMA2_Stream1_IRQHandler
                0x00000000080003e4                CAN1_SCE_IRQHandler
                0x00000000080003e4                FLASH_IRQHandler
                0x00000000080003e4                DMA2_Stream4_IRQHandler
                0x00000000080003e4                USART1_IRQHandler
                0x00000000080003e4                OTG_FS_IRQHandler
                0x00000000080003e4                SPI3_IRQHandler
                0x00000000080003e4                DMA1_Stream4_IRQHandler
                0x00000000080003e4                I2C1_ER_IRQHandler
                0x00000000080003e4                FMC_IRQHandler
                0x00000000080003e4                DMA2_Stream6_IRQHandler
                0x00000000080003e4                DMA1_Stream3_IRQHandler

.inits          0x00000000080003e8       0x28
                0x00000000080003e8                __data_regions_array_start = .
                0x00000000080003e8        0x4 LONG 0x80054f8 LOADADDR (.data)
                0x00000000080003ec        0x4 LONG 0x20000000 ADDR (.data)
                0x00000000080003f0        0x4 LONG 0x2000007c (ADDR (.data) + SIZEOF (.data))
                0x00000000080003f4        0x4 LONG 0x80054f8 LOADADDR (.data_CCMRAM)
                0x00000000080003f8        0x4 LONG 0x10000000 ADDR (.data_CCMRAM)
                0x00000000080003fc        0x4 LONG 0x10000000 (ADDR (.data_CCMRAM) + SIZEOF (.data_CCMRAM))
                0x0000000008000400                __data_regions_array_end = .
                0x0000000008000400                __bss_regions_array_start = .
                0x0000000008000400        0x4 LONG 0x2000007c ADDR (.bss)
                0x0000000008000404        0x4 LONG 0x20013034 (ADDR (.bss) + SIZEOF (.bss))
                0x0000000008000408        0x4 LONG 0x10000000 ADDR (.bss_CCMRAM)
                0x000000000800040c        0x4 LONG 0x10000000 (ADDR (.bss_CCMRAM) + SIZEOF (.bss_CCMRAM))
                0x0000000008000410                __bss_regions_array_end = .
 *(.init)
 *(.fini)
                0x0000000008000410                . = ALIGN (0x4)
                0x0000000008000410                PROVIDE (__preinit_array_start = .)
 *(.preinit_array_sysinit .preinit_array_sysinit.*)
 *(.preinit_array_platform .preinit_array_platform.*)
 *(.preinit_array .preinit_array.*)
                0x0000000008000410                PROVIDE (__preinit_array_end = .)
                0x0000000008000410                . = ALIGN (0x4)
                0x0000000008000410                PROVIDE (__init_array_start = .)
 *(SORT_BY_NAME(.init_array.*))
 *(.init_array)
                0x0000000008000410                PROVIDE (__init_array_end = .)
                0x0000000008000410                . = ALIGN (0x4)
                0x0000000008000410                PROVIDE (__fini_array_start = .)
 *(SORT_BY_NAME(.fini_array.*))
 *(.fini_array)
                0x0000000008000410                PROVIDE (__fini_array_end = .)

.flashtext
 *(.flashtext .flashtext.*)

.text           0x0000000008000410     0x50e0
 *(.text .text.*)
 .text.HAL_InitTick
                0x0000000008000410       0x4c ./system/src/stm32f4-hal/stm32f4xx_hal.o
                0x0000000008000410                HAL_InitTick
 .text.HAL_Init
                0x000000000800045c       0x34 ./system/src/stm32f4-hal/stm32f4xx_hal.o
                0x000000000800045c                HAL_Init
 .text.HAL_GetTick
                0x0000000008000490        0xc ./system/src/stm32f4-hal/stm32f4xx_hal.o
                0x0000000008000490                HAL_GetTick
 .text.HAL_NVIC_SetPriorityGrouping
                0x000000000800049c       0x3c ./system/src/stm32f4-hal/stm32f4xx_hal_cortex.o
                0x000000000800049c                HAL_NVIC_SetPriorityGrouping
 .text.HAL_NVIC_SetPriority
                0x00000000080004d8       0x8c ./system/src/stm32f4-hal/stm32f4xx_hal_cortex.o
                0x00000000080004d8                HAL_NVIC_SetPriority
 .text.HAL_SYSTICK_Config
                0x0000000008000564       0x28 ./system/src/stm32f4-hal/stm32f4xx_hal_cortex.o
                0x0000000008000564                HAL_SYSTICK_Config
 .text.HAL_SYSTICK_CLKSourceConfig
                0x000000000800058c       0x3c ./system/src/stm32f4-hal/stm32f4xx_hal_cortex.o
                0x000000000800058c                HAL_SYSTICK_CLKSourceConfig
 .text.HAL_RCC_OscConfig
                0x00000000080005c8      0x4f0 ./system/src/stm32f4-hal/stm32f4xx_hal_rcc.o
                0x00000000080005c8                HAL_RCC_OscConfig
 .text.HAL_RCC_GetSysClockFreq
                0x0000000008000ab8       0xd4 ./system/src/stm32f4-hal/stm32f4xx_hal_rcc.o
                0x0000000008000ab8                HAL_RCC_GetSysClockFreq
 .text.HAL_RCC_ClockConfig
                0x0000000008000b8c      0x21c ./system/src/stm32f4-hal/stm32f4xx_hal_rcc.o
                0x0000000008000b8c                HAL_RCC_ClockConfig
 .text.HAL_RCC_GetHCLKFreq
                0x0000000008000da8        0xc ./system/src/stm32f4-hal/stm32f4xx_hal_rcc.o
                0x0000000008000da8                HAL_RCC_GetHCLKFreq
 .text.__assert_func
                0x0000000008000db4       0x38 ./system/src/newlib/assert.o
                0x0000000008000db4                __assert_func
 .text.abort    0x0000000008000dec       0x14 ./system/src/newlib/exit.o
                0x0000000008000dec                abort
 .text._sbrk    0x0000000008000e00       0x44 ./system/src/newlib/sbrk.o
                0x0000000008000e00                _sbrk
 .text._exit    0x0000000008000e44       0x20 ./system/src/newlib/syscalls.o
                0x0000000008000e44                _exit
 .text.initialise_monitor_handles
                0x0000000008000e64       0xa8 ./system/src/newlib/syscalls.o
                0x0000000008000e64                initialise_monitor_handles
 .text.__initialize_args
                0x0000000008000f0c       0xc0 ./system/src/newlib/syscalls.o
                0x0000000008000f0c                __initialize_args
 .text._gettimeofday
                0x0000000008000fcc       0x28 ./system/src/newlib/syscalls.o
                0x0000000008000fcc                _gettimeofday
 .text._trace_write_semihosting_debug
                0x0000000008000ff4       0x60 ./system/src/diag/trace-impl.o
 .text.trace_write
                0x0000000008001054        0x8 ./system/src/diag/trace-impl.o
                0x0000000008001054                trace_write
 .text.trace_printf
                0x000000000800105c       0x34 ./system/src/diag/trace.o
                0x000000000800105c                trace_printf
 .text.trace_puts
                0x0000000008001090       0x20 ./system/src/diag/trace.o
                0x0000000008001090                trace_puts
 .text.dumpExceptionStack
                0x00000000080010b0       0xf4 ./system/src/cortexm/exception-handlers.o
                0x00000000080010b0                dumpExceptionStack
 .text.isSemihosting
                0x00000000080011a4      0x100 ./system/src/cortexm/exception-handlers.o
                0x00000000080011a4                isSemihosting
 .text.__initialize_hardware_early
                0x00000000080012a4       0x18 ./system/src/cortexm/initialize-hardware.o
                0x00000000080012a4                __initialize_hardware_early
 .text.SystemInit
                0x00000000080012bc       0x10 ./system/src/cmsis/system_stm32f4xx.o
                0x00000000080012bc                SystemInit
 .text.SystemCoreClockUpdate
                0x00000000080012cc       0xa0 ./system/src/cmsis/system_stm32f4xx.o
                0x00000000080012cc                SystemCoreClockUpdate
 .text.SystemClock_Config
                0x000000000800136c       0xa0 ./src/initialize-hardware.o
                0x000000000800136c                SystemClock_Config
 .text.__initialize_hardware
                0x000000000800140c       0x10 ./src/initialize-hardware.o
                0x000000000800140c                __initialize_hardware
 .text.assert_failed
                0x000000000800141c       0x14 ./src/initialize-hardware.o
                0x000000000800141c                assert_failed
 .text.vRouterDelayCallBack
                0x0000000008001430       0x14 ./src/main.o
 .text.vSenderTimerCallBack
                0x0000000008001444       0x54 ./src/main.o
 .text.RandomNum
                0x0000000008001498       0x1a ./src/main.o
                0x0000000008001498                RandomNum
 *fill*         0x00000000080014b2        0x2 
 .text.vSenderTask
                0x00000000080014b4       0xcc ./src/main.o
                0x00000000080014b4                vSenderTask
 .text.QueueHandleToNum
                0x0000000008001580       0x54 ./src/main.o
                0x0000000008001580                QueueHandleToNum
 .text.vRecieverTask
                0x00000000080015d4      0x17c ./src/main.o
                0x00000000080015d4                vRecieverTask
 .text.checkProb
                0x0000000008001750       0x5c ./src/main.o
                0x0000000008001750                checkProb
 *fill*         0x00000000080017ac        0x4 
 .text.vRouterTask
                0x00000000080017b0       0x94 ./src/main.o
                0x00000000080017b0                vRouterTask
 .text.main     0x0000000008001844      0x2c4 ./src/main.o
                0x0000000008001844                main
 .text.vApplicationMallocFailedHook
                0x0000000008001b08        0x2 ./src/main.o
                0x0000000008001b08                vApplicationMallocFailedHook
 .text.vApplicationStackOverflowHook
                0x0000000008001b0a        0x2 ./src/main.o
                0x0000000008001b0a                vApplicationStackOverflowHook
 .text.vApplicationIdleHook
                0x0000000008001b0c       0x12 ./src/main.o
                0x0000000008001b0c                vApplicationIdleHook
 .text.vApplicationTickHook
                0x0000000008001b1e        0x2 ./src/main.o
                0x0000000008001b1e                vApplicationTickHook
 .text.HAL_MspInit
                0x0000000008001b20        0x2 ./src/stm32f4xx_hal_msp.o
                0x0000000008001b20                HAL_MspInit
 *fill*         0x0000000008001b22        0x2 
 .text.prvHeapInit
                0x0000000008001b24       0x64 ./FreeRTOS Source/portable/MemMang/heap_4.o
 .text.prvInsertBlockIntoFreeList
                0x0000000008001b88       0x64 ./FreeRTOS Source/portable/MemMang/heap_4.o
 .text.pvPortMalloc
                0x0000000008001bec      0x104 ./FreeRTOS Source/portable/MemMang/heap_4.o
                0x0000000008001bec                pvPortMalloc
 .text.vPortFree
                0x0000000008001cf0       0x70 ./FreeRTOS Source/portable/MemMang/heap_4.o
                0x0000000008001cf0                vPortFree
 .text.xPortGetFreeHeapSize
                0x0000000008001d60        0xc ./FreeRTOS Source/portable/MemMang/heap_4.o
                0x0000000008001d60                xPortGetFreeHeapSize
 .text.prvTaskExitError
                0x0000000008001d6c       0x34 ./FreeRTOS Source/portable/GCC/ARM_CM4F/port.o
 .text.prvPortStartFirstTask
                0x0000000008001da0       0x20 ./FreeRTOS Source/portable/GCC/ARM_CM4F/port.o
 .text.pxPortInitialiseStack
                0x0000000008001dc0       0x2c ./FreeRTOS Source/portable/GCC/ARM_CM4F/port.o
                0x0000000008001dc0                pxPortInitialiseStack
 *fill*         0x0000000008001dec        0x4 
 .text.SVC_Handler
                0x0000000008001df0       0x24 ./FreeRTOS Source/portable/GCC/ARM_CM4F/port.o
                0x0000000008001df0                SVC_Handler
 .text.vPortEnterCritical
                0x0000000008001e14       0x44 ./FreeRTOS Source/portable/GCC/ARM_CM4F/port.o
                0x0000000008001e14                vPortEnterCritical
 .text.vPortExitCritical
                0x0000000008001e58       0x2c ./FreeRTOS Source/portable/GCC/ARM_CM4F/port.o
                0x0000000008001e58                vPortExitCritical
 *fill*         0x0000000008001e84        0xc 
 .text.PendSV_Handler
                0x0000000008001e90       0x64 ./FreeRTOS Source/portable/GCC/ARM_CM4F/port.o
                0x0000000008001e90                PendSV_Handler
 .text.SysTick_Handler
                0x0000000008001ef4       0x2c ./FreeRTOS Source/portable/GCC/ARM_CM4F/port.o
                0x0000000008001ef4                SysTick_Handler
 .text.vPortSetupTimerInterrupt
                0x0000000008001f20       0x24 ./FreeRTOS Source/portable/GCC/ARM_CM4F/port.o
                0x0000000008001f20                vPortSetupTimerInterrupt
 .text.xPortStartScheduler
                0x0000000008001f44       0xf4 ./FreeRTOS Source/portable/GCC/ARM_CM4F/port.o
                0x0000000008001f44                xPortStartScheduler
 .text.vPortValidateInterruptPriority
                0x0000000008002038       0x5c ./FreeRTOS Source/portable/GCC/ARM_CM4F/port.o
                0x0000000008002038                vPortValidateInterruptPriority
 .text.vListInitialise
                0x0000000008002094       0x16 ./FreeRTOS Source/list.o
                0x0000000008002094                vListInitialise
 .text.vListInitialiseItem
                0x00000000080020aa        0x6 ./FreeRTOS Source/list.o
                0x00000000080020aa                vListInitialiseItem
 .text.vListInsertEnd
                0x00000000080020b0       0x16 ./FreeRTOS Source/list.o
                0x00000000080020b0                vListInsertEnd
 .text.vListInsert
                0x00000000080020c6       0x32 ./FreeRTOS Source/list.o
                0x00000000080020c6                vListInsert
 .text.uxListRemove
                0x00000000080020f8       0x24 ./FreeRTOS Source/list.o
                0x00000000080020f8                uxListRemove
 .text.prvIsQueueFull
                0x000000000800211c       0x1e ./FreeRTOS Source/queue.o
 .text.prvIsQueueEmpty
                0x000000000800213a       0x1a ./FreeRTOS Source/queue.o
 .text.prvCopyDataToQueue
                0x0000000008002154       0x76 ./FreeRTOS Source/queue.o
 .text.prvCopyDataFromQueue
                0x00000000080021ca       0x24 ./FreeRTOS Source/queue.o
 .text.prvUnlockQueue
                0x00000000080021ee       0x6e ./FreeRTOS Source/queue.o
 .text.xQueueGenericReset
                0x000000000800225c       0x84 ./FreeRTOS Source/queue.o
                0x000000000800225c                xQueueGenericReset
 .text.prvInitialiseNewQueue
                0x00000000080022e0       0x22 ./FreeRTOS Source/queue.o
 .text.xQueueGenericCreate
                0x0000000008002302       0x48 ./FreeRTOS Source/queue.o
                0x0000000008002302                xQueueGenericCreate
 .text.xQueueGenericSend
                0x000000000800234a      0x188 ./FreeRTOS Source/queue.o
                0x000000000800234a                xQueueGenericSend
 .text.prvInitialiseMutex
                0x00000000080024d2       0x18 ./FreeRTOS Source/queue.o
 .text.xQueueCreateMutex
                0x00000000080024ea       0x16 ./FreeRTOS Source/queue.o
                0x00000000080024ea                xQueueCreateMutex
 .text.xQueueGenericSendFromISR
                0x0000000008002500       0xcc ./FreeRTOS Source/queue.o
                0x0000000008002500                xQueueGenericSendFromISR
 .text.xQueueGiveFromISR
                0x00000000080025cc       0xb2 ./FreeRTOS Source/queue.o
                0x00000000080025cc                xQueueGiveFromISR
 .text.xQueueGenericReceive
                0x000000000800267e      0x1ba ./FreeRTOS Source/queue.o
                0x000000000800267e                xQueueGenericReceive
 .text.vQueueAddToRegistry
                0x0000000008002838       0x28 ./FreeRTOS Source/queue.o
                0x0000000008002838                vQueueAddToRegistry
 .text.vQueueWaitForMessageRestricted
                0x0000000008002860       0x52 ./FreeRTOS Source/queue.o
                0x0000000008002860                vQueueWaitForMessageRestricted
 *fill*         0x00000000080028b2        0x2 
 .text.prvResetNextTaskUnblockTime
                0x00000000080028b4       0x2c ./FreeRTOS Source/tasks.o
 .text.prvDeleteTCB
                0x00000000080028e0       0x12 ./FreeRTOS Source/tasks.o
 .text.prvInitialiseNewTask
                0x00000000080028f2       0x9c ./FreeRTOS Source/tasks.o
 *fill*         0x000000000800298e        0x2 
 .text.prvInitialiseTaskLists
                0x0000000008002990       0x68 ./FreeRTOS Source/tasks.o
 .text.prvAddNewTaskToReadyList
                0x00000000080029f8       0xac ./FreeRTOS Source/tasks.o
 .text.prvAddCurrentTaskToDelayedList
                0x0000000008002aa4       0x98 ./FreeRTOS Source/tasks.o
 .text.xTaskCreate
                0x0000000008002b3c       0x64 ./FreeRTOS Source/tasks.o
                0x0000000008002b3c                xTaskCreate
 .text.vTaskStartScheduler
                0x0000000008002ba0       0x84 ./FreeRTOS Source/tasks.o
                0x0000000008002ba0                vTaskStartScheduler
 .text.vTaskSuspendAll
                0x0000000008002c24       0x10 ./FreeRTOS Source/tasks.o
                0x0000000008002c24                vTaskSuspendAll
 .text.xTaskGetTickCount
                0x0000000008002c34        0xc ./FreeRTOS Source/tasks.o
                0x0000000008002c34                xTaskGetTickCount
 .text.xTaskIncrementTick
                0x0000000008002c40      0x128 ./FreeRTOS Source/tasks.o
                0x0000000008002c40                xTaskIncrementTick
 .text.xTaskResumeAll
                0x0000000008002d68       0xf8 ./FreeRTOS Source/tasks.o
                0x0000000008002d68                xTaskResumeAll
 .text.vTaskDelay
                0x0000000008002e60       0x4c ./FreeRTOS Source/tasks.o
                0x0000000008002e60                vTaskDelay
 .text.prvCheckTasksWaitingTermination
                0x0000000008002eac       0x5c ./FreeRTOS Source/tasks.o
 .text.prvIdleTask
                0x0000000008002f08       0x30 ./FreeRTOS Source/tasks.o
 .text.vTaskSwitchContext
                0x0000000008002f38       0xcc ./FreeRTOS Source/tasks.o
                0x0000000008002f38                vTaskSwitchContext
 .text.vTaskPlaceOnEventList
                0x0000000008003004       0x30 ./FreeRTOS Source/tasks.o
                0x0000000008003004                vTaskPlaceOnEventList
 .text.vTaskPlaceOnEventListRestricted
                0x0000000008003034       0x38 ./FreeRTOS Source/tasks.o
                0x0000000008003034                vTaskPlaceOnEventListRestricted
 .text.xTaskRemoveFromEventList
                0x000000000800306c       0x8c ./FreeRTOS Source/tasks.o
                0x000000000800306c                xTaskRemoveFromEventList
 .text.vTaskSetTimeOutState
                0x00000000080030f8       0x2c ./FreeRTOS Source/tasks.o
                0x00000000080030f8                vTaskSetTimeOutState
 .text.xTaskCheckForTimeOut
                0x0000000008003124       0x80 ./FreeRTOS Source/tasks.o
                0x0000000008003124                xTaskCheckForTimeOut
 .text.vTaskMissedYield
                0x00000000080031a4        0xc ./FreeRTOS Source/tasks.o
                0x00000000080031a4                vTaskMissedYield
 .text.xTaskGetSchedulerState
                0x00000000080031b0       0x20 ./FreeRTOS Source/tasks.o
                0x00000000080031b0                xTaskGetSchedulerState
 .text.vTaskPriorityInherit
                0x00000000080031d0       0xa0 ./FreeRTOS Source/tasks.o
                0x00000000080031d0                vTaskPriorityInherit
 .text.xTaskPriorityDisinherit
                0x0000000008003270       0xb4 ./FreeRTOS Source/tasks.o
                0x0000000008003270                xTaskPriorityDisinherit
 .text.pvTaskIncrementMutexHeldCount
                0x0000000008003324       0x1c ./FreeRTOS Source/tasks.o
                0x0000000008003324                pvTaskIncrementMutexHeldCount
 .text.prvGetNextExpireTime
                0x0000000008003340       0x20 ./FreeRTOS Source/timers.o
 .text.prvInsertTimerInActiveList
                0x0000000008003360       0x48 ./FreeRTOS Source/timers.o
 .text.prvCheckForValidListAndQueue
                0x00000000080033a8       0x5c ./FreeRTOS Source/timers.o
 .text.prvInitialiseNewTimer
                0x0000000008003404       0x40 ./FreeRTOS Source/timers.o
 .text.xTimerCreateTimerTask
                0x0000000008003444       0x50 ./FreeRTOS Source/timers.o
                0x0000000008003444                xTimerCreateTimerTask
 .text.xTimerCreate
                0x0000000008003494       0x32 ./FreeRTOS Source/timers.o
                0x0000000008003494                xTimerCreate
 *fill*         0x00000000080034c6        0x2 
 .text.xTimerGenericCommand
                0x00000000080034c8       0x6c ./FreeRTOS Source/timers.o
                0x00000000080034c8                xTimerGenericCommand
 .text.prvSwitchTimerLists
                0x0000000008003534       0x78 ./FreeRTOS Source/timers.o
 .text.prvSampleTimeNow
                0x00000000080035ac       0x2c ./FreeRTOS Source/timers.o
 .text.prvProcessExpiredTimer
                0x00000000080035d8       0x60 ./FreeRTOS Source/timers.o
 .text.prvProcessTimerOrBlockTask
                0x0000000008003638       0x74 ./FreeRTOS Source/timers.o
 .text.prvProcessReceivedCommands
                0x00000000080036ac       0xe0 ./FreeRTOS Source/timers.o
 .text.prvTimerTask
                0x000000000800378c       0x16 ./FreeRTOS Source/timers.o
 .text.pvTimerGetTimerID
                0x00000000080037a2       0x26 ./FreeRTOS Source/timers.o
                0x00000000080037a2                pvTimerGetTimerID
 .text          0x00000000080037c8      0x378 /home/osboxes/.local/xPacks/@xpack-dev-tools/arm-none-eabi-gcc/10.2.1-1.1.2/.content/bin/../lib/gcc/arm-none-eabi/10.2.1/thumb/v7e-m+fp/softfp/libgcc.a(_arm_addsubdf3.o)
                0x00000000080037c8                __aeabi_drsub
                0x00000000080037d0                __aeabi_dsub
                0x00000000080037d0                __subdf3
                0x00000000080037d4                __adddf3
                0x00000000080037d4                __aeabi_dadd
                0x0000000008003a4c                __aeabi_ui2d
                0x0000000008003a4c                __floatunsidf
                0x0000000008003a6c                __floatsidf
                0x0000000008003a6c                __aeabi_i2d
                0x0000000008003a90                __extendsfdf2
                0x0000000008003a90                __aeabi_f2d
                0x0000000008003ad4                __aeabi_ul2d
                0x0000000008003ad4                __floatundidf
                0x0000000008003ae4                __floatdidf
                0x0000000008003ae4                __aeabi_l2d
 .text          0x0000000008003b40      0x424 /home/osboxes/.local/xPacks/@xpack-dev-tools/arm-none-eabi-gcc/10.2.1-1.1.2/.content/bin/../lib/gcc/arm-none-eabi/10.2.1/thumb/v7e-m+fp/softfp/libgcc.a(_arm_muldivdf3.o)
                0x0000000008003b40                __aeabi_dmul
                0x0000000008003b40                __muldf3
                0x0000000008003d94                __aeabi_ddiv
                0x0000000008003d94                __divdf3
 .text          0x0000000008003f64      0x110 /home/osboxes/.local/xPacks/@xpack-dev-tools/arm-none-eabi-gcc/10.2.1-1.1.2/.content/bin/../lib/gcc/arm-none-eabi/10.2.1/thumb/v7e-m+fp/softfp/libgcc.a(_arm_cmpdf2.o)
                0x0000000008003f64                __gtdf2
                0x0000000008003f64                __gedf2
                0x0000000008003f6c                __ltdf2
                0x0000000008003f6c                __ledf2
                0x0000000008003f74                __cmpdf2
                0x0000000008003f74                __eqdf2
                0x0000000008003f74                __nedf2
                0x0000000008003ff0                __aeabi_cdrcmple
                0x0000000008004000                __aeabi_cdcmple
                0x0000000008004000                __aeabi_cdcmpeq
                0x0000000008004010                __aeabi_dcmpeq
                0x0000000008004024                __aeabi_dcmplt
                0x0000000008004038                __aeabi_dcmple
                0x000000000800404c                __aeabi_dcmpge
                0x0000000008004060                __aeabi_dcmpgt
 .text          0x0000000008004074       0x30 /home/osboxes/.local/xPacks/@xpack-dev-tools/arm-none-eabi-gcc/10.2.1-1.1.2/.content/bin/../lib/gcc/arm-none-eabi/10.2.1/thumb/v7e-m+fp/softfp/libgcc.a(_aeabi_uldivmod.o)
                0x0000000008004074                __aeabi_uldivmod
 .text.__udivmoddi4
                0x00000000080040a4      0x2d0 /home/osboxes/.local/xPacks/@xpack-dev-tools/arm-none-eabi-gcc/10.2.1-1.1.2/.content/bin/../lib/gcc/arm-none-eabi/10.2.1/thumb/v7e-m+fp/softfp/libgcc.a(_udivmoddi4.o)
                0x00000000080040a4                __udivmoddi4
 .text          0x0000000008004374        0x4 /home/osboxes/.local/xPacks/@xpack-dev-tools/arm-none-eabi-gcc/10.2.1-1.1.2/.content/bin/../lib/gcc/arm-none-eabi/10.2.1/thumb/v7e-m+fp/softfp/libgcc.a(_dvmd_tls.o)
                0x0000000008004374                __aeabi_ldiv0
                0x0000000008004374                __aeabi_idiv0
 .text.__errno  0x0000000008004378        0xc /home/osboxes/.local/xPacks/@xpack-dev-tools/arm-none-eabi-gcc/10.2.1-1.1.2/.content/bin/../lib/gcc/arm-none-eabi/10.2.1/../../../../arm-none-eabi/lib/thumb/v7e-m+fp/softfp/libg_nano.a(lib_a-errno.o)
                0x0000000008004378                __errno
 .text.__retarget_lock_acquire_recursive
                0x0000000008004384        0x2 /home/osboxes/.local/xPacks/@xpack-dev-tools/arm-none-eabi-gcc/10.2.1-1.1.2/.content/bin/../lib/gcc/arm-none-eabi/10.2.1/../../../../arm-none-eabi/lib/thumb/v7e-m+fp/softfp/libg_nano.a(lib_a-lock.o)
                0x0000000008004384                __retarget_lock_acquire_recursive
 .text.__retarget_lock_release_recursive
                0x0000000008004386        0x2 /home/osboxes/.local/xPacks/@xpack-dev-tools/arm-none-eabi-gcc/10.2.1-1.1.2/.content/bin/../lib/gcc/arm-none-eabi/10.2.1/../../../../arm-none-eabi/lib/thumb/v7e-m+fp/softfp/libg_nano.a(lib_a-lock.o)
                0x0000000008004386                __retarget_lock_release_recursive
 .text.malloc   0x0000000008004388       0x10 /home/osboxes/.local/xPacks/@xpack-dev-tools/arm-none-eabi-gcc/10.2.1-1.1.2/.content/bin/../lib/gcc/arm-none-eabi/10.2.1/../../../../arm-none-eabi/lib/thumb/v7e-m+fp/softfp/libg_nano.a(lib_a-malloc.o)
                0x0000000008004388                malloc
 .text.free     0x0000000008004398       0x10 /home/osboxes/.local/xPacks/@xpack-dev-tools/arm-none-eabi-gcc/10.2.1-1.1.2/.content/bin/../lib/gcc/arm-none-eabi/10.2.1/../../../../arm-none-eabi/lib/thumb/v7e-m+fp/softfp/libg_nano.a(lib_a-malloc.o)
                0x0000000008004398                free
 .text.memcpy   0x00000000080043a8       0x1c /home/osboxes/.local/xPacks/@xpack-dev-tools/arm-none-eabi-gcc/10.2.1-1.1.2/.content/bin/../lib/gcc/arm-none-eabi/10.2.1/../../../../arm-none-eabi/lib/thumb/v7e-m+fp/softfp/libg_nano.a(lib_a-memcpy-stub.o)
                0x00000000080043a8                memcpy
 .text.memset   0x00000000080043c4       0x10 /home/osboxes/.local/xPacks/@xpack-dev-tools/arm-none-eabi-gcc/10.2.1-1.1.2/.content/bin/../lib/gcc/arm-none-eabi/10.2.1/../../../../arm-none-eabi/lib/thumb/v7e-m+fp/softfp/libg_nano.a(lib_a-memset.o)
                0x00000000080043c4                memset
 .text._free_r  0x00000000080043d4       0x98 /home/osboxes/.local/xPacks/@xpack-dev-tools/arm-none-eabi-gcc/10.2.1-1.1.2/.content/bin/../lib/gcc/arm-none-eabi/10.2.1/../../../../arm-none-eabi/lib/thumb/v7e-m+fp/softfp/libg_nano.a(lib_a-nano-freer.o)
                0x00000000080043d4                _free_r
 .text._malloc_r
                0x000000000800446c       0xb4 /home/osboxes/.local/xPacks/@xpack-dev-tools/arm-none-eabi-gcc/10.2.1-1.1.2/.content/bin/../lib/gcc/arm-none-eabi/10.2.1/../../../../arm-none-eabi/lib/thumb/v7e-m+fp/softfp/libg_nano.a(lib_a-nano-mallocr.o)
                0x000000000800446c                _malloc_r
 .text.srand    0x0000000008004520       0x5c /home/osboxes/.local/xPacks/@xpack-dev-tools/arm-none-eabi-gcc/10.2.1-1.1.2/.content/bin/../lib/gcc/arm-none-eabi/10.2.1/../../../../arm-none-eabi/lib/thumb/v7e-m+fp/softfp/libg_nano.a(lib_a-rand.o)
                0x0000000008004520                srand
 .text.rand     0x000000000800457c       0x7c /home/osboxes/.local/xPacks/@xpack-dev-tools/arm-none-eabi-gcc/10.2.1-1.1.2/.content/bin/../lib/gcc/arm-none-eabi/10.2.1/../../../../arm-none-eabi/lib/thumb/v7e-m+fp/softfp/libg_nano.a(lib_a-rand.o)
                0x000000000800457c                rand
 .text._sbrk_r  0x00000000080045f8       0x20 /home/osboxes/.local/xPacks/@xpack-dev-tools/arm-none-eabi-gcc/10.2.1-1.1.2/.content/bin/../lib/gcc/arm-none-eabi/10.2.1/../../../../arm-none-eabi/lib/thumb/v7e-m+fp/softfp/libg_nano.a(lib_a-sbrkr.o)
                0x00000000080045f8                _sbrk_r
 .text          0x0000000008004618       0x14 /home/osboxes/.local/xPacks/@xpack-dev-tools/arm-none-eabi-gcc/10.2.1-1.1.2/.content/bin/../lib/gcc/arm-none-eabi/10.2.1/../../../../arm-none-eabi/lib/thumb/v7e-m+fp/softfp/libg_nano.a(lib_a-strcmp.o)
                0x0000000008004618                strcmp
 .text          0x000000000800462c       0x10 /home/osboxes/.local/xPacks/@xpack-dev-tools/arm-none-eabi-gcc/10.2.1-1.1.2/.content/bin/../lib/gcc/arm-none-eabi/10.2.1/../../../../arm-none-eabi/lib/thumb/v7e-m+fp/softfp/libg_nano.a(lib_a-strlen.o)
                0x000000000800462c                strlen
 .text.time     0x000000000800463c       0x34 /home/osboxes/.local/xPacks/@xpack-dev-tools/arm-none-eabi-gcc/10.2.1-1.1.2/.content/bin/../lib/gcc/arm-none-eabi/10.2.1/../../../../arm-none-eabi/lib/thumb/v7e-m+fp/softfp/libg_nano.a(lib_a-time.o)
                0x000000000800463c                time
 .text._vsnprintf_r
                0x0000000008004670       0x56 /home/osboxes/.local/xPacks/@xpack-dev-tools/arm-none-eabi-gcc/10.2.1-1.1.2/.content/bin/../lib/gcc/arm-none-eabi/10.2.1/../../../../arm-none-eabi/lib/thumb/v7e-m+fp/softfp/libg_nano.a(lib_a-vsnprintf.o)
                0x0000000008004670                _vsnprintf_r
                0x0000000008004670                _vsniprintf_r
 *fill*         0x00000000080046c6        0x2 
 .text.vsnprintf
                0x00000000080046c8       0x1c /home/osboxes/.local/xPacks/@xpack-dev-tools/arm-none-eabi-gcc/10.2.1-1.1.2/.content/bin/../lib/gcc/arm-none-eabi/10.2.1/../../../../arm-none-eabi/lib/thumb/v7e-m+fp/softfp/libg_nano.a(lib_a-vsnprintf.o)
                0x00000000080046c8                vsnprintf
                0x00000000080046c8                vsniprintf
 .text._gettimeofday_r
                0x00000000080046e4       0x24 /home/osboxes/.local/xPacks/@xpack-dev-tools/arm-none-eabi-gcc/10.2.1-1.1.2/.content/bin/../lib/gcc/arm-none-eabi/10.2.1/../../../../arm-none-eabi/lib/thumb/v7e-m+fp/softfp/libg_nano.a(lib_a-gettimeofdayr.o)
                0x00000000080046e4                _gettimeofday_r
 .text.__malloc_lock
                0x0000000008004708        0xc /home/osboxes/.local/xPacks/@xpack-dev-tools/arm-none-eabi-gcc/10.2.1-1.1.2/.content/bin/../lib/gcc/arm-none-eabi/10.2.1/../../../../arm-none-eabi/lib/thumb/v7e-m+fp/softfp/libg_nano.a(lib_a-mlock.o)
                0x0000000008004708                __malloc_lock
 .text.__malloc_unlock
                0x0000000008004714        0xc /home/osboxes/.local/xPacks/@xpack-dev-tools/arm-none-eabi-gcc/10.2.1-1.1.2/.content/bin/../lib/gcc/arm-none-eabi/10.2.1/../../../../arm-none-eabi/lib/thumb/v7e-m+fp/softfp/libg_nano.a(lib_a-mlock.o)
                0x0000000008004714                __malloc_unlock
 .text.__ssputs_r
                0x0000000008004720       0xb6 /home/osboxes/.local/xPacks/@xpack-dev-tools/arm-none-eabi-gcc/10.2.1-1.1.2/.content/bin/../lib/gcc/arm-none-eabi/10.2.1/../../../../arm-none-eabi/lib/thumb/v7e-m+fp/softfp/libg_nano.a(lib_a-nano-svfprintf.o)
                0x0000000008004720                __ssputs_r
 *fill*         0x00000000080047d6        0x2 
 .text._svfprintf_r
                0x00000000080047d8      0x200 /home/osboxes/.local/xPacks/@xpack-dev-tools/arm-none-eabi-gcc/10.2.1-1.1.2/.content/bin/../lib/gcc/arm-none-eabi/10.2.1/../../../../arm-none-eabi/lib/thumb/v7e-m+fp/softfp/libg_nano.a(lib_a-nano-svfprintf.o)
                0x00000000080047d8                _svfprintf_r
                0x00000000080047d8                _svfiprintf_r
 .text._printf_common
                0x00000000080049d8       0xda /home/osboxes/.local/xPacks/@xpack-dev-tools/arm-none-eabi-gcc/10.2.1-1.1.2/.content/bin/../lib/gcc/arm-none-eabi/10.2.1/../../../../arm-none-eabi/lib/thumb/v7e-m+fp/softfp/libg_nano.a(lib_a-nano-vfprintf_i.o)
                0x00000000080049d8                _printf_common
 *fill*         0x0000000008004ab2        0x2 
 .text._printf_i
                0x0000000008004ab4      0x24c /home/osboxes/.local/xPacks/@xpack-dev-tools/arm-none-eabi-gcc/10.2.1-1.1.2/.content/bin/../lib/gcc/arm-none-eabi/10.2.1/../../../../arm-none-eabi/lib/thumb/v7e-m+fp/softfp/libg_nano.a(lib_a-nano-vfprintf_i.o)
                0x0000000008004ab4                _printf_i
 .text          0x0000000008004d00       0xa0 /home/osboxes/.local/xPacks/@xpack-dev-tools/arm-none-eabi-gcc/10.2.1-1.1.2/.content/bin/../lib/gcc/arm-none-eabi/10.2.1/../../../../arm-none-eabi/lib/thumb/v7e-m+fp/softfp/libg_nano.a(lib_a-memchr.o)
                0x0000000008004d00                memchr
 .text.memmove  0x0000000008004da0       0x34 /home/osboxes/.local/xPacks/@xpack-dev-tools/arm-none-eabi-gcc/10.2.1-1.1.2/.content/bin/../lib/gcc/arm-none-eabi/10.2.1/../../../../arm-none-eabi/lib/thumb/v7e-m+fp/softfp/libg_nano.a(lib_a-memmove.o)
                0x0000000008004da0                memmove
 .text._realloc_r
                0x0000000008004dd4       0x4c /home/osboxes/.local/xPacks/@xpack-dev-tools/arm-none-eabi-gcc/10.2.1-1.1.2/.content/bin/../lib/gcc/arm-none-eabi/10.2.1/../../../../arm-none-eabi/lib/thumb/v7e-m+fp/softfp/libg_nano.a(lib_a-nano-reallocr.o)
                0x0000000008004dd4                _realloc_r
 .text._malloc_usable_size_r
                0x0000000008004e20       0x10 /home/osboxes/.local/xPacks/@xpack-dev-tools/arm-none-eabi-gcc/10.2.1-1.1.2/.content/bin/../lib/gcc/arm-none-eabi/10.2.1/../../../../arm-none-eabi/lib/thumb/v7e-m+fp/softfp/libg_nano.a(lib_a-nano-msizer.o)
                0x0000000008004e20                _malloc_usable_size_r
 *(.rodata .rodata.* .constdata .constdata.*)
 .rodata.HAL_NVIC_SetPriorityGrouping.str1.4
                0x0000000008004e30       0x31 ./system/src/stm32f4-hal/stm32f4xx_hal_cortex.o
 *fill*         0x0000000008004e61        0x3 
 .rodata.HAL_RCC_OscConfig.str1.4
                0x0000000008004e64       0x2e ./system/src/stm32f4-hal/stm32f4xx_hal_rcc.o
 *fill*         0x0000000008004e92        0x2 
 .rodata.__assert_func.str1.4
                0x0000000008004e94       0x3f ./system/src/newlib/assert.o
                                         0x43 (size before relaxing)
 *fill*         0x0000000008004ed3        0x1 
 .rodata.abort.str1.4
                0x0000000008004ed4       0x14 ./system/src/newlib/exit.o
 .rodata.initialise_monitor_handles.str1.4
                0x0000000008004ee8        0x4 ./system/src/newlib/syscalls.o
 .rodata.trace_puts.str1.4
                0x0000000008004eec        0x4 ./system/src/diag/trace.o
                                          0x2 (size before relaxing)
 .rodata.dumpExceptionStack.str1.4
                0x0000000008004eec      0x11a ./system/src/cortexm/exception-handlers.o
 .rodata.isSemihosting.str1.4
                0x0000000008005006        0x4 ./system/src/cortexm/exception-handlers.o
 *fill*         0x0000000008005006        0x2 
 .rodata.str1.4
                0x0000000008005008       0x2a ./system/src/cortexm/exception-handlers.o
 *fill*         0x0000000008005032        0x2 
 .rodata.AHBPrescTable
                0x0000000008005034       0x10 ./system/src/cmsis/system_stm32f4xx.o
                0x0000000008005034                AHBPrescTable
 .rodata.assert_failed.str1.4
                0x0000000008005044       0x2d ./src/initialize-hardware.o
 *fill*         0x0000000008005071        0x3 
 .rodata.vSenderTask.str1.4
                0x0000000008005074       0x19 ./src/main.o
 *fill*         0x000000000800508d        0x3 
 .rodata.vRecieverTask.str1.4
                0x0000000008005090      0x14f ./src/main.o
 *fill*         0x00000000080051df        0x1 
 .rodata.vRouterTask.str1.4
                0x00000000080051e0       0x4d ./src/main.o
 *fill*         0x000000000800522d        0x3 
 .rodata.main.str1.4
                0x0000000008005230       0x9e ./src/main.o
 *fill*         0x00000000080052ce        0x2 
 .rodata.vTaskStartScheduler.str1.4
                0x00000000080052d0        0x5 ./FreeRTOS Source/tasks.o
 *fill*         0x00000000080052d5        0x3 
 .rodata.prvCheckForValidListAndQueue.str1.4
                0x00000000080052d8        0x5 ./FreeRTOS Source/timers.o
 *fill*         0x00000000080052dd        0x3 
 .rodata.xTimerCreateTimerTask.str1.4
                0x00000000080052e0        0x8 ./FreeRTOS Source/timers.o
 .rodata._ctype_
                0x00000000080052e8      0x101 /home/osboxes/.local/xPacks/@xpack-dev-tools/arm-none-eabi-gcc/10.2.1-1.1.2/.content/bin/../lib/gcc/arm-none-eabi/10.2.1/../../../../arm-none-eabi/lib/thumb/v7e-m+fp/softfp/libg_nano.a(lib_a-ctype_.o)
                0x00000000080052e8                _ctype_
 *fill*         0x00000000080053e9        0x3 
 .rodata.__sf_fake_stderr
                0x00000000080053ec       0x20 /home/osboxes/.local/xPacks/@xpack-dev-tools/arm-none-eabi-gcc/10.2.1-1.1.2/.content/bin/../lib/gcc/arm-none-eabi/10.2.1/../../../../arm-none-eabi/lib/thumb/v7e-m+fp/softfp/libg_nano.a(lib_a-findfp.o)
                0x00000000080053ec                __sf_fake_stderr
 .rodata.__sf_fake_stdin
                0x000000000800540c       0x20 /home/osboxes/.local/xPacks/@xpack-dev-tools/arm-none-eabi-gcc/10.2.1-1.1.2/.content/bin/../lib/gcc/arm-none-eabi/10.2.1/../../../../arm-none-eabi/lib/thumb/v7e-m+fp/softfp/libg_nano.a(lib_a-findfp.o)
                0x000000000800540c                __sf_fake_stdin
 .rodata.__sf_fake_stdout
                0x000000000800542c       0x20 /home/osboxes/.local/xPacks/@xpack-dev-tools/arm-none-eabi-gcc/10.2.1-1.1.2/.content/bin/../lib/gcc/arm-none-eabi/10.2.1/../../../../arm-none-eabi/lib/thumb/v7e-m+fp/softfp/libg_nano.a(lib_a-findfp.o)
                0x000000000800542c                __sf_fake_stdout
 .rodata.srand.str1.1
                0x000000000800544c       0x71 /home/osboxes/.local/xPacks/@xpack-dev-tools/arm-none-eabi-gcc/10.2.1-1.1.2/.content/bin/../lib/gcc/arm-none-eabi/10.2.1/../../../../arm-none-eabi/lib/thumb/v7e-m+fp/softfp/libg_nano.a(lib_a-rand.o)
 .rodata._svfprintf_r.str1.1
                0x00000000080054bd       0x11 /home/osboxes/.local/xPacks/@xpack-dev-tools/arm-none-eabi-gcc/10.2.1-1.1.2/.content/bin/../lib/gcc/arm-none-eabi/10.2.1/../../../../arm-none-eabi/lib/thumb/v7e-m+fp/softfp/libg_nano.a(lib_a-nano-svfprintf.o)
 .rodata._printf_i.str1.1
                0x00000000080054ce       0x22 /home/osboxes/.local/xPacks/@xpack-dev-tools/arm-none-eabi-gcc/10.2.1-1.1.2/.content/bin/../lib/gcc/arm-none-eabi/10.2.1/../../../../arm-none-eabi/lib/thumb/v7e-m+fp/softfp/libg_nano.a(lib_a-nano-vfprintf_i.o)
 *(vtable)
 *(.eh_frame*)
 *(.glue_7)
 .glue_7        0x00000000080054f0        0x0 linker stubs
 *(.glue_7t)
 .glue_7t       0x00000000080054f0        0x0 linker stubs

.vfp11_veneer   0x00000000080054f0        0x0
 .vfp11_veneer  0x00000000080054f0        0x0 linker stubs

.v4_bx          0x00000000080054f0        0x0
 .v4_bx         0x00000000080054f0        0x0 linker stubs

.iplt           0x00000000080054f0        0x0
 .iplt          0x00000000080054f0        0x0 ./system/src/stm32f4-hal/stm32f4xx_hal.o

.ARM.extab
 *(.ARM.extab* .gnu.linkonce.armextab.*)
                0x00000000080054f0                . = ALIGN (0x4)
                0x00000000080054f0                __exidx_start = .

.ARM.exidx      0x00000000080054f0        0x8
 *(.ARM.exidx* .gnu.linkonce.armexidx.*)
 .ARM.exidx.text.__udivmoddi4
                0x00000000080054f0        0x8 /home/osboxes/.local/xPacks/@xpack-dev-tools/arm-none-eabi-gcc/10.2.1-1.1.2/.content/bin/../lib/gcc/arm-none-eabi/10.2.1/thumb/v7e-m+fp/softfp/libgcc.a(_udivmoddi4.o)
                0x00000000080054f8                __exidx_end = .

.rel.dyn        0x00000000080054f8        0x0
 .rel.iplt      0x00000000080054f8        0x0 ./system/src/stm32f4-hal/stm32f4xx_hal.o
                0x00000000080054f8                . = ALIGN (0x4)
                0x00000000080054f8                _etext = .
                0x00000000080054f8                __etext = .

.data_CCMRAM    0x0000000010000000        0x0 load address 0x00000000080054f8
 FILL mask 0xff
 *(.data.CCMRAM .data.CCMRAM.*)
                0x0000000010000000                . = ALIGN (0x4)
                0x00000000080054f8                _sidata = LOADADDR (.data)

.data           0x0000000020000000       0x7c load address 0x00000000080054f8
 FILL mask 0xff
                0x0000000020000000                _sdata = .
                0x0000000020000000                __data_start__ = .
 *(.data_begin .data_begin.*)
 .data_begin    0x0000000020000000        0x4 ./system/src/newlib/startup.o
 *(.data .data.*)
 .data.uwTickFreq
                0x0000000020000004        0x1 ./system/src/stm32f4-hal/stm32f4xx_hal.o
                0x0000000020000004                uwTickFreq
 *fill*         0x0000000020000005        0x3 ff
 .data.uwTickPrio
                0x0000000020000008        0x4 ./system/src/stm32f4-hal/stm32f4xx_hal.o
                0x0000000020000008                uwTickPrio
 .data.SystemCoreClock
                0x000000002000000c        0x4 ./system/src/cmsis/system_stm32f4xx.o
                0x000000002000000c                SystemCoreClock
 .data.uxCriticalNesting
                0x0000000020000010        0x4 ./FreeRTOS Source/portable/GCC/ARM_CM4F/port.o
 .data._impure_ptr
                0x0000000020000014        0x4 /home/osboxes/.local/xPacks/@xpack-dev-tools/arm-none-eabi-gcc/10.2.1-1.1.2/.content/bin/../lib/gcc/arm-none-eabi/10.2.1/../../../../arm-none-eabi/lib/thumb/v7e-m+fp/softfp/libg_nano.a(lib_a-impure.o)
                0x0000000020000014                _impure_ptr
 .data.impure_data
                0x0000000020000018       0x60 /home/osboxes/.local/xPacks/@xpack-dev-tools/arm-none-eabi-gcc/10.2.1-1.1.2/.content/bin/../lib/gcc/arm-none-eabi/10.2.1/../../../../arm-none-eabi/lib/thumb/v7e-m+fp/softfp/libg_nano.a(lib_a-impure.o)
 *(.data_end .data_end.*)
 .data_end      0x0000000020000078        0x4 ./system/src/newlib/startup.o
                0x000000002000007c                . = ALIGN (0x4)
                0x000000002000007c                _edata = .
                0x000000002000007c                __data_end__ = .

.igot.plt       0x000000002000007c        0x0 load address 0x0000000008005574
 .igot.plt      0x000000002000007c        0x0 ./system/src/stm32f4-hal/stm32f4xx_hal.o

.bss_CCMRAM     0x0000000010000000        0x0
 *(.bss.CCMRAM .bss.CCMRAM.*)

.bss            0x000000002000007c    0x12fb8
                0x000000002000007c                __bss_start__ = .
                0x000000002000007c                _sbss = .
 *(.bss_begin .bss_begin.*)
 .bss_begin     0x000000002000007c        0x4 ./system/src/newlib/startup.o
 *(.bss .bss.*)
 .bss.uwTick    0x0000000020000080        0x4 ./system/src/stm32f4-hal/stm32f4xx_hal.o
                0x0000000020000080                uwTick
 .bss.current_heap_end.0
                0x0000000020000084        0x4 ./system/src/newlib/sbrk.o
 .bss.args_buf.1
                0x0000000020000088       0x50 ./system/src/newlib/syscalls.o
 .bss.argv_buf.0
                0x00000000200000d8       0x28 ./system/src/newlib/syscalls.o
 .bss.errno     0x0000000020000100        0x4 ./system/src/newlib/syscalls.o
                0x0000000020000100                errno
 .bss.monitor_stderr
                0x0000000020000104        0x4 ./system/src/newlib/syscalls.o
 .bss.monitor_stdin
                0x0000000020000108        0x4 ./system/src/newlib/syscalls.o
 .bss.monitor_stdout
                0x000000002000010c        0x4 ./system/src/newlib/syscalls.o
 .bss.openfiles
                0x0000000020000110       0xa0 ./system/src/newlib/syscalls.o
 .bss.buf.0     0x00000000200001b0       0x80 ./system/src/diag/trace.o
 .bss.Finished.0
                0x0000000020000230        0x1 ./src/main.o
 *fill*         0x0000000020000231        0x3 
 .bss.GeneratePacket
                0x0000000020000234        0x4 ./src/main.o
                0x0000000020000234                GeneratePacket
 .bss.Node1Queue
                0x0000000020000238        0x4 ./src/main.o
                0x0000000020000238                Node1Queue
 .bss.Node1SendData
                0x000000002000023c        0x4 ./src/main.o
                0x000000002000023c                Node1SendData
 .bss.Node1Task
                0x0000000020000240        0x4 ./src/main.o
                0x0000000020000240                Node1Task
 .bss.Node2Queue
                0x0000000020000244        0x4 ./src/main.o
                0x0000000020000244                Node2Queue
 .bss.Node2SendData
                0x0000000020000248        0x4 ./src/main.o
                0x0000000020000248                Node2SendData
 .bss.Node2Task
                0x000000002000024c        0x4 ./src/main.o
                0x000000002000024c                Node2Task
 .bss.Node3Queue
                0x0000000020000250        0x4 ./src/main.o
                0x0000000020000250                Node3Queue
 .bss.Node3Task
                0x0000000020000254        0x4 ./src/main.o
                0x0000000020000254                Node3Task
 .bss.Node4Queue
                0x0000000020000258        0x4 ./src/main.o
                0x0000000020000258                Node4Queue
 .bss.Node4Task
                0x000000002000025c        0x4 ./src/main.o
                0x000000002000025c                Node4Task
 .bss.PrepareACK
                0x0000000020000260        0x4 ./src/main.o
                0x0000000020000260                PrepareACK
 .bss.RouterQueue
                0x0000000020000264        0x4 ./src/main.o
                0x0000000020000264                RouterQueue
 .bss.RouterTask
                0x0000000020000268        0x4 ./src/main.o
                0x0000000020000268                RouterTask
 .bss.RouterTransmit
                0x000000002000026c        0x4 ./src/main.o
                0x000000002000026c                RouterTransmit
 .bss.StopTransmission
                0x0000000020000270        0x4 ./src/main.o
                0x0000000020000270                StopTransmission
 .bss.WrongPackets.1
                0x0000000020000274        0x4 ./src/main.o
 .bss.tNode1_Sender
                0x0000000020000278        0x4 ./src/main.o
                0x0000000020000278                tNode1_Sender
 .bss.tNode2_Sender
                0x000000002000027c        0x4 ./src/main.o
                0x000000002000027c                tNode2_Sender
 .bss.tRouterDelay
                0x0000000020000280        0x4 ./src/main.o
                0x0000000020000280                tRouterDelay
 .bss.pxEnd     0x0000000020000284        0x4 ./FreeRTOS Source/portable/MemMang/heap_4.o
 .bss.ucHeap    0x0000000020000288    0x12c00 ./FreeRTOS Source/portable/MemMang/heap_4.o
 .bss.xBlockAllocatedBit
                0x0000000020012e88        0x4 ./FreeRTOS Source/portable/MemMang/heap_4.o
 .bss.xFreeBytesRemaining
                0x0000000020012e8c        0x4 ./FreeRTOS Source/portable/MemMang/heap_4.o
 .bss.xMinimumEverFreeBytesRemaining
                0x0000000020012e90        0x4 ./FreeRTOS Source/portable/MemMang/heap_4.o
 .bss.xStart    0x0000000020012e94        0x8 ./FreeRTOS Source/portable/MemMang/heap_4.o
 .bss.ucMaxSysCallPriority
                0x0000000020012e9c        0x1 ./FreeRTOS Source/portable/GCC/ARM_CM4F/port.o
 *fill*         0x0000000020012e9d        0x3 
 .bss.ulMaxPRIGROUPValue
                0x0000000020012ea0        0x4 ./FreeRTOS Source/portable/GCC/ARM_CM4F/port.o
 .bss.xQueueRegistry
                0x0000000020012ea4       0x40 ./FreeRTOS Source/queue.o
                0x0000000020012ea4                xQueueRegistry
 .bss.pxCurrentTCB
                0x0000000020012ee4        0x4 ./FreeRTOS Source/tasks.o
                0x0000000020012ee4                pxCurrentTCB
 .bss.pxDelayedTaskList
                0x0000000020012ee8        0x4 ./FreeRTOS Source/tasks.o
 .bss.pxOverflowDelayedTaskList
                0x0000000020012eec        0x4 ./FreeRTOS Source/tasks.o
 .bss.pxReadyTasksLists
                0x0000000020012ef0       0x64 ./FreeRTOS Source/tasks.o
 .bss.uxCurrentNumberOfTasks
                0x0000000020012f54        0x4 ./FreeRTOS Source/tasks.o
 .bss.uxDeletedTasksWaitingCleanUp
                0x0000000020012f58        0x4 ./FreeRTOS Source/tasks.o
 .bss.uxPendedTicks
                0x0000000020012f5c        0x4 ./FreeRTOS Source/tasks.o
 .bss.uxSchedulerSuspended
                0x0000000020012f60        0x4 ./FreeRTOS Source/tasks.o
 .bss.uxTaskNumber
                0x0000000020012f64        0x4 ./FreeRTOS Source/tasks.o
 .bss.uxTopReadyPriority
                0x0000000020012f68        0x4 ./FreeRTOS Source/tasks.o
 .bss.xDelayedTaskList1
                0x0000000020012f6c       0x14 ./FreeRTOS Source/tasks.o
 .bss.xDelayedTaskList2
                0x0000000020012f80       0x14 ./FreeRTOS Source/tasks.o
 .bss.xIdleTaskHandle
                0x0000000020012f94        0x4 ./FreeRTOS Source/tasks.o
 .bss.xNextTaskUnblockTime
                0x0000000020012f98        0x4 ./FreeRTOS Source/tasks.o
 .bss.xNumOfOverflows
                0x0000000020012f9c        0x4 ./FreeRTOS Source/tasks.o
 .bss.xPendingReadyList
                0x0000000020012fa0       0x14 ./FreeRTOS Source/tasks.o
 .bss.xSchedulerRunning
                0x0000000020012fb4        0x4 ./FreeRTOS Source/tasks.o
 .bss.xSuspendedTaskList
                0x0000000020012fb8       0x14 ./FreeRTOS Source/tasks.o
 .bss.xTasksWaitingTermination
                0x0000000020012fcc       0x14 ./FreeRTOS Source/tasks.o
 .bss.xTickCount
                0x0000000020012fe0        0x4 ./FreeRTOS Source/tasks.o
 .bss.xYieldPending
                0x0000000020012fe4        0x4 ./FreeRTOS Source/tasks.o
 .bss.pxCurrentTimerList
                0x0000000020012fe8        0x4 ./FreeRTOS Source/timers.o
 .bss.pxOverflowTimerList
                0x0000000020012fec        0x4 ./FreeRTOS Source/timers.o
 .bss.xActiveTimerList1
                0x0000000020012ff0       0x14 ./FreeRTOS Source/timers.o
 .bss.xActiveTimerList2
                0x0000000020013004       0x14 ./FreeRTOS Source/timers.o
 .bss.xLastTime.0
                0x0000000020013018        0x4 ./FreeRTOS Source/timers.o
 .bss.xTimerQueue
                0x000000002001301c        0x4 ./FreeRTOS Source/timers.o
 .bss.xTimerTaskHandle
                0x0000000020013020        0x4 ./FreeRTOS Source/timers.o
 .bss.__lock___malloc_recursive_mutex
                0x0000000020013024        0x1 /home/osboxes/.local/xPacks/@xpack-dev-tools/arm-none-eabi-gcc/10.2.1-1.1.2/.content/bin/../lib/gcc/arm-none-eabi/10.2.1/../../../../arm-none-eabi/lib/thumb/v7e-m+fp/softfp/libg_nano.a(lib_a-lock.o)
                0x0000000020013024                __lock___malloc_recursive_mutex
 *fill*         0x0000000020013025        0x3 
 .bss.__malloc_free_list
                0x0000000020013028        0x4 /home/osboxes/.local/xPacks/@xpack-dev-tools/arm-none-eabi-gcc/10.2.1-1.1.2/.content/bin/../lib/gcc/arm-none-eabi/10.2.1/../../../../arm-none-eabi/lib/thumb/v7e-m+fp/softfp/libg_nano.a(lib_a-nano-mallocr.o)
                0x0000000020013028                __malloc_free_list
 .bss.__malloc_sbrk_start
                0x000000002001302c        0x4 /home/osboxes/.local/xPacks/@xpack-dev-tools/arm-none-eabi-gcc/10.2.1-1.1.2/.content/bin/../lib/gcc/arm-none-eabi/10.2.1/../../../../arm-none-eabi/lib/thumb/v7e-m+fp/softfp/libg_nano.a(lib_a-nano-mallocr.o)
                0x000000002001302c                __malloc_sbrk_start
 *(COMMON)
 *(.bss_end .bss_end.*)
 .bss_end       0x0000000020013030        0x4 ./system/src/newlib/startup.o
                0x0000000020013034                . = ALIGN (0x4)
                0x0000000020013034                __bss_end__ = .
                0x0000000020013034                _ebss = .

.noinit_CCMRAM
 *(.noinit.CCMRAM .noinit.CCMRAM.*)

.noinit         0x0000000020013034        0x0
                0x0000000020013034                _noinit = .
 *(.noinit .noinit.*)
                0x0000000020013034                . = ALIGN (0x4)
                0x0000000020013034                _end_noinit = .
                [!provide]                        PROVIDE (end = _end_noinit)
                [!provide]                        PROVIDE (_end = _end_noinit)
                [!provide]                        PROVIDE (__end = _end_noinit)
                [!provide]                        PROVIDE (__end__ = _end_noinit)

._check_stack   0x0000000020013034      0x100
                0x0000000020013134                . = (. + _Minimum_Stack_Size)
 *fill*         0x0000000020013034      0x100 

.b1text
 *(.b1text)
 *(.b1rodata)
 *(.b1rodata.*)

.eb0text
 *(.eb0text)
 *(.eb0rodata)
 *(.eb0rodata.*)

.eb1text
 *(.eb1text)
 *(.eb1rodata)
 *(.eb1rodata.*)

.eb2text
 *(.eb2text)
 *(.eb2rodata)
 *(.eb2rodata.*)

.eb3text
 *(.eb3text)
 *(.eb3rodata)
 *(.eb3rodata.*)

.stab
 *(.stab)

.stabstr
 *(.stabstr)

.stab.excl
 *(.stab.excl)

.stab.exclstr
 *(.stab.exclstr)

.stab.index
 *(.stab.index)

.stab.indexstr
 *(.stab.indexstr)

.comment        0x0000000000000000       0x44
 *(.comment)
 .comment       0x0000000000000000       0x44 ./system/src/stm32f4-hal/stm32f4xx_hal.o
                                         0x45 (size before relaxing)
 .comment       0x0000000000000044       0x45 ./system/src/stm32f4-hal/stm32f4xx_hal_cortex.o
 .comment       0x0000000000000044       0x45 ./system/src/stm32f4-hal/stm32f4xx_hal_rcc.o
 .comment       0x0000000000000044       0x45 ./system/src/newlib/assert.o
 .comment       0x0000000000000044       0x45 ./system/src/newlib/exit.o
 .comment       0x0000000000000044       0x45 ./system/src/newlib/sbrk.o
 .comment       0x0000000000000044       0x45 ./system/src/newlib/startup.o
 .comment       0x0000000000000044       0x45 ./system/src/newlib/syscalls.o
 .comment       0x0000000000000044       0x45 ./system/src/diag/trace-impl.o
 .comment       0x0000000000000044       0x45 ./system/src/diag/trace.o
 .comment       0x0000000000000044       0x45 ./system/src/cortexm/exception-handlers.o
 .comment       0x0000000000000044       0x45 ./system/src/cortexm/initialize-hardware.o
 .comment       0x0000000000000044       0x45 ./system/src/cmsis/system_stm32f4xx.o
 .comment       0x0000000000000044       0x45 ./system/src/cmsis/vectors_stm32f407xx.o
 .comment       0x0000000000000044       0x45 ./src/initialize-hardware.o
 .comment       0x0000000000000044       0x45 ./src/main.o
 .comment       0x0000000000000044       0x45 ./src/stm32f4xx_hal_msp.o
 .comment       0x0000000000000044       0x45 ./FreeRTOS Source/portable/MemMang/heap_4.o
 .comment       0x0000000000000044       0x45 ./FreeRTOS Source/portable/GCC/ARM_CM4F/port.o
 .comment       0x0000000000000044       0x45 ./FreeRTOS Source/list.o
 .comment       0x0000000000000044       0x45 ./FreeRTOS Source/queue.o
 .comment       0x0000000000000044       0x45 ./FreeRTOS Source/tasks.o
 .comment       0x0000000000000044       0x45 ./FreeRTOS Source/timers.o

.ARM.attributes
                0x0000000000000000       0x30
 .ARM.attributes
                0x0000000000000000       0x32 ./system/src/stm32f4-hal/stm32f4xx_hal.o
 .ARM.attributes
                0x0000000000000032       0x32 ./system/src/stm32f4-hal/stm32f4xx_hal_cortex.o
 .ARM.attributes
                0x0000000000000064       0x32 ./system/src/stm32f4-hal/stm32f4xx_hal_rcc.o
 .ARM.attributes
                0x0000000000000096       0x32 ./system/src/newlib/assert.o
 .ARM.attributes
                0x00000000000000c8       0x32 ./system/src/newlib/exit.o
 .ARM.attributes
                0x00000000000000fa       0x32 ./system/src/newlib/sbrk.o
 .ARM.attributes
                0x000000000000012c       0x32 ./system/src/newlib/startup.o
 .ARM.attributes
                0x000000000000015e       0x32 ./system/src/newlib/syscalls.o
 .ARM.attributes
                0x0000000000000190       0x32 ./system/src/diag/trace-impl.o
 .ARM.attributes
                0x00000000000001c2       0x32 ./system/src/diag/trace.o
 .ARM.attributes
                0x00000000000001f4       0x32 ./system/src/cortexm/exception-handlers.o
 .ARM.attributes
                0x0000000000000226       0x32 ./system/src/cortexm/initialize-hardware.o
 .ARM.attributes
                0x0000000000000258       0x32 ./system/src/cmsis/system_stm32f4xx.o
 .ARM.attributes
                0x000000000000028a       0x32 ./system/src/cmsis/vectors_stm32f407xx.o
 .ARM.attributes
                0x00000000000002bc       0x32 ./src/initialize-hardware.o
 .ARM.attributes
                0x00000000000002ee       0x32 ./src/main.o
 .ARM.attributes
                0x0000000000000320       0x32 ./src/stm32f4xx_hal_msp.o
 .ARM.attributes
                0x0000000000000352       0x32 ./FreeRTOS Source/portable/MemMang/heap_4.o
 .ARM.attributes
                0x0000000000000384       0x32 ./FreeRTOS Source/portable/GCC/ARM_CM4F/port.o
 .ARM.attributes
                0x00000000000003b6       0x32 ./FreeRTOS Source/list.o
 .ARM.attributes
                0x00000000000003e8       0x32 ./FreeRTOS Source/queue.o
 .ARM.attributes
                0x000000000000041a       0x32 ./FreeRTOS Source/tasks.o
 .ARM.attributes
                0x000000000000044c       0x32 ./FreeRTOS Source/timers.o
 .ARM.attributes
                0x000000000000047e       0x1e /home/osboxes/.local/xPacks/@xpack-dev-tools/arm-none-eabi-gcc/10.2.1-1.1.2/.content/bin/../lib/gcc/arm-none-eabi/10.2.1/thumb/v7e-m+fp/softfp/libgcc.a(_arm_addsubdf3.o)
 .ARM.attributes
                0x000000000000049c       0x1e /home/osboxes/.local/xPacks/@xpack-dev-tools/arm-none-eabi-gcc/10.2.1-1.1.2/.content/bin/../lib/gcc/arm-none-eabi/10.2.1/thumb/v7e-m+fp/softfp/libgcc.a(_arm_muldivdf3.o)
 .ARM.attributes
                0x00000000000004ba       0x1e /home/osboxes/.local/xPacks/@xpack-dev-tools/arm-none-eabi-gcc/10.2.1-1.1.2/.content/bin/../lib/gcc/arm-none-eabi/10.2.1/thumb/v7e-m+fp/softfp/libgcc.a(_arm_cmpdf2.o)
 .ARM.attributes
                0x00000000000004d8       0x1e /home/osboxes/.local/xPacks/@xpack-dev-tools/arm-none-eabi-gcc/10.2.1-1.1.2/.content/bin/../lib/gcc/arm-none-eabi/10.2.1/thumb/v7e-m+fp/softfp/libgcc.a(_aeabi_uldivmod.o)
 .ARM.attributes
                0x00000000000004f6       0x32 /home/osboxes/.local/xPacks/@xpack-dev-tools/arm-none-eabi-gcc/10.2.1-1.1.2/.content/bin/../lib/gcc/arm-none-eabi/10.2.1/thumb/v7e-m+fp/softfp/libgcc.a(_udivmoddi4.o)
 .ARM.attributes
                0x0000000000000528       0x1e /home/osboxes/.local/xPacks/@xpack-dev-tools/arm-none-eabi-gcc/10.2.1-1.1.2/.content/bin/../lib/gcc/arm-none-eabi/10.2.1/thumb/v7e-m+fp/softfp/libgcc.a(_dvmd_tls.o)
 .ARM.attributes
                0x0000000000000546       0x30 /home/osboxes/.local/xPacks/@xpack-dev-tools/arm-none-eabi-gcc/10.2.1-1.1.2/.content/bin/../lib/gcc/arm-none-eabi/10.2.1/../../../../arm-none-eabi/lib/thumb/v7e-m+fp/softfp/libg_nano.a(lib_a-ctype_.o)
 .ARM.attributes
                0x0000000000000576       0x32 /home/osboxes/.local/xPacks/@xpack-dev-tools/arm-none-eabi-gcc/10.2.1-1.1.2/.content/bin/../lib/gcc/arm-none-eabi/10.2.1/../../../../arm-none-eabi/lib/thumb/v7e-m+fp/softfp/libg_nano.a(lib_a-errno.o)
 .ARM.attributes
                0x00000000000005a8       0x32 /home/osboxes/.local/xPacks/@xpack-dev-tools/arm-none-eabi-gcc/10.2.1-1.1.2/.content/bin/../lib/gcc/arm-none-eabi/10.2.1/../../../../arm-none-eabi/lib/thumb/v7e-m+fp/softfp/libg_nano.a(lib_a-findfp.o)
 .ARM.attributes
                0x00000000000005da       0x30 /home/osboxes/.local/xPacks/@xpack-dev-tools/arm-none-eabi-gcc/10.2.1-1.1.2/.content/bin/../lib/gcc/arm-none-eabi/10.2.1/../../../../arm-none-eabi/lib/thumb/v7e-m+fp/softfp/libg_nano.a(lib_a-impure.o)
 .ARM.attributes
                0x000000000000060a       0x32 /home/osboxes/.local/xPacks/@xpack-dev-tools/arm-none-eabi-gcc/10.2.1-1.1.2/.content/bin/../lib/gcc/arm-none-eabi/10.2.1/../../../../arm-none-eabi/lib/thumb/v7e-m+fp/softfp/libg_nano.a(lib_a-lock.o)
 .ARM.attributes
                0x000000000000063c       0x32 /home/osboxes/.local/xPacks/@xpack-dev-tools/arm-none-eabi-gcc/10.2.1-1.1.2/.content/bin/../lib/gcc/arm-none-eabi/10.2.1/../../../../arm-none-eabi/lib/thumb/v7e-m+fp/softfp/libg_nano.a(lib_a-malloc.o)
 .ARM.attributes
                0x000000000000066e       0x32 /home/osboxes/.local/xPacks/@xpack-dev-tools/arm-none-eabi-gcc/10.2.1-1.1.2/.content/bin/../lib/gcc/arm-none-eabi/10.2.1/../../../../arm-none-eabi/lib/thumb/v7e-m+fp/softfp/libg_nano.a(lib_a-memcpy-stub.o)
 .ARM.attributes
                0x00000000000006a0       0x32 /home/osboxes/.local/xPacks/@xpack-dev-tools/arm-none-eabi-gcc/10.2.1-1.1.2/.content/bin/../lib/gcc/arm-none-eabi/10.2.1/../../../../arm-none-eabi/lib/thumb/v7e-m+fp/softfp/libg_nano.a(lib_a-memset.o)
 .ARM.attributes
                0x00000000000006d2       0x32 /home/osboxes/.local/xPacks/@xpack-dev-tools/arm-none-eabi-gcc/10.2.1-1.1.2/.content/bin/../lib/gcc/arm-none-eabi/10.2.1/../../../../arm-none-eabi/lib/thumb/v7e-m+fp/softfp/libg_nano.a(lib_a-nano-freer.o)
 .ARM.attributes
                0x0000000000000704       0x32 /home/osboxes/.local/xPacks/@xpack-dev-tools/arm-none-eabi-gcc/10.2.1-1.1.2/.content/bin/../lib/gcc/arm-none-eabi/10.2.1/../../../../arm-none-eabi/lib/thumb/v7e-m+fp/softfp/libg_nano.a(lib_a-nano-mallocr.o)
 .ARM.attributes
                0x0000000000000736       0x32 /home/osboxes/.local/xPacks/@xpack-dev-tools/arm-none-eabi-gcc/10.2.1-1.1.2/.content/bin/../lib/gcc/arm-none-eabi/10.2.1/../../../../arm-none-eabi/lib/thumb/v7e-m+fp/softfp/libg_nano.a(lib_a-rand.o)
 .ARM.attributes
                0x0000000000000768       0x32 /home/osboxes/.local/xPacks/@xpack-dev-tools/arm-none-eabi-gcc/10.2.1-1.1.2/.content/bin/../lib/gcc/arm-none-eabi/10.2.1/../../../../arm-none-eabi/lib/thumb/v7e-m+fp/softfp/libg_nano.a(lib_a-sbrkr.o)
 .ARM.attributes
                0x000000000000079a       0x1c /home/osboxes/.local/xPacks/@xpack-dev-tools/arm-none-eabi-gcc/10.2.1-1.1.2/.content/bin/../lib/gcc/arm-none-eabi/10.2.1/../../../../arm-none-eabi/lib/thumb/v7e-m+fp/softfp/libg_nano.a(lib_a-strcmp.o)
 .ARM.attributes
                0x00000000000007b6       0x17 /home/osboxes/.local/xPacks/@xpack-dev-tools/arm-none-eabi-gcc/10.2.1-1.1.2/.content/bin/../lib/gcc/arm-none-eabi/10.2.1/../../../../arm-none-eabi/lib/thumb/v7e-m+fp/softfp/libg_nano.a(lib_a-strlen.o)
 .ARM.attributes
                0x00000000000007cd       0x32 /home/osboxes/.local/xPacks/@xpack-dev-tools/arm-none-eabi-gcc/10.2.1-1.1.2/.content/bin/../lib/gcc/arm-none-eabi/10.2.1/../../../../arm-none-eabi/lib/thumb/v7e-m+fp/softfp/libg_nano.a(lib_a-time.o)
 .ARM.attributes
                0x00000000000007ff       0x32 /home/osboxes/.local/xPacks/@xpack-dev-tools/arm-none-eabi-gcc/10.2.1-1.1.2/.content/bin/../lib/gcc/arm-none-eabi/10.2.1/../../../../arm-none-eabi/lib/thumb/v7e-m+fp/softfp/libg_nano.a(lib_a-vsnprintf.o)
 .ARM.attributes
                0x0000000000000831       0x32 /home/osboxes/.local/xPacks/@xpack-dev-tools/arm-none-eabi-gcc/10.2.1-1.1.2/.content/bin/../lib/gcc/arm-none-eabi/10.2.1/../../../../arm-none-eabi/lib/thumb/v7e-m+fp/softfp/libg_nano.a(lib_a-gettimeofdayr.o)
 .ARM.attributes
                0x0000000000000863       0x32 /home/osboxes/.local/xPacks/@xpack-dev-tools/arm-none-eabi-gcc/10.2.1-1.1.2/.content/bin/../lib/gcc/arm-none-eabi/10.2.1/../../../../arm-none-eabi/lib/thumb/v7e-m+fp/softfp/libg_nano.a(lib_a-mlock.o)
 .ARM.attributes
                0x0000000000000895       0x32 /home/osboxes/.local/xPacks/@xpack-dev-tools/arm-none-eabi-gcc/10.2.1-1.1.2/.content/bin/../lib/gcc/arm-none-eabi/10.2.1/../../../../arm-none-eabi/lib/thumb/v7e-m+fp/softfp/libg_nano.a(lib_a-nano-svfprintf.o)
 .ARM.attributes
                0x00000000000008c7       0x32 /home/osboxes/.local/xPacks/@xpack-dev-tools/arm-none-eabi-gcc/10.2.1-1.1.2/.content/bin/../lib/gcc/arm-none-eabi/10.2.1/../../../../arm-none-eabi/lib/thumb/v7e-m+fp/softfp/libg_nano.a(lib_a-nano-vfprintf_i.o)
 .ARM.attributes
                0x00000000000008f9       0x1c /home/osboxes/.local/xPacks/@xpack-dev-tools/arm-none-eabi-gcc/10.2.1-1.1.2/.content/bin/../lib/gcc/arm-none-eabi/10.2.1/../../../../arm-none-eabi/lib/thumb/v7e-m+fp/softfp/libg_nano.a(lib_a-memchr.o)
 .ARM.attributes
                0x0000000000000915       0x32 /home/osboxes/.local/xPacks/@xpack-dev-tools/arm-none-eabi-gcc/10.2.1-1.1.2/.content/bin/../lib/gcc/arm-none-eabi/10.2.1/../../../../arm-none-eabi/lib/thumb/v7e-m+fp/softfp/libg_nano.a(lib_a-memmove.o)
 .ARM.attributes
                0x0000000000000947       0x32 /home/osboxes/.local/xPacks/@xpack-dev-tools/arm-none-eabi-gcc/10.2.1-1.1.2/.content/bin/../lib/gcc/arm-none-eabi/10.2.1/../../../../arm-none-eabi/lib/thumb/v7e-m+fp/softfp/libg_nano.a(lib_a-nano-reallocr.o)
 .ARM.attributes
                0x0000000000000979       0x32 /home/osboxes/.local/xPacks/@xpack-dev-tools/arm-none-eabi-gcc/10.2.1-1.1.2/.content/bin/../lib/gcc/arm-none-eabi/10.2.1/../../../../arm-none-eabi/lib/thumb/v7e-m+fp/softfp/libg_nano.a(lib_a-nano-msizer.o)

.debug
 *(.debug)

.line
 *(.line)

.debug_srcinfo
 *(.debug_srcinfo)

.debug_sfnames
 *(.debug_sfnames)

.debug_aranges  0x0000000000000000      0xb00
 *(.debug_aranges)
 .debug_aranges
                0x0000000000000000       0xf0 ./system/src/stm32f4-hal/stm32f4xx_hal.o
 .debug_aranges
                0x00000000000000f0       0xa8 ./system/src/stm32f4-hal/stm32f4xx_hal_cortex.o
 .debug_aranges
                0x0000000000000198       0x88 ./system/src/stm32f4-hal/stm32f4xx_hal_rcc.o
 .debug_aranges
                0x0000000000000220       0x28 ./system/src/newlib/assert.o
 .debug_aranges
                0x0000000000000248       0x28 ./system/src/newlib/exit.o
 .debug_aranges
                0x0000000000000270       0x20 ./system/src/newlib/sbrk.o
 .debug_aranges
                0x0000000000000290       0x40 ./system/src/newlib/startup.o
 .debug_aranges
                0x00000000000002d0      0x120 ./system/src/newlib/syscalls.o
 .debug_aranges
                0x00000000000003f0       0x30 ./system/src/diag/trace-impl.o
 .debug_aranges
                0x0000000000000420       0x38 ./system/src/diag/trace.o
 .debug_aranges
                0x0000000000000458       0x90 ./system/src/cortexm/exception-handlers.o
 .debug_aranges
                0x00000000000004e8       0x28 ./system/src/cortexm/initialize-hardware.o
 .debug_aranges
                0x0000000000000510       0x28 ./system/src/cmsis/system_stm32f4xx.o
 .debug_aranges
                0x0000000000000538       0x20 ./system/src/cmsis/vectors_stm32f407xx.o
 .debug_aranges
                0x0000000000000558       0x30 ./src/initialize-hardware.o
 .debug_aranges
                0x0000000000000588       0x90 ./src/main.o
 .debug_aranges
                0x0000000000000618       0x38 ./src/stm32f4xx_hal_msp.o
 .debug_aranges
                0x0000000000000650       0x50 ./FreeRTOS Source/portable/MemMang/heap_4.o
 .debug_aranges
                0x00000000000006a0       0x78 ./FreeRTOS Source/portable/GCC/ARM_CM4F/port.o
 .debug_aranges
                0x0000000000000718       0x40 ./FreeRTOS Source/list.o
 .debug_aranges
                0x0000000000000758      0x118 ./FreeRTOS Source/queue.o
 .debug_aranges
                0x0000000000000870      0x1d8 ./FreeRTOS Source/tasks.o
 .debug_aranges
                0x0000000000000a48       0xb8 ./FreeRTOS Source/timers.o

.debug_pubnames
 *(.debug_pubnames)

.debug_info     0x0000000000000000     0xf2ab
 *(.debug_info .gnu.linkonce.wi.*)
 .debug_info    0x0000000000000000      0xa37 ./system/src/stm32f4-hal/stm32f4xx_hal.o
 .debug_info    0x0000000000000a37     0x1340 ./system/src/stm32f4-hal/stm32f4xx_hal_cortex.o
 .debug_info    0x0000000000001d77      0xda2 ./system/src/stm32f4-hal/stm32f4xx_hal_rcc.o
 .debug_info    0x0000000000002b19      0x1d9 ./system/src/newlib/assert.o
 .debug_info    0x0000000000002cf2       0xf2 ./system/src/newlib/exit.o
 .debug_info    0x0000000000002de4      0x112 ./system/src/newlib/sbrk.o
 .debug_info    0x0000000000002ef6      0x57f ./system/src/newlib/startup.o
 .debug_info    0x0000000000003475     0x22f4 ./system/src/newlib/syscalls.o
 .debug_info    0x0000000000005769      0x320 ./system/src/diag/trace-impl.o
 .debug_info    0x0000000000005a89      0x30b ./system/src/diag/trace.o
 .debug_info    0x0000000000005d94      0xa4f ./system/src/cortexm/exception-handlers.o
 .debug_info    0x00000000000067e3      0x2cb ./system/src/cortexm/initialize-hardware.o
 .debug_info    0x0000000000006aae      0x53c ./system/src/cmsis/system_stm32f4xx.o
 .debug_info    0x0000000000006fea       0xce ./system/src/cmsis/vectors_stm32f407xx.o
 .debug_info    0x00000000000070b8      0x59b ./src/initialize-hardware.o
 .debug_info    0x0000000000007653     0x13b0 ./src/main.o
 .debug_info    0x0000000000008a03       0xbf ./src/stm32f4xx_hal_msp.o
 .debug_info    0x0000000000008ac2      0x4c8 ./FreeRTOS Source/portable/MemMang/heap_4.o
 .debug_info    0x0000000000008f8a      0x534 ./FreeRTOS Source/portable/GCC/ARM_CM4F/port.o
 .debug_info    0x00000000000094be      0x2d9 ./FreeRTOS Source/list.o
 .debug_info    0x0000000000009797     0x1cfd ./FreeRTOS Source/queue.o
 .debug_info    0x000000000000b494     0x2c5c ./FreeRTOS Source/tasks.o
 .debug_info    0x000000000000e0f0     0x11bb ./FreeRTOS Source/timers.o

.debug_abbrev   0x0000000000000000     0x2bc7
 *(.debug_abbrev)
 .debug_abbrev  0x0000000000000000      0x209 ./system/src/stm32f4-hal/stm32f4xx_hal.o
 .debug_abbrev  0x0000000000000209      0x38a ./system/src/stm32f4-hal/stm32f4xx_hal_cortex.o
 .debug_abbrev  0x0000000000000593      0x2a0 ./system/src/stm32f4-hal/stm32f4xx_hal_rcc.o
 .debug_abbrev  0x0000000000000833       0xb6 ./system/src/newlib/assert.o
 .debug_abbrev  0x00000000000008e9       0x97 ./system/src/newlib/exit.o
 .debug_abbrev  0x0000000000000980       0xcd ./system/src/newlib/sbrk.o
 .debug_abbrev  0x0000000000000a4d      0x1fa ./system/src/newlib/startup.o
 .debug_abbrev  0x0000000000000c47      0x499 ./system/src/newlib/syscalls.o
 .debug_abbrev  0x00000000000010e0      0x1eb ./system/src/diag/trace-impl.o
 .debug_abbrev  0x00000000000012cb      0x173 ./system/src/diag/trace.o
 .debug_abbrev  0x000000000000143e      0x2ba ./system/src/cortexm/exception-handlers.o
 .debug_abbrev  0x00000000000016f8       0xe9 ./system/src/cortexm/initialize-hardware.o
 .debug_abbrev  0x00000000000017e1      0x11c ./system/src/cmsis/system_stm32f4xx.o
 .debug_abbrev  0x00000000000018fd       0xa5 ./system/src/cmsis/vectors_stm32f407xx.o
 .debug_abbrev  0x00000000000019a2      0x170 ./src/initialize-hardware.o
 .debug_abbrev  0x0000000000001b12      0x264 ./src/main.o
 .debug_abbrev  0x0000000000001d76       0x47 ./src/stm32f4xx_hal_msp.o
 .debug_abbrev  0x0000000000001dbd      0x259 ./FreeRTOS Source/portable/MemMang/heap_4.o
 .debug_abbrev  0x0000000000002016      0x239 ./FreeRTOS Source/portable/GCC/ARM_CM4F/port.o
 .debug_abbrev  0x000000000000224f      0x102 ./FreeRTOS Source/list.o
 .debug_abbrev  0x0000000000002351      0x2e4 ./FreeRTOS Source/queue.o
 .debug_abbrev  0x0000000000002635      0x35c ./FreeRTOS Source/tasks.o
 .debug_abbrev  0x0000000000002991      0x236 ./FreeRTOS Source/timers.o

.debug_line     0x0000000000000000    0x11a71
 *(.debug_line)
 .debug_line    0x0000000000000000      0xd72 ./system/src/stm32f4-hal/stm32f4xx_hal.o
 .debug_line    0x0000000000000d72     0x10ba ./system/src/stm32f4-hal/stm32f4xx_hal_cortex.o
 .debug_line    0x0000000000001e2c     0x1455 ./system/src/stm32f4-hal/stm32f4xx_hal_rcc.o
 .debug_line    0x0000000000003281      0x42b ./system/src/newlib/assert.o
 .debug_line    0x00000000000036ac      0x3e5 ./system/src/newlib/exit.o
 .debug_line    0x0000000000003a91      0x3cf ./system/src/newlib/sbrk.o
 .debug_line    0x0000000000003e60      0x6c4 ./system/src/newlib/startup.o
 .debug_line    0x0000000000004524     0x119c ./system/src/newlib/syscalls.o
 .debug_line    0x00000000000056c0      0xc23 ./system/src/diag/trace-impl.o
 .debug_line    0x00000000000062e3      0x4c2 ./system/src/diag/trace.o
 .debug_line    0x00000000000067a5      0xf91 ./system/src/cortexm/exception-handlers.o
 .debug_line    0x0000000000007736      0xa3a ./system/src/cortexm/initialize-hardware.o
 .debug_line    0x0000000000008170      0xacc ./system/src/cmsis/system_stm32f4xx.o
 .debug_line    0x0000000000008c3c      0x2d2 ./system/src/cmsis/vectors_stm32f407xx.o
 .debug_line    0x0000000000008f0e      0xbe7 ./src/initialize-hardware.o
 .debug_line    0x0000000000009af5      0xb30 ./src/main.o
 .debug_line    0x000000000000a625      0xa2a ./src/stm32f4xx_hal_msp.o
 .debug_line    0x000000000000b04f      0x91d ./FreeRTOS Source/portable/MemMang/heap_4.o
 .debug_line    0x000000000000b96c      0x87e ./FreeRTOS Source/portable/GCC/ARM_CM4F/port.o
 .debug_line    0x000000000000c1ea      0x60a ./FreeRTOS Source/list.o
 .debug_line    0x000000000000c7f4     0x1aee ./FreeRTOS Source/queue.o
 .debug_line    0x000000000000e2e2     0x29ce ./FreeRTOS Source/tasks.o
 .debug_line    0x0000000000010cb0      0xdc1 ./FreeRTOS Source/timers.o

.debug_frame    0x0000000000000000     0x24b4
 *(.debug_frame)
 .debug_frame   0x0000000000000000      0x1f0 ./system/src/stm32f4-hal/stm32f4xx_hal.o
 .debug_frame   0x00000000000001f0      0x19c ./system/src/stm32f4-hal/stm32f4xx_hal_cortex.o
 .debug_frame   0x000000000000038c      0x16c ./system/src/stm32f4-hal/stm32f4xx_hal_rcc.o
 .debug_frame   0x00000000000004f8       0x40 ./system/src/newlib/assert.o
 .debug_frame   0x0000000000000538       0x38 ./system/src/newlib/exit.o
 .debug_frame   0x0000000000000570       0x28 ./system/src/newlib/sbrk.o
 .debug_frame   0x0000000000000598       0x7c ./system/src/newlib/startup.o
 .debug_frame   0x0000000000000614      0x3d8 ./system/src/newlib/syscalls.o
 .debug_frame   0x00000000000009ec       0x64 ./system/src/diag/trace-impl.o
 .debug_frame   0x0000000000000a50       0x94 ./system/src/diag/trace.o
 .debug_frame   0x0000000000000ae4      0x164 ./system/src/cortexm/exception-handlers.o
 .debug_frame   0x0000000000000c48       0x40 ./system/src/cortexm/initialize-hardware.o
 .debug_frame   0x0000000000000c88       0x30 ./system/src/cmsis/system_stm32f4xx.o
 .debug_frame   0x0000000000000cb8       0x20 ./system/src/cmsis/vectors_stm32f407xx.o
 .debug_frame   0x0000000000000cd8       0x60 ./src/initialize-hardware.o
 .debug_frame   0x0000000000000d38      0x1a4 ./src/main.o
 .debug_frame   0x0000000000000edc       0x50 ./src/stm32f4xx_hal_msp.o
 .debug_frame   0x0000000000000f2c       0xb0 ./FreeRTOS Source/portable/MemMang/heap_4.o
 .debug_frame   0x0000000000000fdc       0xf0 ./FreeRTOS Source/portable/GCC/ARM_CM4F/port.o
 .debug_frame   0x00000000000010cc       0x70 ./FreeRTOS Source/list.o
 .debug_frame   0x000000000000113c      0x378 ./FreeRTOS Source/queue.o
 .debug_frame   0x00000000000014b4      0x5d8 ./FreeRTOS Source/tasks.o
 .debug_frame   0x0000000000001a8c      0x234 ./FreeRTOS Source/timers.o
 .debug_frame   0x0000000000001cc0       0xac /home/osboxes/.local/xPacks/@xpack-dev-tools/arm-none-eabi-gcc/10.2.1-1.1.2/.content/bin/../lib/gcc/arm-none-eabi/10.2.1/thumb/v7e-m+fp/softfp/libgcc.a(_arm_addsubdf3.o)
 .debug_frame   0x0000000000001d6c       0x50 /home/osboxes/.local/xPacks/@xpack-dev-tools/arm-none-eabi-gcc/10.2.1-1.1.2/.content/bin/../lib/gcc/arm-none-eabi/10.2.1/thumb/v7e-m+fp/softfp/libgcc.a(_arm_muldivdf3.o)
 .debug_frame   0x0000000000001dbc       0xc4 /home/osboxes/.local/xPacks/@xpack-dev-tools/arm-none-eabi-gcc/10.2.1-1.1.2/.content/bin/../lib/gcc/arm-none-eabi/10.2.1/thumb/v7e-m+fp/softfp/libgcc.a(_arm_cmpdf2.o)
 .debug_frame   0x0000000000001e80       0x2c /home/osboxes/.local/xPacks/@xpack-dev-tools/arm-none-eabi-gcc/10.2.1-1.1.2/.content/bin/../lib/gcc/arm-none-eabi/10.2.1/thumb/v7e-m+fp/softfp/libgcc.a(_aeabi_uldivmod.o)
 .debug_frame   0x0000000000001eac       0x34 /home/osboxes/.local/xPacks/@xpack-dev-tools/arm-none-eabi-gcc/10.2.1-1.1.2/.content/bin/../lib/gcc/arm-none-eabi/10.2.1/thumb/v7e-m+fp/softfp/libgcc.a(_udivmoddi4.o)
 .debug_frame   0x0000000000001ee0       0x20 /home/osboxes/.local/xPacks/@xpack-dev-tools/arm-none-eabi-gcc/10.2.1-1.1.2/.content/bin/../lib/gcc/arm-none-eabi/10.2.1/../../../../arm-none-eabi/lib/thumb/v7e-m+fp/softfp/libg_nano.a(lib_a-errno.o)
 .debug_frame   0x0000000000001f00      0x14c /home/osboxes/.local/xPacks/@xpack-dev-tools/arm-none-eabi-gcc/10.2.1-1.1.2/.content/bin/../lib/gcc/arm-none-eabi/10.2.1/../../../../arm-none-eabi/lib/thumb/v7e-m+fp/softfp/libg_nano.a(lib_a-findfp.o)
 .debug_frame   0x000000000000204c       0xb0 /home/osboxes/.local/xPacks/@xpack-dev-tools/arm-none-eabi-gcc/10.2.1-1.1.2/.content/bin/../lib/gcc/arm-none-eabi/10.2.1/../../../../arm-none-eabi/lib/thumb/v7e-m+fp/softfp/libg_nano.a(lib_a-lock.o)
 .debug_frame   0x00000000000020fc       0x30 /home/osboxes/.local/xPacks/@xpack-dev-tools/arm-none-eabi-gcc/10.2.1-1.1.2/.content/bin/../lib/gcc/arm-none-eabi/10.2.1/../../../../arm-none-eabi/lib/thumb/v7e-m+fp/softfp/libg_nano.a(lib_a-malloc.o)
 .debug_frame   0x000000000000212c       0x28 /home/osboxes/.local/xPacks/@xpack-dev-tools/arm-none-eabi-gcc/10.2.1-1.1.2/.content/bin/../lib/gcc/arm-none-eabi/10.2.1/../../../../arm-none-eabi/lib/thumb/v7e-m+fp/softfp/libg_nano.a(lib_a-memcpy-stub.o)
 .debug_frame   0x0000000000002154       0x20 /home/osboxes/.local/xPacks/@xpack-dev-tools/arm-none-eabi-gcc/10.2.1-1.1.2/.content/bin/../lib/gcc/arm-none-eabi/10.2.1/../../../../arm-none-eabi/lib/thumb/v7e-m+fp/softfp/libg_nano.a(lib_a-memset.o)
 .debug_frame   0x0000000000002174       0x38 /home/osboxes/.local/xPacks/@xpack-dev-tools/arm-none-eabi-gcc/10.2.1-1.1.2/.content/bin/../lib/gcc/arm-none-eabi/10.2.1/../../../../arm-none-eabi/lib/thumb/v7e-m+fp/softfp/libg_nano.a(lib_a-nano-freer.o)
 .debug_frame   0x00000000000021ac       0x30 /home/osboxes/.local/xPacks/@xpack-dev-tools/arm-none-eabi-gcc/10.2.1-1.1.2/.content/bin/../lib/gcc/arm-none-eabi/10.2.1/../../../../arm-none-eabi/lib/thumb/v7e-m+fp/softfp/libg_nano.a(lib_a-nano-mallocr.o)
 .debug_frame   0x00000000000021dc       0x44 /home/osboxes/.local/xPacks/@xpack-dev-tools/arm-none-eabi-gcc/10.2.1-1.1.2/.content/bin/../lib/gcc/arm-none-eabi/10.2.1/../../../../arm-none-eabi/lib/thumb/v7e-m+fp/softfp/libg_nano.a(lib_a-rand.o)
 .debug_frame   0x0000000000002220       0x2c /home/osboxes/.local/xPacks/@xpack-dev-tools/arm-none-eabi-gcc/10.2.1-1.1.2/.content/bin/../lib/gcc/arm-none-eabi/10.2.1/../../../../arm-none-eabi/lib/thumb/v7e-m+fp/softfp/libg_nano.a(lib_a-sbrkr.o)
 .debug_frame   0x000000000000224c       0x20 /home/osboxes/.local/xPacks/@xpack-dev-tools/arm-none-eabi-gcc/10.2.1-1.1.2/.content/bin/../lib/gcc/arm-none-eabi/10.2.1/../../../../arm-none-eabi/lib/thumb/v7e-m+fp/softfp/libg_nano.a(lib_a-strcmp.o)
 .debug_frame   0x000000000000226c       0x2c /home/osboxes/.local/xPacks/@xpack-dev-tools/arm-none-eabi-gcc/10.2.1-1.1.2/.content/bin/../lib/gcc/arm-none-eabi/10.2.1/../../../../arm-none-eabi/lib/thumb/v7e-m+fp/softfp/libg_nano.a(lib_a-time.o)
 .debug_frame   0x0000000000002298       0x4c /home/osboxes/.local/xPacks/@xpack-dev-tools/arm-none-eabi-gcc/10.2.1-1.1.2/.content/bin/../lib/gcc/arm-none-eabi/10.2.1/../../../../arm-none-eabi/lib/thumb/v7e-m+fp/softfp/libg_nano.a(lib_a-vsnprintf.o)
 .debug_frame   0x00000000000022e4       0x2c /home/osboxes/.local/xPacks/@xpack-dev-tools/arm-none-eabi-gcc/10.2.1-1.1.2/.content/bin/../lib/gcc/arm-none-eabi/10.2.1/../../../../arm-none-eabi/lib/thumb/v7e-m+fp/softfp/libg_nano.a(lib_a-gettimeofdayr.o)
 .debug_frame   0x0000000000002310       0x30 /home/osboxes/.local/xPacks/@xpack-dev-tools/arm-none-eabi-gcc/10.2.1-1.1.2/.content/bin/../lib/gcc/arm-none-eabi/10.2.1/../../../../arm-none-eabi/lib/thumb/v7e-m+fp/softfp/libg_nano.a(lib_a-mlock.o)
 .debug_frame   0x0000000000002340       0x90 /home/osboxes/.local/xPacks/@xpack-dev-tools/arm-none-eabi-gcc/10.2.1-1.1.2/.content/bin/../lib/gcc/arm-none-eabi/10.2.1/../../../../arm-none-eabi/lib/thumb/v7e-m+fp/softfp/libg_nano.a(lib_a-nano-svfprintf.o)
 .debug_frame   0x00000000000023d0       0x60 /home/osboxes/.local/xPacks/@xpack-dev-tools/arm-none-eabi-gcc/10.2.1-1.1.2/.content/bin/../lib/gcc/arm-none-eabi/10.2.1/../../../../arm-none-eabi/lib/thumb/v7e-m+fp/softfp/libg_nano.a(lib_a-nano-vfprintf_i.o)
 .debug_frame   0x0000000000002430       0x28 /home/osboxes/.local/xPacks/@xpack-dev-tools/arm-none-eabi-gcc/10.2.1-1.1.2/.content/bin/../lib/gcc/arm-none-eabi/10.2.1/../../../../arm-none-eabi/lib/thumb/v7e-m+fp/softfp/libg_nano.a(lib_a-memmove.o)
 .debug_frame   0x0000000000002458       0x3c /home/osboxes/.local/xPacks/@xpack-dev-tools/arm-none-eabi-gcc/10.2.1-1.1.2/.content/bin/../lib/gcc/arm-none-eabi/10.2.1/../../../../arm-none-eabi/lib/thumb/v7e-m+fp/softfp/libg_nano.a(lib_a-nano-reallocr.o)
 .debug_frame   0x0000000000002494       0x20 /home/osboxes/.local/xPacks/@xpack-dev-tools/arm-none-eabi-gcc/10.2.1-1.1.2/.content/bin/../lib/gcc/arm-none-eabi/10.2.1/../../../../arm-none-eabi/lib/thumb/v7e-m+fp/softfp/libg_nano.a(lib_a-nano-msizer.o)

.debug_str      0x0000000000000000    0xff030
 *(.debug_str)
 .debug_str     0x0000000000000000    0xeebbb ./system/src/stm32f4-hal/stm32f4xx_hal.o
                                      0xeef50 (size before relaxing)
 .debug_str     0x00000000000eebbb      0x3ac ./system/src/stm32f4-hal/stm32f4xx_hal_cortex.o
                                      0xeec8f (size before relaxing)
 .debug_str     0x00000000000eef67      0x41f ./system/src/stm32f4-hal/stm32f4xx_hal_rcc.o
                                      0xee809 (size before relaxing)
 .debug_str     0x00000000000ef386     0x4255 ./system/src/newlib/assert.o
                                       0x822a (size before relaxing)
 .debug_str     0x00000000000f35db       0x2d ./system/src/newlib/exit.o
                                       0x775c (size before relaxing)
 .debug_str     0x00000000000f3608      0x35d ./system/src/newlib/sbrk.o
                                       0x6b3d (size before relaxing)
 .debug_str     0x00000000000f3965      0x2c5 ./system/src/newlib/startup.o
                                       0x6367 (size before relaxing)
 .debug_str     0x00000000000f3c2a     0x2fb8 ./system/src/newlib/syscalls.o
                                       0xb5b4 (size before relaxing)
 .debug_str     0x00000000000f6be2       0xae ./system/src/diag/trace-impl.o
                                      0xf1620 (size before relaxing)
 .debug_str     0x00000000000f6c90      0x14a ./system/src/diag/trace.o
                                       0x7ee3 (size before relaxing)
 .debug_str     0x00000000000f6dda      0x1b1 ./system/src/cortexm/exception-handlers.o
                                      0xf2816 (size before relaxing)
 .debug_str     0x00000000000f6f8b       0x5d ./system/src/cortexm/initialize-hardware.o
                                      0xee2ef (size before relaxing)
 .debug_str     0x00000000000f6fe8       0x46 ./system/src/cmsis/system_stm32f4xx.o
                                      0xee3dd (size before relaxing)